ARM Linker, 4.1 [Build 481] [Standard]

==============================================================================

Section Cross References

    startup_stm32f10x_hd.o(STACK) refers (Special) to heapauxi.o(.text) for __use_two_region_memory
    startup_stm32f10x_hd.o(HEAP) refers (Special) to heapauxi.o(.text) for __use_two_region_memory
    startup_stm32f10x_hd.o(RESET) refers (Special) to heapauxi.o(.text) for __use_two_region_memory
    startup_stm32f10x_hd.o(RESET) refers to startup_stm32f10x_hd.o(.text) for Reset_Handler
    startup_stm32f10x_hd.o(RESET) refers to stm32f10x_it.o(.text) for NMI_Handler
    startup_stm32f10x_hd.o(RESET) refers to os_cpu_a.o(.text) for OS_CPU_PendSVHandler
    startup_stm32f10x_hd.o(.text) refers (Special) to heapauxi.o(.text) for __use_two_region_memory
    startup_stm32f10x_hd.o(.text) refers to startup_stm32f10x_hd.o(STACK) for __initial_sp
    startup_stm32f10x_hd.o(.text) refers to __main.o(!!!main) for __main
    startup_stm32f10x_hd.o(.text) refers to startup_stm32f10x_hd.o(HEAP) for Heap_Mem
    stm32f10x_adc.o(.text) refers to stm32f10x_rcc.o(.text) for RCC_APB2PeriphResetCmd
    stm32f10x_bkp.o(.text) refers to stm32f10x_rcc.o(.text) for RCC_BackupResetCmd
    stm32f10x_can.o(.text) refers to stm32f10x_rcc.o(.text) for RCC_APB1PeriphResetCmd
    stm32f10x_dac.o(.text) refers to stm32f10x_rcc.o(.text) for RCC_APB1PeriphResetCmd
    stm32f10x_gpio.o(.text) refers to stm32f10x_rcc.o(.text) for RCC_APB2PeriphResetCmd
    stm32f10x_i2c.o(.text) refers to stm32f10x_rcc.o(.text) for RCC_APB1PeriphResetCmd
    stm32f10x_pwr.o(.text) refers to stm32f10x_rcc.o(.text) for RCC_APB1PeriphResetCmd
    stm32f10x_rcc.o(.text) refers to stm32f10x_rcc.o(.data) for APBAHBPrescTable
    stm32f10x_spi.o(.text) refers to stm32f10x_rcc.o(.text) for RCC_APB2PeriphResetCmd
    stm32f10x_tim.o(.text) refers to stm32f10x_rcc.o(.text) for RCC_APB2PeriphResetCmd
    stm32f10x_usart.o(.text) refers to stm32f10x_rcc.o(.text) for RCC_APB2PeriphResetCmd
    stm32f10x_wwdg.o(.text) refers to stm32f10x_rcc.o(.text) for RCC_APB1PeriphResetCmd
    app.o(.text) refers to stm32f10x_gpio.o(.text) for GPIO_ResetBits
    app.o(.text) refers to os_time.o(.text) for OSTimeDlyHMSM
    app.o(.text) refers to lcd_botton.o(.text) for LCD_GPIO_Config
    app.o(.text) refers to touch.o(.text) for Touch_init
    app.o(.text) refers to os_task.o(.text) for OSTaskCreate
    app.o(.text) refers to gui_touch_driveranalog.o(.text) for GUI_TOUCH_Exec
    app.o(.text) refers to gui_touch.o(.text) for GUI_TOUCH_GetState
    app.o(.text) refers to guicore.o(.text) for GUI_Init
    app.o(.text) refers to my_ui.o(.text) for MainMenu_Init
    app.o(.text) refers to gui_onkey.o(.text) for GUI_GetKey
    app.o(.text) refers to gui_exec.o(.text) for GUI_Exec
    app.o(.text) refers to app.o(.bss) for TASK_LED_STK
    app.o(.text) refers to my_ui.o(.data) for TouchFlag
    my_ui.o(.text) refers to wm_move.o(.text) for WM_MoveWindow
    my_ui.o(.text) refers to gui_exec.o(.text) for GUI_Exec
    my_ui.o(.text) refers to h1_alloc.o(.text) for malloc
    my_ui.o(.text) refers to framewin_default.o(.text) for FRAMEWIN_SetDefaultFont
    my_ui.o(.text) refers to scrollbar_defaults.o(.text) for SCROLLBAR_SetDefaultWidth
    my_ui.o(.text) refers to listbox_default.o(.text) for LISTBOX_SetDefaultBkColor
    my_ui.o(.text) refers to gui_setcolor.o(.text) for GUI_SetBkColor
    my_ui.o(.text) refers to wm_setdesktopcolor.o(.text) for WM_SetDesktopColor
    my_ui.o(.text) refers to wm_getdesktopwindow.o(.text) for WM_GetDesktopWindow
    my_ui.o(.text) refers to button_create.o(.text) for BUTTON_Create
    my_ui.o(.text) refers to button_settextalign.o(.text) for BUTTON_SetTextAlign
    my_ui.o(.text) refers to button.o(.text) for BUTTON_SetTextColor
    my_ui.o(.text) refers to wm_getorg.o(.text) for WM_GetWindowOrgY
    my_ui.o(.text) refers to h1_free.o(.text) for free
    my_ui.o(.text) refers to wm.o(.text) for WM_DeleteWindow
    my_ui.o(.text) refers to my_ui.o(.data) for TouchSum
    my_ui.o(.text) refers to f13_ascii.o(.constdata) for GUI_Font13_ASCII
    my_ui.o(.text) refers to my_ui.o(.bss) for hButton_mainmenu
    my_ui.o(.text) refers to gui_touch.o(.text) for GUI_TOUCH_GetState
    my_ui.o(.text) refers to gui_onkey.o(.text) for GUI_GetKey
    my_ui.o(.text) refers to wm_getwindowsize.o(.text) for WM_GetWindowSizeY
    bsp.o(.text) refers to system_stm32f10x.o(.text) for SystemInit
    bsp.o(.text) refers to led.o(.text) for LED_GPIO_Config
    bsp.o(.text) refers to system_stm32f10x.o(.constdata) for SystemFrequency
    lcd_botton.o(.text) refers to stm32f10x_rcc.o(.text) for RCC_AHBPeriphClockCmd
    lcd_botton.o(.text) refers to stm32f10x_gpio.o(.text) for GPIO_Init
    lcd_botton.o(.text) refers to stm32f10x_fsmc.o(.text) for FSMC_NORSRAMInit
    lcd_botton.o(.text) refers to lcd_botton.o(.data) for display_direction
    led.o(.text) refers to stm32f10x_rcc.o(.text) for RCC_APB2PeriphClockCmd
[...]
    ..\ucGUI3.90\GUI\JPEG\jdsample.c         0x00000000   Number         0  jdsample.o ABSOLUTE
    ..\ucGUI3.90\GUI\JPEG\jdtrans.c          0x00000000   Number         0  jdtrans.o ABSOLUTE
    ..\ucGUI3.90\GUI\JPEG\jerror.c           0x00000000   Number         0  jerror.o ABSOLUTE
    ..\ucGUI3.90\GUI\JPEG\jfdctflt.c         0x00000000   Number         0  jfdctflt.o ABSOLUTE
    ..\ucGUI3.90\GUI\JPEG\jfdctfst.c         0x00000000   Number         0  jfdctfst.o ABSOLUTE
    ..\ucGUI3.90\GUI\JPEG\jfdctint.c         0x00000000   Number         0  jfdctint.o ABSOLUTE
    ..\ucGUI3.90\GUI\JPEG\jidctflt.c         0x00000000   Number         0  jidctflt.o ABSOLUTE
    ..\ucGUI3.90\GUI\JPEG\jidctfst.c         0x00000000   Number         0  jidctfst.o ABSOLUTE
    ..\ucGUI3.90\GUI\JPEG\jidctint.c         0x00000000   Number         0  jidctint.o ABSOLUTE
    ..\ucGUI3.90\GUI\JPEG\jidctred.c         0x00000000   Number         0  jidctred.o ABSOLUTE
    ..\ucGUI3.90\GUI\JPEG\jmemmgr.c          0x00000000   Number         0  jmemmgr.o ABSOLUTE
    ..\ucGUI3.90\GUI\JPEG\jquant1.c          0x00000000   Number         0  jquant1.o ABSOLUTE
    ..\ucGUI3.90\GUI\JPEG\jquant2.c          0x00000000   Number         0  jquant2.o ABSOLUTE
    ..\ucGUI3.90\GUI\JPEG\jutils.c           0x00000000   Number         0  jutils.o ABSOLUTE
    ..\ucGUI3.90\GUI\LCDDriver\LCDDummy.c    0x00000000   Number         0  lcddummy.o ABSOLUTE
    ..\ucGUI3.90\GUI\MemDev\GUIDEV.c         0x00000000   Number         0  guidev.o ABSOLUTE
    ..\ucGUI3.90\GUI\MemDev\GUIDEV_1.c       0x00000000   Number         0  guidev_1.o ABSOLUTE
    ..\ucGUI3.90\GUI\MemDev\GUIDEV_16.c      0x00000000   Number         0  guidev_16.o ABSOLUTE
    ..\ucGUI3.90\GUI\MemDev\GUIDEV_8.c       0x00000000   Number         0  guidev_8.o ABSOLUTE
    ..\ucGUI3.90\GUI\MemDev\GUIDEV_AA.c      0x00000000   Number         0  guidev_aa.o ABSOLUTE
    ..\ucGUI3.90\GUI\MemDev\GUIDEV_Auto.c    0x00000000   Number         0  guidev_auto.o ABSOLUTE
    ..\ucGUI3.90\GUI\MemDev\GUIDEV_Banding.c 0x00000000   Number         0  guidev_banding.o ABSOLUTE
    ..\ucGUI3.90\GUI\MemDev\GUIDEV_Clear.c   0x00000000   Number         0  guidev_clear.o ABSOLUTE
    ..\ucGUI3.90\GUI\MemDev\GUIDEV_CmpWithLCD.c 0x00000000   Number         0  guidev_cmpwithlcd.o ABSOLUTE
    ..\ucGUI3.90\GUI\MemDev\GUIDEV_CopyFromLCD.c 0x00000000   Number         0  guidev_copyfromlcd.o ABSOLUTE
    ..\ucGUI3.90\GUI\MemDev\GUIDEV_CreateFixed.c 0x00000000   Number         0  guidev_createfixed.o ABSOLUTE
    ..\ucGUI3.90\GUI\MemDev\GUIDEV_GetDataPtr.c 0x00000000   Number         0  guidev_getdataptr.o ABSOLUTE
    ..\ucGUI3.90\GUI\MemDev\GUIDEV_GetXSize.c 0x00000000   Number         0  guidev_getxsize.o ABSOLUTE
    ..\ucGUI3.90\GUI\MemDev\GUIDEV_GetYSize.c 0x00000000   Number         0  guidev_getysize.o ABSOLUTE
    ..\ucGUI3.90\GUI\MemDev\GUIDEV_Measure.c 0x00000000   Number         0  guidev_measure.o ABSOLUTE
    ..\ucGUI3.90\GUI\MemDev\GUIDEV_ReduceYSize.c 0x00000000   Number         0  guidev_reduceysize.o ABSOLUTE
    ..\ucGUI3.90\GUI\MemDev\GUIDEV_SetOrg.c  0x00000000   Number         0  guidev_setorg.o ABSOLUTE
    ..\ucGUI3.90\GUI\MemDev\GUIDEV_Usage.c   0x00000000   Number         0  guidev_usage.o ABSOLUTE
    ..\ucGUI3.90\GUI\MemDev\GUIDEV_UsageBM.c 0x00000000   Number         0  guidev_usagebm.o ABSOLUTE
    ..\ucGUI3.90\GUI\MemDev\GUIDEV_Write.c   0x00000000   Number         0  guidev_write.o ABSOLUTE
    ..\ucGUI3.90\GUI\MemDev\GUIDEV_WriteAlpha.c 0x00000000   Number         0  guidev_writealpha.o ABSOLUTE
    ..\ucGUI3.90\GUI\MemDev\GUIDEV_WriteEx.c 0x00000000   Number         0  guidev_writeex.o ABSOLUTE
    ..\ucGUI3.90\GUI\MemDev\GUIDEV_XY2PTR.c  0x00000000   Number         0  guidev_xy2ptr.o ABSOLUTE
    ..\ucGUI3.90\GUI\MultiLayer\LCD_1.c      0x00000000   Number         0  lcd_1.o ABSOLUTE
    ..\ucGUI3.90\GUI\MultiLayer\LCD_2.c      0x00000000   Number         0  lcd_2.o ABSOLUTE
    ..\ucGUI3.90\GUI\MultiLayer\LCD_3.c      0x00000000   Number         0  lcd_3.o ABSOLUTE
    ..\ucGUI3.90\GUI\MultiLayer\LCD_4.c      0x00000000   Number         0  lcd_4.o ABSOLUTE
    ..\ucGUI3.90\GUI\WM\WM.c                 0x00000000   Number         0  wm.o ABSOLUTE
    ..\ucGUI3.90\GUI\WM\WMMemDev.c           0x00000000   Number         0  wmmemdev.o ABSOLUTE
    ..\ucGUI3.90\GUI\WM\WMTouch.c            0x00000000   Number         0  wmtouch.o ABSOLUTE
    ..\ucGUI3.90\GUI\WM\WM_AttachWindow.c    0x00000000   Number         0  wm_attachwindow.o ABSOLUTE
    ..\ucGUI3.90\GUI\WM\WM_BringToBottom.c   0x00000000   Number         0  wm_bringtobottom.o ABSOLUTE
    ..\ucGUI3.90\GUI\WM\WM_BringToTop.c      0x00000000   Number         0  wm_bringtotop.o ABSOLUTE
    ..\ucGUI3.90\GUI\WM\WM_Broadcast.c       0x00000000   Number         0  wm_broadcast.o ABSOLUTE
    ..\ucGUI3.90\GUI\WM\WM_CheckScrollPos.c  0x00000000   Number         0  wm_checkscrollpos.o ABSOLUTE
    ..\ucGUI3.90\GUI\WM\WM_CriticalHandle.c  0x00000000   Number         0  wm_criticalhandle.o ABSOLUTE
    ..\ucGUI3.90\GUI\WM\WM_DIAG.c            0x00000000   Number         0  wm_diag.o ABSOLUTE
    ..\ucGUI3.90\GUI\WM\WM_EnableWindow.c    0x00000000   Number         0  wm_enablewindow.o ABSOLUTE
    ..\ucGUI3.90\GUI\WM\WM_ForEachDesc.c     0x00000000   Number         0  wm_foreachdesc.o ABSOLUTE
    ..\ucGUI3.90\GUI\WM\WM_GetBkColor.c      0x00000000   Number         0  wm_getbkcolor.o ABSOLUTE
    ..\ucGUI3.90\GUI\WM\WM_GetClientRect.c   0x00000000   Number         0  wm_getclientrect.o ABSOLUTE
    ..\ucGUI3.90\GUI\WM\WM_GetClientWindow.c 0x00000000   Number         0  wm_getclientwindow.o ABSOLUTE
    ..\ucGUI3.90\GUI\WM\WM_GetDesktopWindow.c 0x00000000   Number         0  wm_getdesktopwindow.o ABSOLUTE
    ..\ucGUI3.90\GUI\WM\WM_GetDesktopWindowEx.c 0x00000000   Number         0  wm_getdesktopwindowex.o ABSOLUTE
    ..\ucGUI3.90\GUI\WM\WM_GetDiagInfo.c     0x00000000   Number         0  wm_getdiaginfo.o ABSOLUTE
    ..\ucGUI3.90\GUI\WM\WM_GetDialogItem.c   0x00000000   Number         0  wm_getdialogitem.o ABSOLUTE
    ..\ucGUI3.90\GUI\WM\WM_GetFirstChild.c   0x00000000   Number         0  wm_getfirstchild.o ABSOLUTE
    ..\ucGUI3.90\GUI\WM\WM_GetFlags.c        0x00000000   Number         0  wm_getflags.o ABSOLUTE
    ..\ucGUI3.90\GUI\WM\WM_GetFocussedWindow.c 0x00000000   Number         0  wm_getfocussedwindow.o ABSOLUTE
    ..\ucGUI3.90\GUI\WM\WM_GetId.c           0x00000000   Number         0  wm_getid.o ABSOLUTE
    ..\ucGUI3.90\GUI\WM\WM_GetInsideRect.c   0x00000000   Number         0  wm_getinsiderect.o ABSOLUTE
    ..\ucGUI3.90\GUI\WM\WM_GetInsideRectExScrollbar.c 0x00000000   Number         0  wm_getinsiderectexscrollbar.o ABSOLUTE
    ..\ucGUI3.90\GUI\WM\WM_GetInvalidRect.c  0x00000000   Number         0  wm_getinvalidrect.o ABSOLUTE
    ..\ucGUI3.90\GUI\WM\WM_GetNextSibling.c  0x00000000   Number         0  wm_getnextsibling.o ABSOLUTE
    ..\ucGUI3.90\GUI\WM\WM_GetOrg.c          0x00000000   Number         0  wm_getorg.o ABSOLUTE
    ..\ucGUI3.90\GUI\WM\WM_GetParent.c       0x00000000   Number         0  wm_getparent.o ABSOLUTE
    ..\ucGUI3.90\GUI\WM\WM_GetPrevSibling.c  0x00000000   Number         0  wm_getprevsibling.o ABSOLUTE
    ..\ucGUI3.90\GUI\WM\WM_GetScrollPartner.c 0x00000000   Number         0  wm_getscrollpartner.o ABSOLUTE
    ..\ucGUI3.90\GUI\WM\WM_GetScrollState.c  0x00000000   Number         0  wm_getscrollstate.o ABSOLUTE
    ..\ucGUI3.90\GUI\WM\WM_GetScrollbar.c    0x00000000   Number         0  wm_getscrollbar.o ABSOLUTE
    ..\ucGUI3.90\GUI\WM\WM_GetWindowRect.c   0x00000000   Number         0  wm_getwindowrect.o ABSOLUTE
    ..\ucGUI3.90\GUI\WM\WM_GetWindowSize.c   0x00000000   Number         0  wm_getwindowsize.o ABSOLUTE
    ..\ucGUI3.90\GUI\WM\WM_HasCaptured.c     0x00000000   Number         0  wm_hascaptured.o ABSOLUTE
    ..\ucGUI3.90\GUI\WM\WM_HasFocus.c        0x00000000   Number         0  wm_hasfocus.o ABSOLUTE
    ..\ucGUI3.90\GUI\WM\WM_Hide.c            0x00000000   Number         0  wm_hide.o ABSOLUTE
    ..\ucGUI3.90\GUI\WM\WM_IsCompletelyVisible.c 0x00000000   Number         0  wm_iscompletelyvisible.o ABSOLUTE
    ..\ucGUI3.90\GUI\WM\WM_IsEnabled.c       0x00000000   Number         0  wm_isenabled.o ABSOLUTE
    ..\ucGUI3.90\GUI\WM\WM_IsFocussable.c    0x00000000   Number         0  wm_isfocussable.o ABSOLUTE
    ..\ucGUI3.90\GUI\WM\WM_IsVisible.c       0x00000000   Number         0  wm_isvisible.o ABSOLUTE
    ..\ucGUI3.90\GUI\WM\WM_IsWindow.c        0x00000000   Number         0  wm_iswindow.o ABSOLUTE
    ..\ucGUI3.90\GUI\WM\WM_MakeModal.c       0x00000000   Number         0  wm_makemodal.o ABSOLUTE
    ..\ucGUI3.90\GUI\WM\WM_Move.c            0x00000000   Number         0  wm_move.o ABSOLUTE
    ..\ucGUI3.90\GUI\WM\WM_MoveChildTo.c     0x00000000   Number         0  wm_movechildto.o ABSOLUTE
    ..\ucGUI3.90\GUI\WM\WM_NotifyParent.c    0x00000000   Number         0  wm_notifyparent.o ABSOLUTE
    ..\ucGUI3.90\GUI\WM\WM_OnKey.c           0x00000000   Number         0  wm_onkey.o ABSOLUTE
    ..\ucGUI3.90\GUI\WM\WM_PID__GetPrevState.c 0x00000000   Number         0  wm_pid__getprevstate.o ABSOLUTE
    ..\ucGUI3.90\GUI\WM\WM_Paint.c           0x00000000   Number         0  wm_paint.o ABSOLUTE
    ..\ucGUI3.90\GUI\WM\WM_ResizeWindow.c    0x00000000   Number         0  wm_resizewindow.o ABSOLUTE
    ..\ucGUI3.90\GUI\WM\WM_Screen2Win.c      0x00000000   Number         0  wm_screen2win.o ABSOLUTE
    ..\ucGUI3.90\GUI\WM\WM_SendMessageNoPara.c 0x00000000   Number         0  wm_sendmessagenopara.o ABSOLUTE
    ..\ucGUI3.90\GUI\WM\WM_SendToParent.c    0x00000000   Number         0  wm_sendtoparent.o ABSOLUTE
    ..\ucGUI3.90\GUI\WM\WM_SetAnchor.c       0x00000000   Number         0  wm_setanchor.o ABSOLUTE
    ..\ucGUI3.90\GUI\WM\WM_SetCallback.c     0x00000000   Number         0  wm_setcallback.o ABSOLUTE
    ..\ucGUI3.90\GUI\WM\WM_SetCapture.c      0x00000000   Number         0  wm_setcapture.o ABSOLUTE
    ..\ucGUI3.90\GUI\WM\WM_SetCaptureMove.c  0x00000000   Number         0  wm_setcapturemove.o ABSOLUTE
    ..\ucGUI3.90\GUI\WM\WM_SetCreateFlags.c  0x00000000   Number         0  wm_setcreateflags.o ABSOLUTE
    ..\ucGUI3.90\GUI\WM\WM_SetDesktopColor.c 0x00000000   Number         0  wm_setdesktopcolor.o ABSOLUTE
    ..\ucGUI3.90\GUI\WM\WM_SetFocus.c        0x00000000   Number         0  wm_setfocus.o ABSOLUTE
    ..\ucGUI3.90\GUI\WM\WM_SetFocusOnNextChild.c 0x00000000   Number         0  wm_setfocusonnextchild.o ABSOLUTE
    ..\ucGUI3.90\GUI\WM\WM_SetFocusOnPrevChild.c 0x00000000   Number         0  wm_setfocusonprevchild.o ABSOLUTE
    ..\ucGUI3.90\GUI\WM\WM_SetId.c           0x00000000   Number         0  wm_setid.o ABSOLUTE
    ..\ucGUI3.90\GUI\WM\WM_SetScrollState.c  0x00000000   Number         0  wm_setscrollstate.o ABSOLUTE
    ..\ucGUI3.90\GUI\WM\WM_SetScrollbar.c    0x00000000   Number         0  wm_setscrollbar.o ABSOLUTE
    ..\ucGUI3.90\GUI\WM\WM_SetSize.c         0x00000000   Number         0  wm_setsize.o ABSOLUTE
    ..\ucGUI3.90\GUI\WM\WM_SetTrans.c        0x00000000   Number         0  wm_settrans.o ABSOLUTE
    ..\ucGUI3.90\GUI\WM\WM_SetTransState.c   0x00000000   Number         0  wm_settransstate.o ABSOLUTE
    ..\ucGUI3.90\GUI\WM\WM_SetUserClipRect.c 0x00000000   Number         0  wm_setusercliprect.o ABSOLUTE
    ..\ucGUI3.90\GUI\WM\WM_SetXSize.c        0x00000000   Number         0  wm_setxsize.o ABSOLUTE
    ..\ucGUI3.90\GUI\WM\WM_SetYSize.c        0x00000000   Number         0  wm_setysize.o ABSOLUTE
    ..\ucGUI3.90\GUI\WM\WM_SetpfPollPID.c    0x00000000   Number         0  wm_setpfpollpid.o ABSOLUTE
    ..\ucGUI3.90\GUI\WM\WM_Show.c            0x00000000   Number         0  wm_show.o ABSOLUTE
    ..\ucGUI3.90\GUI\WM\WM_StayOnTop.c       0x00000000   Number         0  wm_stayontop.o ABSOLUTE
    ..\ucGUI3.90\GUI\WM\WM_Timer.c           0x00000000   Number         0  wm_timer.o ABSOLUTE
    ..\ucGUI3.90\GUI\WM\WM_TimerExternal.c   0x00000000   Number         0  wm_timerexternal.o ABSOLUTE
    ..\ucGUI3.90\GUI\WM\WM_UserData.c        0x00000000   Number         0  wm_userdata.o ABSOLUTE
    ..\ucGUI3.90\GUI\WM\WM_Validate.c        0x00000000   Number         0  wm_validate.o ABSOLUTE
    ..\ucGUI3.90\GUI\WM\WM_ValidateWindow.c  0x00000000   Number         0  wm_validatewindow.o ABSOLUTE
    ..\ucGUI3.90\GUI\WM\WM__ForEachDesc.c    0x00000000   Number         0  wm__foreachdesc.o ABSOLUTE
    ..\ucGUI3.90\GUI\WM\WM__GetFirstSibling.c 0x00000000   Number         0  wm__getfirstsibling.o ABSOLUTE
    ..\ucGUI3.90\GUI\WM\WM__GetFocussedChild.c 0x00000000   Number         0  wm__getfocussedchild.o ABSOLUTE
    ..\ucGUI3.90\GUI\WM\WM__GetLastSibling.c 0x00000000   Number         0  wm__getlastsibling.o ABSOLUTE
    ..\ucGUI3.90\GUI\WM\WM__GetOrg_AA.c      0x00000000   Number         0  wm__getorg_aa.o ABSOLUTE
    ..\ucGUI3.90\GUI\WM\WM__GetPrevSibling.c 0x00000000   Number         0  wm__getprevsibling.o ABSOLUTE
    ..\ucGUI3.90\GUI\WM\WM__IsAncestor.c     0x00000000   Number         0  wm__isancestor.o ABSOLUTE
    ..\ucGUI3.90\GUI\WM\WM__IsChild.c        0x00000000   Number         0  wm__ischild.o ABSOLUTE
    ..\ucGUI3.90\GUI\WM\WM__IsEnabled.c      0x00000000   Number         0  wm__isenabled.o ABSOLUTE
    ..\ucGUI3.90\GUI\WM\WM__NotifyVisChanged.c 0x00000000   Number         0  wm__notifyvischanged.o ABSOLUTE
    ..\ucGUI3.90\GUI\WM\WM__Screen2Client.c  0x00000000   Number         0  wm__screen2client.o ABSOLUTE
    ..\ucGUI3.90\GUI\WM\WM__SendMessage.c    0x00000000   Number         0  wm__sendmessage.o ABSOLUTE
    ..\ucGUI3.90\GUI\WM\WM__SendMessageIfEnabled.c 0x00000000   Number         0  wm__sendmessageifenabled.o ABSOLUTE
    ..\ucGUI3.90\GUI\WM\WM__SendMessageNoPara.c 0x00000000   Number         0  wm__sendmessagenopara.o ABSOLUTE
    ..\ucGUI3.90\GUI\WM\WM__UpdateChildPositions.c 0x00000000   Number         0  wm__updatechildpositions.o ABSOLUTE
    ..\ucGUI3.90\GUI\Widget\BUTTON.c         0x00000000   Number         0  button.o ABSOLUTE
    ..\ucGUI3.90\GUI\Widget\BUTTON_BMP.c     0x00000000   Number         0  button_bmp.o ABSOLUTE
    ..\ucGUI3.90\GUI\Widget\BUTTON_Bitmap.c  0x00000000   Number         0  button_bitmap.o ABSOLUTE
    ..\ucGUI3.90\GUI\Widget\BUTTON_Create.c  0x00000000   Number         0  button_create.o ABSOLUTE
    ..\ucGUI3.90\GUI\Widget\BUTTON_CreateIndirect.c 0x00000000   Number         0  button_createindirect.o ABSOLUTE
    ..\ucGUI3.90\GUI\Widget\BUTTON_Default.c 0x00000000   Number         0  button_default.o ABSOLUTE
    ..\ucGUI3.90\GUI\Widget\BUTTON_Get.c     0x00000000   Number         0  button_get.o ABSOLUTE
    ..\ucGUI3.90\GUI\Widget\BUTTON_IsPressed.c 0x00000000   Number         0  button_ispressed.o ABSOLUTE
    ..\ucGUI3.90\GUI\Widget\BUTTON_SelfDraw.c 0x00000000   Number         0  button_selfdraw.o ABSOLUTE
    ..\ucGUI3.90\GUI\Widget\BUTTON_SetTextAlign.c 0x00000000   Number         0  button_settextalign.o ABSOLUTE
    ..\ucGUI3.90\GUI\Widget\BUTTON_StreamedBitmap.c 0x00000000   Number         0  button_streamedbitmap.o ABSOLUTE
    ..\ucGUI3.90\GUI\Widget\BUTTON__SetBitmapObj.c 0x00000000   Number         0  button__setbitmapobj.o ABSOLUTE
    ..\ucGUI3.90\GUI\Widget\CHECKBOX.c       0x00000000   Number         0  checkbox.o ABSOLUTE
    ..\ucGUI3.90\GUI\Widget\CHECKBOX_Create.c 0x00000000   Number         0  checkbox_create.o ABSOLUTE
    ..\ucGUI3.90\GUI\Widget\CHECKBOX_CreateIndirect.c 0x00000000   Number         0  checkbox_createindirect.o ABSOLUTE
    ..\ucGUI3.90\GUI\Widget\CHECKBOX_Default.c 0x00000000   Number         0  checkbox_default.o ABSOLUTE
    ..\ucGUI3.90\GUI\Widget\CHECKBOX_GetState.c 0x00000000   Number         0  checkbox_getstate.o ABSOLUTE
    ..\ucGUI3.90\GUI\Widget\CHECKBOX_Image.c 0x00000000   Number         0  checkbox_image.o ABSOLUTE
    ..\ucGUI3.90\GUI\Widget\CHECKBOX_IsChecked.c 0x00000000   Number         0  checkbox_ischecked.o ABSOLUTE
    ..\ucGUI3.90\GUI\Widget\CHECKBOX_SetBkColor.c 0x00000000   Number         0  checkbox_setbkcolor.o ABSOLUTE
    ..\ucGUI3.90\GUI\Widget\CHECKBOX_SetDefaultImage.c 0x00000000   Number         0  checkbox_setdefaultimage.o ABSOLUTE
    ..\ucGUI3.90\GUI\Widget\CHECKBOX_SetFont.c 0x00000000   Number         0  checkbox_setfont.o ABSOLUTE
    ..\ucGUI3.90\GUI\Widget\CHECKBOX_SetImage.c 0x00000000   Number         0  checkbox_setimage.o ABSOLUTE
    ..\ucGUI3.90\GUI\Widget\CHECKBOX_SetNumStates.c 0x00000000   Number         0  checkbox_setnumstates.o ABSOLUTE
    ..\ucGUI3.90\GUI\Widget\CHECKBOX_SetSpacing.c 0x00000000   Number         0  checkbox_setspacing.o ABSOLUTE
    ..\ucGUI3.90\GUI\Widget\CHECKBOX_SetState.c 0x00000000   Number         0  checkbox_setstate.o ABSOLUTE
    ..\ucGUI3.90\GUI\Widget\CHECKBOX_SetText.c 0x00000000   Number         0  checkbox_settext.o ABSOLUTE
    ..\ucGUI3.90\GUI\Widget\CHECKBOX_SetTextAlign.c 0x00000000   Number         0  checkbox_settextalign.o ABSOLUTE
    ..\ucGUI3.90\GUI\Widget\CHECKBOX_SetTextColor.c 0x00000000   Number         0  checkbox_settextcolor.o ABSOLUTE
    ..\ucGUI3.90\GUI\Widget\DIALOG.c         0x00000000   Number         0  dialog.o ABSOLUTE
    ..\ucGUI3.90\GUI\Widget\DROPDOWN.c       0x00000000   Number         0  dropdown.o ABSOLUTE
    ..\ucGUI3.90\GUI\Widget\DROPDOWN_Create.c 0x00000000   Number         0  dropdown_create.o ABSOLUTE
    ..\ucGUI3.90\GUI\Widget\DROPDOWN_CreateIndirect.c 0x00000000   Number         0  dropdown_createindirect.o ABSOLUTE
    ..\ucGUI3.90\GUI\Widget\DROPDOWN_DeleteItem.c 0x00000000   Number         0  dropdown_deleteitem.o ABSOLUTE
    ..\ucGUI3.90\GUI\Widget\DROPDOWN_InsertString.c 0x00000000   Number         0  dropdown_insertstring.o ABSOLUTE
    ..\ucGUI3.90\GUI\Widget\DROPDOWN_ItemSpacing.c 0x00000000   Number         0  dropdown_itemspacing.o ABSOLUTE
    ..\ucGUI3.90\GUI\Widget\DROPDOWN_SetAutoScroll.c 0x00000000   Number         0  dropdown_setautoscroll.o ABSOLUTE
    ..\ucGUI3.90\GUI\Widget\DROPDOWN_SetTextAlign.c 0x00000000   Number         0  dropdown_settextalign.o ABSOLUTE
    ..\ucGUI3.90\GUI\Widget\DROPDOWN_SetTextHeight.c 0x00000000   Number         0  dropdown_settextheight.o ABSOLUTE
    ..\ucGUI3.90\GUI\Widget\EDIT.c           0x00000000   Number         0  edit.o ABSOLUTE
    ..\ucGUI3.90\GUI\Widget\EDITBin.c        0x00000000   Number         0  editbin.o ABSOLUTE
    ..\ucGUI3.90\GUI\Widget\EDITDec.c        0x00000000   Number         0  editdec.o ABSOLUTE
    ..\ucGUI3.90\GUI\Widget\EDITFloat.c      0x00000000   Number         0  editfloat.o ABSOLUTE
    ..\ucGUI3.90\GUI\Widget\EDITHex.c        0x00000000   Number         0  edithex.o ABSOLUTE
    ..\ucGUI3.90\GUI\Widget\EDIT_Create.c    0x00000000   Number         0  edit_create.o ABSOLUTE
    ..\ucGUI3.90\GUI\Widget\EDIT_CreateIndirect.c 0x00000000   Number         0  edit_createindirect.o ABSOLUTE
    ..\ucGUI3.90\GUI\Widget\EDIT_Default.c   0x00000000   Number         0  edit_default.o ABSOLUTE
    ..\ucGUI3.90\GUI\Widget\EDIT_GetNumChars.c 0x00000000   Number         0  edit_getnumchars.o ABSOLUTE
    ..\ucGUI3.90\GUI\Widget\EDIT_SetCursorAtChar.c 0x00000000   Number         0  edit_setcursoratchar.o ABSOLUTE
    ..\ucGUI3.90\GUI\Widget\EDIT_SetInsertMode.c 0x00000000   Number         0  edit_setinsertmode.o ABSOLUTE
    ..\ucGUI3.90\GUI\Widget\EDIT_SetSel.c    0x00000000   Number         0  edit_setsel.o ABSOLUTE
    ..\ucGUI3.90\GUI\Widget\EDIT_SetpfAddKeyEx.c 0x00000000   Number         0  edit_setpfaddkeyex.o ABSOLUTE
    ..\ucGUI3.90\GUI\Widget\EDIT_SetpfUpdateBuffer.c 0x00000000   Number         0  edit_setpfupdatebuffer.o ABSOLUTE
    ..\ucGUI3.90\GUI\Widget\FRAMEWIN.c       0x00000000   Number         0  framewin.o ABSOLUTE
    ..\ucGUI3.90\GUI\Widget\FRAMEWIN_AddMenu.c 0x00000000   Number         0  framewin_addmenu.o ABSOLUTE
    ..\ucGUI3.90\GUI\Widget\FRAMEWIN_Button.c 0x00000000   Number         0  framewin_button.o ABSOLUTE
    ..\ucGUI3.90\GUI\Widget\FRAMEWIN_ButtonClose.c 0x00000000   Number         0  framewin_buttonclose.o ABSOLUTE
    ..\ucGUI3.90\GUI\Widget\FRAMEWIN_ButtonMax.c 0x00000000   Number         0  framewin_buttonmax.o ABSOLUTE
    ..\ucGUI3.90\GUI\Widget\FRAMEWIN_ButtonMin.c 0x00000000   Number         0  framewin_buttonmin.o ABSOLUTE
    ..\ucGUI3.90\GUI\Widget\FRAMEWIN_Create.c 0x00000000   Number         0  framewin_create.o ABSOLUTE
    ..\ucGUI3.90\GUI\Widget\FRAMEWIN_CreateIndirect.c 0x00000000   Number         0  framewin_createindirect.o ABSOLUTE
    ..\ucGUI3.90\GUI\Widget\FRAMEWIN_Default.c 0x00000000   Number         0  framewin_default.o ABSOLUTE
    ..\ucGUI3.90\GUI\Widget\FRAMEWIN_Get.c   0x00000000   Number         0  framewin_get.o ABSOLUTE
    ..\ucGUI3.90\GUI\Widget\FRAMEWIN_IsMinMax.c 0x00000000   Number         0  framewin_isminmax.o ABSOLUTE
    ..\ucGUI3.90\GUI\Widget\FRAMEWIN_MinMaxRest.c 0x00000000   Number         0  framewin_minmaxrest.o ABSOLUTE
    ..\ucGUI3.90\GUI\Widget\FRAMEWIN_SetBorderSize.c 0x00000000   Number         0  framewin_setbordersize.o ABSOLUTE
    ..\ucGUI3.90\GUI\Widget\FRAMEWIN_SetColors.c 0x00000000   Number         0  framewin_setcolors.o ABSOLUTE
    ..\ucGUI3.90\GUI\Widget\FRAMEWIN_SetFont.c 0x00000000   Number         0  framewin_setfont.o ABSOLUTE
    ..\ucGUI3.90\GUI\Widget\FRAMEWIN_SetResizeable.c 0x00000000   Number         0  framewin_setresizeable.o ABSOLUTE
    ..\ucGUI3.90\GUI\Widget\FRAMEWIN_SetTitleHeight.c 0x00000000   Number         0  framewin_settitleheight.o ABSOLUTE
    ..\ucGUI3.90\GUI\Widget\FRAMEWIN_SetTitleVis.c 0x00000000   Number         0  framewin_settitlevis.o ABSOLUTE
    ..\ucGUI3.90\GUI\Widget\FRAMEWIN__UpdateButtons.c 0x00000000   Number         0  framewin__updatebuttons.o ABSOLUTE
    ..\ucGUI3.90\GUI\Widget\GUI_ARRAY.c      0x00000000   Number         0  gui_array.o ABSOLUTE
    ..\ucGUI3.90\GUI\Widget\GUI_ARRAY_DeleteItem.c 0x00000000   Number         0  gui_array_deleteitem.o ABSOLUTE
    ..\ucGUI3.90\GUI\Widget\GUI_ARRAY_InsertItem.c 0x00000000   Number         0  gui_array_insertitem.o ABSOLUTE
    ..\ucGUI3.90\GUI\Widget\GUI_ARRAY_ResizeItem.c 0x00000000   Number         0  gui_array_resizeitem.o ABSOLUTE
    ..\ucGUI3.90\GUI\Widget\GUI_DRAW.c       0x00000000   Number         0  gui_draw.o ABSOLUTE
    ..\ucGUI3.90\GUI\Widget\GUI_DRAW_BITMAP.c 0x00000000   Number         0  gui_draw_bitmap.o ABSOLUTE
    ..\ucGUI3.90\GUI\Widget\GUI_DRAW_BMP.c   0x00000000   Number         0  gui_draw_bmp.o ABSOLUTE
    ..\ucGUI3.90\GUI\Widget\GUI_DRAW_STREAMED.c 0x00000000   Number         0  gui_draw_streamed.o ABSOLUTE
    ..\ucGUI3.90\GUI\Widget\GUI_DRAW_Self.c  0x00000000   Number         0  gui_draw_self.o ABSOLUTE
    ..\ucGUI3.90\GUI\Widget\GUI_EditBin.c    0x00000000   Number         0  gui_editbin.o ABSOLUTE
    ..\ucGUI3.90\GUI\Widget\GUI_EditDec.c    0x00000000   Number         0  gui_editdec.o ABSOLUTE
    ..\ucGUI3.90\GUI\Widget\GUI_EditFloat.c  0x00000000   Number         0  gui_editfloat.o ABSOLUTE
    ..\ucGUI3.90\GUI\Widget\GUI_EditHex.c    0x00000000   Number         0  gui_edithex.o ABSOLUTE
    ..\ucGUI3.90\GUI\Widget\GUI_EditString.c 0x00000000   Number         0  gui_editstring.o ABSOLUTE
    ..\ucGUI3.90\GUI\Widget\GUI_HOOK.c       0x00000000   Number         0  gui_hook.o ABSOLUTE
    ..\ucGUI3.90\GUI\Widget\HEADER.c         0x00000000   Number         0  header.o ABSOLUTE
    ..\ucGUI3.90\GUI\Widget\HEADER_BMP.c     0x00000000   Number         0  header_bmp.o ABSOLUTE
    ..\ucGUI3.90\GUI\Widget\HEADER_Bitmap.c  0x00000000   Number         0  header_bitmap.o ABSOLUTE
    ..\ucGUI3.90\GUI\Widget\HEADER_Create.c  0x00000000   Number         0  header_create.o ABSOLUTE
    ..\ucGUI3.90\GUI\Widget\HEADER_CreateIndirect.c 0x00000000   Number         0  header_createindirect.o ABSOLUTE
    ..\ucGUI3.90\GUI\Widget\HEADER_StreamedBitmap.c 0x00000000   Number         0  header_streamedbitmap.o ABSOLUTE
    ..\ucGUI3.90\GUI\Widget\HEADER__SetDrawObj.c 0x00000000   Number         0  header__setdrawobj.o ABSOLUTE
    ..\ucGUI3.90\GUI\Widget\LISTBOX.c        0x00000000   Number         0  listbox.o ABSOLUTE
    ..\ucGUI3.90\GUI\Widget\LISTBOX_Create.c 0x00000000   Number         0  listbox_create.o ABSOLUTE
    ..\ucGUI3.90\GUI\Widget\LISTBOX_CreateIndirect.c 0x00000000   Number         0  listbox_createindirect.o ABSOLUTE
    ..\ucGUI3.90\GUI\Widget\LISTBOX_Default.c 0x00000000   Number         0  listbox_default.o ABSOLUTE
    ..\ucGUI3.90\GUI\Widget\LISTBOX_DeleteItem.c 0x00000000   Number         0  listbox_deleteitem.o ABSOLUTE
    ..\ucGUI3.90\GUI\Widget\LISTBOX_Font.c   0x00000000   Number         0  listbox_font.o ABSOLUTE
    ..\ucGUI3.90\GUI\Widget\LISTBOX_GetItemText.c 0x00000000   Number         0  listbox_getitemtext.o ABSOLUTE
    ..\ucGUI3.90\GUI\Widget\LISTBOX_GetNumItems.c 0x00000000   Number         0  listbox_getnumitems.o ABSOLUTE
    ..\ucGUI3.90\GUI\Widget\LISTBOX_InsertString.c 0x00000000   Number         0  listbox_insertstring.o ABSOLUTE
    ..\ucGUI3.90\GUI\Widget\LISTBOX_ItemDisabled.c 0x00000000   Number         0  listbox_itemdisabled.o ABSOLUTE
    ..\ucGUI3.90\GUI\Widget\LISTBOX_ItemSpacing.c 0x00000000   Number         0  listbox_itemspacing.o ABSOLUTE
    ..\ucGUI3.90\GUI\Widget\LISTBOX_MultiSel.c 0x00000000   Number         0  listbox_multisel.o ABSOLUTE
    ..\ucGUI3.90\GUI\Widget\LISTBOX_ScrollStep.c 0x00000000   Number         0  listbox_scrollstep.o ABSOLUTE
    ..\ucGUI3.90\GUI\Widget\LISTBOX_SetAutoScroll.c 0x00000000   Number         0  listbox_setautoscroll.o ABSOLUTE
    ..\ucGUI3.90\GUI\Widget\LISTBOX_SetBkColor.c 0x00000000   Number         0  listbox_setbkcolor.o ABSOLUTE
    ..\ucGUI3.90\GUI\Widget\LISTBOX_SetOwner.c 0x00000000   Number         0  listbox_setowner.o ABSOLUTE
    ..\ucGUI3.90\GUI\Widget\LISTBOX_SetOwnerDraw.c 0x00000000   Number         0  listbox_setownerdraw.o ABSOLUTE
    ..\ucGUI3.90\GUI\Widget\LISTBOX_SetScrollbarWidth.c 0x00000000   Number         0  listbox_setscrollbarwidth.o ABSOLUTE
    ..\ucGUI3.90\GUI\Widget\LISTBOX_SetString.c 0x00000000   Number         0  listbox_setstring.o ABSOLUTE
    ..\ucGUI3.90\GUI\Widget\LISTBOX_SetTextColor.c 0x00000000   Number         0  listbox_settextcolor.o ABSOLUTE
    ..\ucGUI3.90\GUI\Widget\LISTVIEW.c       0x00000000   Number         0  listview.o ABSOLUTE
    ..\ucGUI3.90\GUI\Widget\LISTVIEW_Create.c 0x00000000   Number         0  listview_create.o ABSOLUTE
    ..\ucGUI3.90\GUI\Widget\LISTVIEW_CreateIndirect.c 0x00000000   Number         0  listview_createindirect.o ABSOLUTE
    ..\ucGUI3.90\GUI\Widget\LISTVIEW_Default.c 0x00000000   Number         0  listview_default.o ABSOLUTE
    ..\ucGUI3.90\GUI\Widget\LISTVIEW_DeleteColumn.c 0x00000000   Number         0  listview_deletecolumn.o ABSOLUTE
    ..\ucGUI3.90\GUI\Widget\LISTVIEW_DeleteRow.c 0x00000000   Number         0  listview_deleterow.o ABSOLUTE
    ..\ucGUI3.90\GUI\Widget\LISTVIEW_GetBkColor.c 0x00000000   Number         0  listview_getbkcolor.o ABSOLUTE
    ..\ucGUI3.90\GUI\Widget\LISTVIEW_GetFont.c 0x00000000   Number         0  listview_getfont.o ABSOLUTE
    ..\ucGUI3.90\GUI\Widget\LISTVIEW_GetHeader.c 0x00000000   Number         0  listview_getheader.o ABSOLUTE
    ..\ucGUI3.90\GUI\Widget\LISTVIEW_GetNumColumns.c 0x00000000   Number         0  listview_getnumcolumns.o ABSOLUTE
    ..\ucGUI3.90\GUI\Widget\LISTVIEW_GetNumRows.c 0x00000000   Number         0  listview_getnumrows.o ABSOLUTE
    ..\ucGUI3.90\GUI\Widget\LISTVIEW_GetSel.c 0x00000000   Number         0  listview_getsel.o ABSOLUTE
    ..\ucGUI3.90\GUI\Widget\LISTVIEW_GetTextColor.c 0x00000000   Number         0  listview_gettextcolor.o ABSOLUTE
    ..\ucGUI3.90\GUI\Widget\LISTVIEW_SetBkColor.c 0x00000000   Number         0  listview_setbkcolor.o ABSOLUTE
    ..\ucGUI3.90\GUI\Widget\LISTVIEW_SetColumnWidth.c 0x00000000   Number         0  listview_setcolumnwidth.o ABSOLUTE
    ..\ucGUI3.90\GUI\Widget\LISTVIEW_SetFont.c 0x00000000   Number         0  listview_setfont.o ABSOLUTE
    ..\ucGUI3.90\GUI\Widget\LISTVIEW_SetGridVis.c 0x00000000   Number         0  listview_setgridvis.o ABSOLUTE
    ..\ucGUI3.90\GUI\Widget\LISTVIEW_SetItemColor.c 0x00000000   Number         0  listview_setitemcolor.o ABSOLUTE
    ..\ucGUI3.90\GUI\Widget\LISTVIEW_SetItemText.c 0x00000000   Number         0  listview_setitemtext.o ABSOLUTE
    ..\ucGUI3.90\GUI\Widget\LISTVIEW_SetLBorder.c 0x00000000   Number         0  listview_setlborder.o ABSOLUTE
    ..\ucGUI3.90\GUI\Widget\LISTVIEW_SetRBorder.c 0x00000000   Number         0  listview_setrborder.o ABSOLUTE
    ..\ucGUI3.90\GUI\Widget\LISTVIEW_SetRowHeight.c 0x00000000   Number         0  listview_setrowheight.o ABSOLUTE
    ..\ucGUI3.90\GUI\Widget\LISTVIEW_SetSel.c 0x00000000   Number         0  listview_setsel.o ABSOLUTE
    ..\ucGUI3.90\GUI\Widget\LISTVIEW_SetTextAlign.c 0x00000000   Number         0  listview_settextalign.o ABSOLUTE
    ..\ucGUI3.90\GUI\Widget\LISTVIEW_SetTextColor.c 0x00000000   Number         0  listview_settextcolor.o ABSOLUTE
    ..\ucGUI3.90\GUI\Widget\MENU.c           0x00000000   Number         0  menu.o ABSOLUTE
    ..\ucGUI3.90\GUI\Widget\MENU_Attach.c    0x00000000   Number         0  menu_attach.o ABSOLUTE
    ..\ucGUI3.90\GUI\Widget\MENU_CreateIndirect.c 0x00000000   Number         0  menu_createindirect.o ABSOLUTE
    ..\ucGUI3.90\GUI\Widget\MENU_Default.c   0x00000000   Number         0  menu_default.o ABSOLUTE
    ..\ucGUI3.90\GUI\Widget\MENU_DeleteItem.c 0x00000000   Number         0  menu_deleteitem.o ABSOLUTE
    ..\ucGUI3.90\GUI\Widget\MENU_DisableItem.c 0x00000000   Number         0  menu_disableitem.o ABSOLUTE
    ..\ucGUI3.90\GUI\Widget\MENU_EnableItem.c 0x00000000   Number         0  menu_enableitem.o ABSOLUTE
    ..\ucGUI3.90\GUI\Widget\MENU_GetItem.c   0x00000000   Number         0  menu_getitem.o ABSOLUTE
    ..\ucGUI3.90\GUI\Widget\MENU_GetItemText.c 0x00000000   Number         0  menu_getitemtext.o ABSOLUTE
    ..\ucGUI3.90\GUI\Widget\MENU_GetNumItems.c 0x00000000   Number         0  menu_getnumitems.o ABSOLUTE
    ..\ucGUI3.90\GUI\Widget\MENU_InsertItem.c 0x00000000   Number         0  menu_insertitem.o ABSOLUTE
    ..\ucGUI3.90\GUI\Widget\MENU_Popup.c     0x00000000   Number         0  menu_popup.o ABSOLUTE
    ..\ucGUI3.90\GUI\Widget\MENU_SetBkColor.c 0x00000000   Number         0  menu_setbkcolor.o ABSOLUTE
    ..\ucGUI3.90\GUI\Widget\MENU_SetBorderSize.c 0x00000000   Number         0  menu_setbordersize.o ABSOLUTE
    ..\ucGUI3.90\GUI\Widget\MENU_SetFont.c   0x00000000   Number         0  menu_setfont.o ABSOLUTE
    ..\ucGUI3.90\GUI\Widget\MENU_SetItem.c   0x00000000   Number         0  menu_setitem.o ABSOLUTE
    ..\ucGUI3.90\GUI\Widget\MENU_SetTextColor.c 0x00000000   Number         0  menu_settextcolor.o ABSOLUTE
    ..\ucGUI3.90\GUI\Widget\MENU__FindItem.c 0x00000000   Number         0  menu__finditem.o ABSOLUTE
    ..\ucGUI3.90\GUI\Widget\MESSAGEBOX.c     0x00000000   Number         0  messagebox.o ABSOLUTE
    ..\ucGUI3.90\GUI\Widget\MULTIEDIT.c      0x00000000   Number         0  multiedit.o ABSOLUTE
    ..\ucGUI3.90\GUI\Widget\MULTIEDIT_Create.c 0x00000000   Number         0  multiedit_create.o ABSOLUTE
    ..\ucGUI3.90\GUI\Widget\MULTIEDIT_CreateIndirect.c 0x00000000   Number         0  multiedit_createindirect.o ABSOLUTE
    ..\ucGUI3.90\GUI\Widget\MULTIPAGE.c      0x00000000   Number         0  multipage.o ABSOLUTE
    ..\ucGUI3.90\GUI\Widget\MULTIPAGE_Create.c 0x00000000   Number         0  multipage_create.o ABSOLUTE
    ..\ucGUI3.90\GUI\Widget\MULTIPAGE_CreateIndirect.c 0x00000000   Number         0  multipage_createindirect.o ABSOLUTE
    ..\ucGUI3.90\GUI\Widget\MULTIPAGE_Default.c 0x00000000   Number         0  multipage_default.o ABSOLUTE
    ..\ucGUI3.90\GUI\Widget\PROGBAR.c        0x00000000   Number         0  progbar.o ABSOLUTE
    ..\ucGUI3.90\GUI\Widget\PROGBAR_Create.c 0x00000000   Number         0  progbar_create.o ABSOLUTE
    ..\ucGUI3.90\GUI\Widget\PROGBAR_CreateIndirect.c 0x00000000   Number         0  progbar_createindirect.o ABSOLUTE
    ..\ucGUI3.90\GUI\Widget\RADIO.c          0x00000000   Number         0  radio.o ABSOLUTE
    ..\ucGUI3.90\GUI\Widget\RADIO_Create.c   0x00000000   Number         0  radio_create.o ABSOLUTE
    ..\ucGUI3.90\GUI\Widget\RADIO_CreateIndirect.c 0x00000000   Number         0  radio_createindirect.o ABSOLUTE
    ..\ucGUI3.90\GUI\Widget\RADIO_Default.c  0x00000000   Number         0  radio_default.o ABSOLUTE
    ..\ucGUI3.90\GUI\Widget\RADIO_Image.c    0x00000000   Number         0  radio_image.o ABSOLUTE
    ..\ucGUI3.90\GUI\Widget\RADIO_SetBkColor.c 0x00000000   Number         0  radio_setbkcolor.o ABSOLUTE
    ..\ucGUI3.90\GUI\Widget\RADIO_SetDefaultImage.c 0x00000000   Number         0  radio_setdefaultimage.o ABSOLUTE
    ..\ucGUI3.90\GUI\Widget\RADIO_SetFont.c  0x00000000   Number         0  radio_setfont.o ABSOLUTE
    ..\ucGUI3.90\GUI\Widget\RADIO_SetGroupId.c 0x00000000   Number         0  radio_setgroupid.o ABSOLUTE
    ..\ucGUI3.90\GUI\Widget\RADIO_SetImage.c 0x00000000   Number         0  radio_setimage.o ABSOLUTE
    ..\ucGUI3.90\GUI\Widget\RADIO_SetText.c  0x00000000   Number         0  radio_settext.o ABSOLUTE
    ..\ucGUI3.90\GUI\Widget\RADIO_SetTextColor.c 0x00000000   Number         0  radio_settextcolor.o ABSOLUTE
    ..\ucGUI3.90\GUI\Widget\SCROLLBAR.c      0x00000000   Number         0  scrollbar.o ABSOLUTE
    ..\ucGUI3.90\GUI\Widget\SCROLLBAR_Create.c 0x00000000   Number         0  scrollbar_create.o ABSOLUTE
    ..\ucGUI3.90\GUI\Widget\SCROLLBAR_CreateIndirect.c 0x00000000   Number         0  scrollbar_createindirect.o ABSOLUTE
    ..\ucGUI3.90\GUI\Widget\SCROLLBAR_Defaults.c 0x00000000   Number         0  scrollbar_defaults.o ABSOLUTE
    ..\ucGUI3.90\GUI\Widget\SCROLLBAR_GetValue.c 0x00000000   Number         0  scrollbar_getvalue.o ABSOLUTE
    ..\ucGUI3.90\GUI\Widget\SCROLLBAR_SetWidth.c 0x00000000   Number         0  scrollbar_setwidth.o ABSOLUTE
    ..\ucGUI3.90\GUI\Widget\SLIDER.c         0x00000000   Number         0  slider.o ABSOLUTE
    ..\ucGUI3.90\GUI\Widget\SLIDER_Create.c  0x00000000   Number         0  slider_create.o ABSOLUTE
    ..\ucGUI3.90\GUI\Widget\SLIDER_CreateIndirect.c 0x00000000   Number         0  slider_createindirect.o ABSOLUTE
    ..\ucGUI3.90\GUI\Widget\TEXT.c           0x00000000   Number         0  text.o ABSOLUTE
    ..\ucGUI3.90\GUI\Widget\TEXT_Create.c    0x00000000   Number         0  text_create.o ABSOLUTE
    ..\ucGUI3.90\GUI\Widget\TEXT_CreateIndirect.c 0x00000000   Number         0  text_createindirect.o ABSOLUTE
    ..\ucGUI3.90\GUI\Widget\TEXT_SetBkColor.c 0x00000000   Number         0  text_setbkcolor.o ABSOLUTE
    ..\ucGUI3.90\GUI\Widget\TEXT_SetFont.c   0x00000000   Number         0  text_setfont.o ABSOLUTE
    ..\ucGUI3.90\GUI\Widget\TEXT_SetText.c   0x00000000   Number         0  text_settext.o ABSOLUTE
    ..\ucGUI3.90\GUI\Widget\TEXT_SetTextAlign.c 0x00000000   Number         0  text_settextalign.o ABSOLUTE
    ..\ucGUI3.90\GUI\Widget\TEXT_SetTextColor.c 0x00000000   Number         0  text_settextcolor.o ABSOLUTE
    ..\ucGUI3.90\GUI\Widget\WIDGET.c         0x00000000   Number         0  widget.o ABSOLUTE
    ..\ucGUI3.90\GUI\Widget\WIDGET_Effect_3D.c 0x00000000   Number         0  widget_effect_3d.o ABSOLUTE
    ..\ucGUI3.90\GUI\Widget\WIDGET_Effect_3D1L.c 0x00000000   Number         0  widget_effect_3d1l.o ABSOLUTE
    ..\ucGUI3.90\GUI\Widget\WIDGET_Effect_3D2L.c 0x00000000   Number         0  widget_effect_3d2l.o ABSOLUTE
    ..\ucGUI3.90\GUI\Widget\WIDGET_Effect_None.c 0x00000000   Number         0  widget_effect_none.o ABSOLUTE
    ..\ucGUI3.90\GUI\Widget\WIDGET_Effect_Simple.c 0x00000000   Number         0  widget_effect_simple.o ABSOLUTE
    ..\ucGUI3.90\GUI\Widget\WIDGET_FillStringInRect.c 0x00000000   Number         0  widget_fillstringinrect.o ABSOLUTE
    ..\ucGUI3.90\GUI\Widget\WIDGET_SetEffect.c 0x00000000   Number         0  widget_seteffect.o ABSOLUTE
    ..\ucGUI3.90\GUI\Widget\WIDGET_SetWidth.c 0x00000000   Number         0  widget_setwidth.o ABSOLUTE
    ..\ucGUI3.90\GUI\Widget\WINDOW.c         0x00000000   Number         0  window.o ABSOLUTE
    ..\ucGUI3.90\GUI\Widget\WINDOW_Default.c 0x00000000   Number         0  window_default.o ABSOLUTE
    ..\ucGUI3.90\GUI_X\GUI_X_Touch.c         0x00000000   Number         0  gui_x_touch.o ABSOLUTE
    ..\ucGUI3.90\GUI_X\GUI_X_uCOS.c          0x00000000   Number         0  gui_x_ucos.o ABSOLUTE
    APPEnter_main.c                          0x00000000   Number         0  appenter_main.o ABSOLUTE
    dc.s                                     0x00000000   Number         0  dc.o ABSOLUTE
    stm32f10x_it.c                           0x00000000   Number         0  stm32f10x_it.o ABSOLUTE
    RESET                                    0x08000000   Section      304  startup_stm32f10x_hd.o(RESET)
    !!!main                                  0x08000130   Section        8  __main.o(!!!main)
    !!!scatter                               0x08000138   Section       52  __scatter.o(!!!scatter)
    !!handler_copy                           0x0800016c   Section       26  __scatter_copy.o(!!handler_copy)
    !!handler_zi                             0x08000188   Section       28  __scatter_zi.o(!!handler_zi)
    .ARM.Collect$$libinit$$00000000          0x080001a4   Section        6  libinit.o(.ARM.Collect$$libinit$$00000000)
    .ARM.Collect$$libinit$$00000006          0x080001aa   Section        0  libinit2.o(.ARM.Collect$$libinit$$00000006)
    .ARM.Collect$$libinit$$00000008          0x080001aa   Section        0  libinit2.o(.ARM.Collect$$libinit$$00000008)
    .ARM.Collect$$libinit$$0000000A          0x080001aa   Section        0  libinit2.o(.ARM.Collect$$libinit$$0000000A)
    .ARM.Collect$$libinit$$0000000D          0x080001aa   Section        0  libinit2.o(.ARM.Collect$$libinit$$0000000D)
    .ARM.Collect$$libinit$$0000000F          0x080001aa   Section        0  libinit2.o(.ARM.Collect$$libinit$$0000000F)
    .ARM.Collect$$libinit$$00000011          0x080001aa   Section        0  libinit2.o(.ARM.Collect$$libinit$$00000011)
    .ARM.Collect$$libinit$$00000013          0x080001aa   Section        0  libinit2.o(.ARM.Collect$$libinit$$00000013)
    .ARM.Collect$$libinit$$00000015          0x080001aa   Section        0  libinit2.o(.ARM.Collect$$libinit$$00000015)
    .ARM.Collect$$libinit$$00000017          0x080001aa   Section        0  libinit2.o(.ARM.Collect$$libinit$$00000017)
    .ARM.Collect$$libinit$$00000019          0x080001aa   Section        0  libinit2.o(.ARM.Collect$$libinit$$00000019)
    .ARM.Collect$$libinit$$0000001B          0x080001aa   Section        0  libinit2.o(.ARM.Collect$$libinit$$0000001B)
    .ARM.Collect$$libinit$$0000001D          0x080001aa   Section        0  libinit2.o(.ARM.Collect$$libinit$$0000001D)
    .ARM.Collect$$libinit$$0000001F          0x080001aa   Section        0  libinit2.o(.ARM.Collect$$libinit$$0000001F)
    .ARM.Collect$$libinit$$00000021          0x080001aa   Section        0  libinit2.o(.ARM.Collect$$libinit$$00000021)
    .ARM.Collect$$libinit$$00000028          0x080001aa   Section        0  libinit2.o(.ARM.Collect$$libinit$$00000028)
    .ARM.Collect$$libinit$$0000002A          0x080001aa   Section        0  libinit2.o(.ARM.Collect$$libinit$$0000002A)
    .ARM.Collect$$libinit$$0000002C          0x080001aa   Section        0  libinit2.o(.ARM.Collect$$libinit$$0000002C)
    .ARM.Collect$$libinit$$0000002E          0x080001aa   Section        0  libinit2.o(.ARM.Collect$$libinit$$0000002E)
    .ARM.Collect$$libinit$$0000002F          0x080001aa   Section        2  libinit2.o(.ARM.Collect$$libinit$$0000002F)
    .ARM.Collect$$libshutdown$$00000000      0x080001ac   Section        2  libshutdown.o(.ARM.Collect$$libshutdown$$00000000)
    .ARM.Collect$$libshutdown$$00000003      0x080001ae   Section        0  libshutdown2.o(.ARM.Collect$$libshutdown$$00000003)
    .ARM.Collect$$libshutdown$$00000006      0x080001ae   Section        0  libshutdown2.o(.ARM.Collect$$libshutdown$$00000006)
    .ARM.Collect$$libshutdown$$00000009      0x080001ae   Section        0  libshutdown2.o(.ARM.Collect$$libshutdown$$00000009)
    .ARM.Collect$$libshutdown$$0000000B      0x080001ae   Section        0  libshutdown2.o(.ARM.Collect$$libshutdown$$0000000B)
    .ARM.Collect$$libshutdown$$0000000E      0x080001ae   Section        0  libshutdown2.o(.ARM.Collect$$libshutdown$$0000000E)
    .ARM.Collect$$libshutdown$$0000000F      0x080001ae   Section        2  libshutdown2.o(.ARM.Collect$$libshutdown$$0000000F)
    .ARM.Collect$$rtentry$$00000000          0x080001b0   Section        0  rtentry.o(.ARM.Collect$$rtentry$$00000000)
    .ARM.Collect$$rtentry$$00000002          0x080001b0   Section        0  rtentry2.o(.ARM.Collect$$rtentry$$00000002)
    .ARM.Collect$$rtentry$$00000004          0x080001b0   Section        6  rtentry4.o(.ARM.Collect$$rtentry$$00000004)
    .ARM.Collect$$rtentry$$00000009          0x080001b6   Section        0  rtentry2.o(.ARM.Collect$$rtentry$$00000009)
    .ARM.Collect$$rtentry$$0000000A          0x080001b6   Section        4  rtentry2.o(.ARM.Collect$$rtentry$$0000000A)
    .ARM.Collect$$rtentry$$0000000C          0x080001ba   Section        0  rtentry2.o(.ARM.Collect$$rtentry$$0000000C)
    .ARM.Collect$$rtentry$$0000000D          0x080001ba   Section        8  rtentry2.o(.ARM.Collect$$rtentry$$0000000D)
    .ARM.Collect$$rtexit$$00000000           0x080001c2   Section        2  rtexit.o(.ARM.Collect$$rtexit$$00000000)
    .ARM.Collect$$rtexit$$00000002           0x080001c4   Section        0  rtexit2.o(.ARM.Collect$$rtexit$$00000002)
    .ARM.Collect$$rtexit$$00000003           0x080001c4   Section        4  rtexit2.o(.ARM.Collect$$rtexit$$00000003)
    .ARM.Collect$$rtexit$$00000004           0x080001c8   Section        6  rtexit2.o(.ARM.Collect$$rtexit$$00000004)
    .text                                    0x080001d0   Section       72  startup_stm32f10x_hd.o(.text)
    .text                                    0x08000218   Section        0  system_stm32f10x.o(.text)
    SetSysClockTo72                          0x08000219   Thumb Code   198  system_stm32f10x.o(.text)
    SetSysClock                              0x080002df   Thumb Code     8  system_stm32f10x.o(.text)
    .text                                    0x0800033c   Section        0  stm32f10x_gpio.o(.text)
    .text                                    0x08000668   Section        0  stm32f10x_rcc.o(.text)
    .text                                    0x08000a08   Section        0  bsp.o(.text)
    .text                                    0x08000a74   Section        0  led.o(.text)
    .text                                    0x08000aa8   Section        0  os_cpu_c.o(.text)
    .text                                    0x08000b58   Section      164  os_cpu_a.o(.text)
    .text                                    0x08000bfc   Section        0  os_core.o(.text)
    OS_InitTaskStat                          0x08000ca7   Thumb Code    56  os_core.o(.text)
    OS_InitTaskIdle                          0x08000d01   Thumb Code    56  os_core.o(.text)
    OS_InitEventList                         0x08000d4b   Thumb Code    74  os_core.o(.text)
    OS_InitTCBList                           0x08000d95   Thumb Code   106  os_core.o(.text)
    OS_InitRdyList                           0x08000dff   Thumb Code    44  os_core.o(.text)
    OS_InitMisc                              0x08000e2b   Thumb Code    44  os_core.o(.text)
    OS_SchedNew                              0x08000e9f   Thumb Code    26  os_core.o(.text)
    .text                                    0x080014c0   Section        0  os_flag.o(.text)
    OS_FlagTaskRdy                           0x08001647   Thumb Code    96  os_flag.o(.text)
    OS_FlagBlock                             0x0800180f   Thumb Code   168  os_flag.o(.text)
    .text                                    0x08001d18   Section        0  os_q.o(.text)
    .text                                    0x08002300   Section        0  os_task.o(.text)
    .text                                    0x08002ae8   Section        0  os_time.o(.text)
    .text                                    0x08002ca8   Section        0  appenter_main.o(.text)
    .text                                    0x08002d08   Section        0  stm32f10x_it.o(.text)
    .text                                    0x08002d38   Section        0  exit.o(.text)
    .text                                    0x08002d44   Section        0  heapauxi.o(.text)
    .text                                    0x08002d4c   Section        8  libspace.o(.text)
    .text                                    0x08002d54   Section        0  sys_exit.o(.text)
    .text                                    0x08002d60   Section        2  use_no_semi.o(.text)
    .text                                    0x08002d62   Section       74  sys_stackheap_outer.o(.text)
    .text                                    0x08002dac   Section       12  rt_fp_status_addr_intlibspace.o(.text)
    x$fpl$fpinit                             0x08002db8   Section       14  fpinit.o(x$fpl$fpinit)
    .constdata                               0x08002dc8   Section       20  system_stm32f10x.o(.constdata)
    .constdata                               0x08002ddc   Section      256  os_core.o(.constdata)
    .data                                    0x20000000   Section       20  stm32f10x_rcc.o(.data)
    APBAHBPrescTable                         0x20000000   Data          16  stm32f10x_rcc.o(.data)
    ADCPrescTable                            0x20000010   Data           4  stm32f10x_rcc.o(.data)
    .data                                    0x20000014   Section       72  os_core.o(.data)
    .bss                                     0x2000005c   Section     3504  os_core.o(.bss)
    .bss                                     0x20000e0c   Section      512  appenter_main.o(.bss)
    .bss                                     0x2000100c   Section       96  libspace.o(.bss)
    HEAP                                     0x20001070   Section        0  startup_stm32f10x_hd.o(HEAP)
    STACK                                    0x20001070   Section      512  startup_stm32f10x_hd.o(STACK)
    Heap_Mem                                 0x20001070   Data           0  startup_stm32f10x_hd.o(HEAP)
    Stack_Mem                                0x20001070   Data         512  startup_stm32f10x_hd.o(STACK)
    __initial_sp                             0x20001270   Data           0  startup_stm32f10x_hd.o(STACK)

    Global Symbols

    Symbol Name                              Value     Ov Type        Size  Object(Section)

    BuildAttributes$$THM_ISAv4$P$D$K$B$S$PE$A:L22UL41UL21$X:L11$S22US41US21$IEEE1$IW$USESV6$~STKCKD$USESV7$~SHL$OTIME$ROPI$IEEEX$EBA8$UX$STANDARDLIB$REQ8$PRES8$EABIv2 0x00000000   Number         0  anon$$obj.o ABSOLUTE
    __ARM_use_no_argv                        0x00000000   Number         0  appenter_main.o ABSOLUTE
    _printf_flags                            0x00000000   Number         0  printf_stubs.o ABSOLUTE
    _printf_return_value                     0x00000000   Number         0  printf_stubs.o ABSOLUTE
    _printf_sizespec                         0x00000000   Number         0  printf_stubs.o ABSOLUTE
    _printf_widthprec                        0x00000000   Number         0  printf_stubs.o ABSOLUTE
    __ARM_exceptions_init                     - Undefined Weak Reference
    __alloca_initialize                       - Undefined Weak Reference
    __cpp_initialize__aeabi_                  - Undefined Weak Reference
    __cxa_finalize                            - Undefined Weak Reference
    __fpl_infinity                            - Undefined Weak Reference
    __sigvec_lookup                           - Undefined Weak Reference
    __user_heap_extent                        - Undefined Weak Reference
    _atexit_init                              - Undefined Weak Reference
    _call_atexit_fns                          - Undefined Weak Reference
    _clock_init                               - Undefined Weak Reference
    _fp_trap_init                             - Undefined Weak Reference
    _fp_trap_shutdown                         - Undefined Weak Reference
    _get_lc_collate                           - Undefined Weak Reference
    _get_lc_monetary                          - Undefined Weak Reference
    _get_lc_numeric                           - Undefined Weak Reference
    _get_lc_time                              - Undefined Weak Reference
    _getenv_init                              - Undefined Weak Reference
    _handle_redirection                       - Undefined Weak Reference
    _initio                                   - Undefined Weak Reference
    _mutex_acquire                            - Undefined Weak Reference
    _mutex_free                               - Undefined Weak Reference
    _mutex_release                            - Undefined Weak Reference
    _printf_mbtowc                            - Undefined Weak Reference
    _printf_wc                                - Undefined Weak Reference
    _rand_init                                - Undefined Weak Reference
    _signal_finish                            - Undefined Weak Reference
    _signal_init                              - Undefined Weak Reference
    _terminateio                              - Undefined Weak Reference
    __Vectors_Size                           0x00000130   Number         0  startup_stm32f10x_hd.o ABSOLUTE
    __Vectors                                0x08000000   Data           4  startup_stm32f10x_hd.o(RESET)
    __Vectors_End                            0x08000130   Data           0  startup_stm32f10x_hd.o(RESET)
    __main                                   0x08000131   Thumb Code     8  __main.o(!!!main)
    __scatterload                            0x08000139   Thumb Code     0  __scatter.o(!!!scatter)
    __scatterload_rt2                        0x08000139   Thumb Code    44  __scatter.o(!!!scatter)
    __scatterload_rt2_thumb_only             0x08000139   Thumb Code     0  __scatter.o(!!!scatter)
    __scatterload_null                       0x08000147   Thumb Code     0  __scatter.o(!!!scatter)
    __scatterload_copy                       0x0800016d   Thumb Code    26  __scatter_copy.o(!!handler_copy)
    __scatterload_zeroinit                   0x08000189   Thumb Code    28  __scatter_zi.o(!!handler_zi)
    __rt_lib_init                            0x080001a5   Thumb Code     0  libinit.o(.ARM.Collect$$libinit$$00000000)
    __rt_lib_init_alloca_1                   0x080001ab   Thumb Code     0  libinit2.o(.ARM.Collect$$libinit$$0000002A)
    __rt_lib_init_argv_1                     0x080001ab   Thumb Code     0  libinit2.o(.ARM.Collect$$libinit$$00000028)
    __rt_lib_init_atexit_1                   0x080001ab   Thumb Code     0  libinit2.o(.ARM.Collect$$libinit$$00000017)
    __rt_lib_init_clock_1                    0x080001ab   Thumb Code     0  libinit2.o(.ARM.Collect$$libinit$$0000001D)
    __rt_lib_init_cpp_1                      0x080001ab   Thumb Code     0  libinit2.o(.ARM.Collect$$libinit$$0000002E)
    __rt_lib_init_exceptions_1               0x080001ab   Thumb Code     0  libinit2.o(.ARM.Collect$$libinit$$0000002C)
    __rt_lib_init_fp_trap_1                  0x080001ab   Thumb Code     0  libinit2.o(.ARM.Collect$$libinit$$0000001B)
    __rt_lib_init_getenv_1                   0x080001ab   Thumb Code     0  libinit2.o(.ARM.Collect$$libinit$$0000001F)
    __rt_lib_init_heap_1                     0x080001ab   Thumb Code     0  libinit2.o(.ARM.Collect$$libinit$$00000006)
    __rt_lib_init_lc_collate_1               0x080001ab   Thumb Code     0  libinit2.o(.ARM.Collect$$libinit$$0000000D)
    __rt_lib_init_lc_ctype_1                 0x080001ab   Thumb Code     0  libinit2.o(.ARM.Collect$$libinit$$0000000F)
    __rt_lib_init_lc_monetary_1              0x080001ab   Thumb Code     0  libinit2.o(.ARM.Collect$$libinit$$00000011)
    __rt_lib_init_lc_numeric_1               0x080001ab   Thumb Code     0  libinit2.o(.ARM.Collect$$libinit$$00000013)
    __rt_lib_init_lc_time_1                  0x080001ab   Thumb Code     0  libinit2.o(.ARM.Collect$$libinit$$00000015)
    __rt_lib_init_rand_1                     0x080001ab   Thumb Code     0  libinit2.o(.ARM.Collect$$libinit$$0000000A)
    __rt_lib_init_return                     0x080001ab   Thumb Code     0  libinit2.o(.ARM.Collect$$libinit$$0000002F)
    __rt_lib_init_signal_1                   0x080001ab   Thumb Code     0  libinit2.o(.ARM.Collect$$libinit$$00000019)
    __rt_lib_init_stdio_1                    0x080001ab   Thumb Code     0  libinit2.o(.ARM.Collect$$libinit$$00000021)
    __rt_lib_init_user_alloc_1               0x080001ab   Thumb Code     0  libinit2.o(.ARM.Collect$$libinit$$00000008)
    __rt_lib_shutdown                        0x080001ad   Thumb Code     0  libshutdown.o(.ARM.Collect$$libshutdown$$00000000)
    __rt_lib_shutdown_fp_trap_1              0x080001af   Thumb Code     0  libshutdown2.o(.ARM.Collect$$libshutdown$$00000006)
    __rt_lib_shutdown_heap_1                 0x080001af   Thumb Code     0  libshutdown2.o(.ARM.Collect$$libshutdown$$0000000E)
    __rt_lib_shutdown_return                 0x080001af   Thumb Code     0  libshutdown2.o(.ARM.Collect$$libshutdown$$0000000F)
    __rt_lib_shutdown_signal_1               0x080001af   Thumb Code     0  libshutdown2.o(.ARM.Collect$$libshutdown$$00000009)
    __rt_lib_shutdown_stdio_1                0x080001af   Thumb Code     0  libshutdown2.o(.ARM.Collect$$libshutdown$$00000003)
    __rt_lib_shutdown_user_alloc_1           0x080001af   Thumb Code     0  libshutdown2.o(.ARM.Collect$$libshutdown$$0000000B)
    __rt_entry                               0x080001b1   Thumb Code     0  rtentry.o(.ARM.Collect$$rtentry$$00000000)
    __rt_entry_presh_1                       0x080001b1   Thumb Code     0  rtentry2.o(.ARM.Collect$$rtentry$$00000002)
    __rt_entry_sh                            0x080001b1   Thumb Code     0  rtentry4.o(.ARM.Collect$$rtentry$$00000004)
    __rt_entry_li                            0x080001b7   Thumb Code     0  rtentry2.o(.ARM.Collect$$rtentry$$0000000A)
    __rt_entry_postsh_1                      0x080001b7   Thumb Code     0  rtentry2.o(.ARM.Collect$$rtentry$$00000009)
    __rt_entry_main                          0x080001bb   Thumb Code     0  rtentry2.o(.ARM.Collect$$rtentry$$0000000D)
    __rt_entry_postli_1                      0x080001bb   Thumb Code     0  rtentry2.o(.ARM.Collect$$rtentry$$0000000C)
    __rt_exit                                0x080001c3   Thumb Code     0  rtexit.o(.ARM.Collect$$rtexit$$00000000)
    __rt_exit_ls                             0x080001c5   Thumb Code     0  rtexit2.o(.ARM.Collect$$rtexit$$00000003)
    __rt_exit_prels_1                        0x080001c5   Thumb Code     0  rtexit2.o(.ARM.Collect$$rtexit$$00000002)
    __rt_exit_exit                           0x080001c9   Thumb Code     0  rtexit2.o(.ARM.Collect$$rtexit$$00000004)
    SystemInit_ExtMemCtl                     0x080001d1   Thumb Code     2  startup_stm32f10x_hd.o(.text)
    Reset_Handler                            0x080001d3   Thumb Code    14  startup_stm32f10x_hd.o(.text)
    ADC1_2_IRQHandler                        0x080001f3   Thumb Code     0  startup_stm32f10x_hd.o(.text)
    ADC3_IRQHandler                          0x080001f3   Thumb Code     0  startup_stm32f10x_hd.o(.text)
    CAN1_RX1_IRQHandler                      0x080001f3   Thumb Code     0  startup_stm32f10x_hd.o(.text)
    CAN1_SCE_IRQHandler                      0x080001f3   Thumb Code     0  startup_stm32f10x_hd.o(.text)
    DMA1_Channel1_IRQHandler                 0x080001f3   Thumb Code     0  startup_stm32f10x_hd.o(.text)
    DMA1_Channel2_IRQHandler                 0x080001f3   Thumb Code     0  startup_stm32f10x_hd.o(.text)
    DMA1_Channel3_IRQHandler                 0x080001f3   Thumb Code     0  startup_stm32f10x_hd.o(.text)
    DMA1_Channel4_IRQHandler                 0x080001f3   Thumb Code     0  startup_stm32f10x_hd.o(.text)
    DMA1_Channel5_IRQHandler                 0x080001f3   Thumb Code     0  startup_stm32f10x_hd.o(.text)
    DMA1_Channel6_IRQHandler                 0x080001f3   Thumb Code     0  startup_stm32f10x_hd.o(.text)
    DMA1_Channel7_IRQHandler                 0x080001f3   Thumb Code     0  startup_stm32f10x_hd.o(.text)
    DMA2_Channel1_IRQHandler                 0x080001f3   Thumb Code     0  startup_stm32f10x_hd.o(.text)
    DMA2_Channel2_IRQHandler                 0x080001f3   Thumb Code     0  startup_stm32f10x_hd.o(.text)
    DMA2_Channel3_IRQHandler                 0x080001f3   Thumb Code     0  startup_stm32f10x_hd.o(.text)
    DMA2_Channel4_5_IRQHandler               0x080001f3   Thumb Code     0  startup_stm32f10x_hd.o(.text)
    EXTI0_IRQHandler                         0x080001f3   Thumb Code     0  startup_stm32f10x_hd.o(.text)
    EXTI15_10_IRQHandler                     0x080001f3   Thumb Code     0  startup_stm32f10x_hd.o(.text)
    EXTI1_IRQHandler                         0x080001f3   Thumb Code     0  startup_stm32f10x_hd.o(.text)
    EXTI2_IRQHandler                         0x080001f3   Thumb Code     0  startup_stm32f10x_hd.o(.text)
    EXTI3_IRQHandler                         0x080001f3   Thumb Code     0  startup_stm32f10x_hd.o(.text)
    EXTI4_IRQHandler                         0x080001f3   Thumb Code     0  startup_stm32f10x_hd.o(.text)
    EXTI9_5_IRQHandler                       0x080001f3   Thumb Code     0  startup_stm32f10x_hd.o(.text)
    FLASH_IRQHandler                         0x080001f3   Thumb Code     0  startup_stm32f10x_hd.o(.text)
    FSMC_IRQHandler                          0x080001f3   Thumb Code     0  startup_stm32f10x_hd.o(.text)
    I2C1_ER_IRQHandler                       0x080001f3   Thumb Code     0  startup_stm32f10x_hd.o(.text)
    I2C1_EV_IRQHandler                       0x080001f3   Thumb Code     0  startup_stm32f10x_hd.o(.text)
    I2C2_ER_IRQHandler                       0x080001f3   Thumb Code     0  startup_stm32f10x_hd.o(.text)
    I2C2_EV_IRQHandler                       0x080001f3   Thumb Code     0  startup_stm32f10x_hd.o(.text)
    PVD_IRQHandler                           0x080001f3   Thumb Code     0  startup_stm32f10x_hd.o(.text)
    RCC_IRQHandler                           0x080001f3   Thumb Code     0  startup_stm32f10x_hd.o(.text)
    RTCAlarm_IRQHandler                      0x080001f3   Thumb Code     0  startup_stm32f10x_hd.o(.text)
    RTC_IRQHandler                           0x080001f3   Thumb Code     0  startup_stm32f10x_hd.o(.text)
    SDIO_IRQHandler                          0x080001f3   Thumb Code     0  startup_stm32f10x_hd.o(.text)
    SPI1_IRQHandler                          0x080001f3   Thumb Code     0  startup_stm32f10x_hd.o(.text)
    SPI2_IRQHandler                          0x080001f3   Thumb Code     0  startup_stm32f10x_hd.o(.text)
    SPI3_IRQHandler                          0x080001f3   Thumb Code     0  startup_stm32f10x_hd.o(.text)
    TAMPER_IRQHandler                        0x080001f3   Thumb Code     0  startup_stm32f10x_hd.o(.text)
    TIM1_BRK_IRQHandler                      0x080001f3   Thumb Code     0  startup_stm32f10x_hd.o(.text)
    TIM1_CC_IRQHandler                       0x080001f3   Thumb Code     0  startup_stm32f10x_hd.o(.text)
    TIM1_TRG_COM_IRQHandler                  0x080001f3   Thumb Code     0  startup_stm32f10x_hd.o(.text)
    TIM1_UP_IRQHandler                       0x080001f3   Thumb Code     0  startup_stm32f10x_hd.o(.text)
    TIM2_IRQHandler                          0x080001f3   Thumb Code     0  startup_stm32f10x_hd.o(.text)
    TIM3_IRQHandler                          0x080001f3   Thumb Code     0  startup_stm32f10x_hd.o(.text)
    TIM4_IRQHandler                          0x080001f3   Thumb Code     0  startup_stm32f10x_hd.o(.text)
    TIM5_IRQHandler                          0x080001f3   Thumb Code     0  startup_stm32f10x_hd.o(.text)
    TIM6_IRQHandler                          0x080001f3   Thumb Code     0  startup_stm32f10x_hd.o(.text)
    TIM7_IRQHandler                          0x080001f3   Thumb Code     0  startup_stm32f10x_hd.o(.text)
    TIM8_BRK_IRQHandler                      0x080001f3   Thumb Code     0  startup_stm32f10x_hd.o(.text)
    TIM8_CC_IRQHandler                       0x080001f3   Thumb Code     0  startup_stm32f10x_hd.o(.text)
    TIM8_TRG_COM_IRQHandler                  0x080001f3   Thumb Code     0  startup_stm32f10x_hd.o(.text)
    TIM8_UP_IRQHandler                       0x080001f3   Thumb Code     0  startup_stm32f10x_hd.o(.text)
    UART4_IRQHandler                         0x080001f3   Thumb Code     0  startup_stm32f10x_hd.o(.text)
    UART5_IRQHandler                         0x080001f3   Thumb Code     0  startup_stm32f10x_hd.o(.text)
    USART1_IRQHandler                        0x080001f3   Thumb Code     0  startup_stm32f10x_hd.o(.text)
    USART2_IRQHandler                        0x080001f3   Thumb Code     0  startup_stm32f10x_hd.o(.text)
    USART3_IRQHandler                        0x080001f3   Thumb Code     0  startup_stm32f10x_hd.o(.text)
    USBWakeUp_IRQHandler                     0x080001f3   Thumb Code     0  startup_stm32f10x_hd.o(.text)
    USB_HP_CAN1_TX_IRQHandler                0x080001f3   Thumb Code     0  startup_stm32f10x_hd.o(.text)
    USB_LP_CAN1_RX0_IRQHandler               0x080001f3   Thumb Code     0  startup_stm32f10x_hd.o(.text)
    WWDG_IRQHandler                          0x080001f3   Thumb Code     0  startup_stm32f10x_hd.o(.text)
    __user_initial_stackheap                 0x080001f5   Thumb Code     0  startup_stm32f10x_hd.o(.text)
    SystemInit                               0x080002e7   Thumb Code    68  system_stm32f10x.o(.text)
    GPIO_DeInit                              0x0800033d   Thumb Code   188  stm32f10x_gpio.o(.text)
    GPIO_AFIODeInit                          0x080003f9   Thumb Code    20  stm32f10x_gpio.o(.text)
    GPIO_Init                                0x0800040d   Thumb Code   274  stm32f10x_gpio.o(.text)
    GPIO_StructInit                          0x0800051f   Thumb Code    16  stm32f10x_gpio.o(.text)
    GPIO_ReadInputDataBit                    0x0800052f   Thumb Code    18  stm32f10x_gpio.o(.text)
    GPIO_ReadInputData                       0x08000541   Thumb Code     8  stm32f10x_gpio.o(.text)
    GPIO_ReadOutputDataBit                   0x08000549   Thumb Code    18  stm32f10x_gpio.o(.text)
    GPIO_ReadOutputData                      0x0800055b   Thumb Code     8  stm32f10x_gpio.o(.text)
    GPIO_SetBits                             0x08000563   Thumb Code     4  stm32f10x_gpio.o(.text)
    GPIO_ResetBits                           0x08000567   Thumb Code     4  stm32f10x_gpio.o(.text)
    GPIO_WriteBit                            0x0800056b   Thumb Code    10  stm32f10x_gpio.o(.text)
    GPIO_Write                               0x08000575   Thumb Code     4  stm32f10x_gpio.o(.text)
    GPIO_PinLockConfig                       0x08000579   Thumb Code    18  stm32f10x_gpio.o(.text)
    GPIO_EventOutputConfig                   0x0800058b   Thumb Code    26  stm32f10x_gpio.o(.text)
    GPIO_EventOutputCmd                      0x080005a5   Thumb Code     6  stm32f10x_gpio.o(.text)
    GPIO_PinRemapConfig                      0x080005ab   Thumb Code   106  stm32f10x_gpio.o(.text)
    GPIO_EXTILineConfig                      0x08000615   Thumb Code    66  stm32f10x_gpio.o(.text)
    RCC_DeInit                               0x08000669   Thumb Code    62  stm32f10x_rcc.o(.text)
    RCC_HSEConfig                            0x080006a7   Thumb Code    70  stm32f10x_rcc.o(.text)
    RCC_GetFlagStatus                        0x080006ed   Thumb Code    56  stm32f10x_rcc.o(.text)
    RCC_WaitForHSEStartUp                    0x08000725   Thumb Code    46  stm32f10x_rcc.o(.text)
    RCC_AdjustHSICalibrationValue            0x08000753   Thumb Code    20  stm32f10x_rcc.o(.text)
    RCC_HSICmd                               0x08000767   Thumb Code     6  stm32f10x_rcc.o(.text)
    RCC_PLLConfig                            0x0800076d   Thumb Code    24  stm32f10x_rcc.o(.text)
    RCC_PLLCmd                               0x08000785   Thumb Code     6  stm32f10x_rcc.o(.text)
    RCC_SYSCLKConfig                         0x0800078b   Thumb Code    18  stm32f10x_rcc.o(.text)
    RCC_GetSYSCLKSource                      0x0800079d   Thumb Code    10  stm32f10x_rcc.o(.text)
    RCC_HCLKConfig                           0x080007a7   Thumb Code    18  stm32f10x_rcc.o(.text)
    RCC_PCLK1Config                          0x080007b9   Thumb Code    18  stm32f10x_rcc.o(.text)
    RCC_PCLK2Config                          0x080007cb   Thumb Code    20  stm32f10x_rcc.o(.text)
    RCC_ITConfig                             0x080007df   Thumb Code    30  stm32f10x_rcc.o(.text)
    RCC_USBCLKConfig                         0x080007fd   Thumb Code     6  stm32f10x_rcc.o(.text)
    RCC_ADCCLKConfig                         0x08000803   Thumb Code    18  stm32f10x_rcc.o(.text)
    RCC_LSEConfig                            0x08000815   Thumb Code    44  stm32f10x_rcc.o(.text)
    RCC_LSICmd                               0x08000841   Thumb Code     6  stm32f10x_rcc.o(.text)
    RCC_RTCCLKConfig                         0x08000847   Thumb Code    12  stm32f10x_rcc.o(.text)
    RCC_RTCCLKCmd                            0x08000853   Thumb Code     6  stm32f10x_rcc.o(.text)
    RCC_GetClocksFreq                        0x08000859   Thumb Code   192  stm32f10x_rcc.o(.text)
    RCC_AHBPeriphClockCmd                    0x08000919   Thumb Code    26  stm32f10x_rcc.o(.text)
    RCC_APB2PeriphClockCmd                   0x08000933   Thumb Code    26  stm32f10x_rcc.o(.text)
    RCC_APB1PeriphClockCmd                   0x0800094d   Thumb Code    26  stm32f10x_rcc.o(.text)
    RCC_APB2PeriphResetCmd                   0x08000967   Thumb Code    26  stm32f10x_rcc.o(.text)
    RCC_APB1PeriphResetCmd                   0x08000981   Thumb Code    26  stm32f10x_rcc.o(.text)
    RCC_BackupResetCmd                       0x0800099b   Thumb Code     6  stm32f10x_rcc.o(.text)
    RCC_ClockSecuritySystemCmd               0x080009a1   Thumb Code     6  stm32f10x_rcc.o(.text)
    RCC_MCOConfig                            0x080009a7   Thumb Code     6  stm32f10x_rcc.o(.text)
    RCC_ClearFlag                            0x080009ad   Thumb Code    14  stm32f10x_rcc.o(.text)
    RCC_GetITStatus                          0x080009bb   Thumb Code    20  stm32f10x_rcc.o(.text)
    RCC_ClearITPendingBit                    0x080009cf   Thumb Code     6  stm32f10x_rcc.o(.text)
    SysTick_init                             0x08000a09   Thumb Code    80  bsp.o(.text)
    BSP_Init                                 0x08000a59   Thumb Code    16  bsp.o(.text)
    LED_GPIO_Config                          0x08000a75   Thumb Code    46  led.o(.text)
    OSInitHookBegin                          0x08000aa9   Thumb Code     2  os_cpu_c.o(.text)
    OSTaskReturnHook                         0x08000aab   Thumb Code     2  os_cpu_c.o(.text)
    OSInitHookEnd                            0x08000aad   Thumb Code     2  os_cpu_c.o(.text)
    OSTaskCreateHook                         0x08000aaf   Thumb Code     2  os_cpu_c.o(.text)
    OSTaskDelHook                            0x08000ab1   Thumb Code     2  os_cpu_c.o(.text)
    OSTaskIdleHook                           0x08000ab3   Thumb Code     2  os_cpu_c.o(.text)
    OSTaskStatHook                           0x08000ab5   Thumb Code     2  os_cpu_c.o(.text)
    OSTaskStkInit                            0x08000ab7   Thumb Code   154  os_cpu_c.o(.text)
    OSTaskSwHook                             0x08000b51   Thumb Code     2  os_cpu_c.o(.text)
    OSTCBInitHook                            0x08000b53   Thumb Code     2  os_cpu_c.o(.text)
    OSTimeTickHook                           0x08000b55   Thumb Code     2  os_cpu_c.o(.text)
    OS_CPU_SR_Save                           0x08000b59   Thumb Code     0  os_cpu_a.o(.text)
    OS_CPU_SR_Restore                        0x08000b61   Thumb Code     0  os_cpu_a.o(.text)
    OSStartHighRdy                           0x08000b67   Thumb Code     0  os_cpu_a.o(.text)
    OSCtxSw                                  0x08000b87   Thumb Code     0  os_cpu_a.o(.text)
    OSIntCtxSw                               0x08000b91   Thumb Code     0  os_cpu_a.o(.text)
    OS_CPU_PendSVHandler                     0x08000b9b   Thumb Code     0  os_cpu_a.o(.text)
    OS_TaskStatStkChk                        0x08000bfd   Thumb Code    54  os_core.o(.text)
    OS_TaskStat                              0x08000c33   Thumb Code   116  os_core.o(.text)
    OS_TaskIdle                              0x08000cdf   Thumb Code    34  os_core.o(.text)
    OS_MemClr                                0x08000d39   Thumb Code    18  os_core.o(.text)
    OSInit                                   0x08000e57   Thumb Code    44  os_core.o(.text)
    OSIntEnter                               0x08000e83   Thumb Code    28  os_core.o(.text)
    OSIntExit                                0x08000eb9   Thumb Code   112  os_core.o(.text)
    OSSchedLock                              0x08000f29   Thumb Code    50  os_core.o(.text)
    OS_Sched                                 0x08000f5b   Thumb Code    88  os_core.o(.text)
    OSSchedUnlock                            0x08000fb3   Thumb Code   230  os_core.o(.text)
    OSStart                                  0x08001099   Thumb Code    48  os_core.o(.text)
    OSStatInit                               0x080010c9   Thumb Code    62  os_core.o(.text)
    OSTimeTick                               0x08001107   Thumb Code   218  os_core.o(.text)
    OSVersion                                0x080011e1   Thumb Code     6  os_core.o(.text)
    OS_Dummy                                 0x080011e7   Thumb Code     2  os_core.o(.text)
    OS_EventTaskRemove                       0x080011e9   Thumb Code    50  os_core.o(.text)
    OS_EventTaskRdy                          0x0800121b   Thumb Code   124  os_core.o(.text)
    OS_EventTaskWait                         0x08001297   Thumb Code   120  os_core.o(.text)
    OS_EventWaitListInit                     0x0800130f   Thumb Code    28  os_core.o(.text)
    OS_MemCopy                               0x0800132b   Thumb Code    20  os_core.o(.text)
    OS_StrLen                                0x0800133f   Thumb Code    20  os_core.o(.text)
    OS_TCBInit                               0x08001353   Thumb Code   366  os_core.o(.text)
    OSFlagAccept                             0x080014c1   Thumb Code   268  os_flag.o(.text)
    OSFlagCreate                             0x080015cd   Thumb Code    86  os_flag.o(.text)
    OS_FlagUnlink                            0x08001623   Thumb Code    36  os_flag.o(.text)
    OSFlagDel                                0x080016a7   Thumb Code   214  os_flag.o(.text)
    OSFlagNameGet                            0x0800177d   Thumb Code    80  os_flag.o(.text)
    OSFlagNameSet                            0x080017cd   Thumb Code    66  os_flag.o(.text)
    OSFlagPend                               0x080018b7   Thumb Code   632  os_flag.o(.text)
    OSFlagPendGetFlagsRdy                    0x08001b2f   Thumb Code    26  os_flag.o(.text)
    OSFlagPost                               0x08001b49   Thumb Code   324  os_flag.o(.text)
    OSFlagQuery                              0x08001c8d   Thumb Code    48  os_flag.o(.text)
    OS_FlagInit                              0x08001cbd   Thumb Code    78  os_flag.o(.text)
    OSQAccept                                0x08001d19   Thumb Code    88  os_q.o(.text)
    OSQCreate                                0x08001d71   Thumb Code   140  os_q.o(.text)
    OSQDel                                   0x08001dfd   Thumb Code   236  os_q.o(.text)
    OSQFlush                                 0x08001ee9   Thumb Code    36  os_q.o(.text)
    OSQPend                                  0x08001f0d   Thumb Code   272  os_q.o(.text)
    OSQPendAbort                             0x0800201d   Thumb Code   128  os_q.o(.text)
    OSQPost                                  0x0800209d   Thumb Code   114  os_q.o(.text)
    OSQPostFront                             0x0800210f   Thumb Code   138  os_q.o(.text)
    OSQPostOpt                               0x08002199   Thumb Code   182  os_q.o(.text)
    OSQQuery                                 0x0800224f   Thumb Code    98  os_q.o(.text)
    OS_QInit                                 0x080022b1   Thumb Code    72  os_q.o(.text)
    OSTaskChangePrio                         0x08002301   Thumb Code   324  os_task.o(.text)
    OSTaskCreate                             0x08002445   Thumb Code   146  os_task.o(.text)
    OS_TaskStkClr                            0x080024d7   Thumb Code    26  os_task.o(.text)
    OSTaskCreateExt                          0x080024f1   Thumb Code   170  os_task.o(.text)
    OSTaskDel                                0x0800259b   Thumb Code   302  os_task.o(.text)
    OSTaskDelReq                             0x080026c9   Thumb Code   146  os_task.o(.text)
    OSTaskNameGet                            0x0800275b   Thumb Code   114  os_task.o(.text)
    OSTaskNameSet                            0x080027cd   Thumb Code    98  os_task.o(.text)
    OSTaskResume                             0x0800282f   Thumb Code   160  os_task.o(.text)
    OSTaskStkChk                             0x080028cf   Thumb Code   132  os_task.o(.text)
    OSTaskSuspend                            0x08002953   Thumb Code   160  os_task.o(.text)
    OSTaskQuery                              0x080029f3   Thumb Code    82  os_task.o(.text)
    OSTaskRegGet                             0x08002a45   Thumb Code    60  os_task.o(.text)
    OSTaskRegSet                             0x08002a81   Thumb Code    62  os_task.o(.text)
    OS_TaskReturn                            0x08002abf   Thumb Code    18  os_task.o(.text)
    OSTimeDly                                0x08002ae9   Thumb Code   108  os_time.o(.text)
    OSTimeDlyHMSM                            0x08002b55   Thumb Code    86  os_time.o(.text)
    OSTimeDlyResume                          0x08002bab   Thumb Code   176  os_time.o(.text)
    OSTimeGet                                0x08002c5b   Thumb Code    24  os_time.o(.text)
    OSTimeSet                                0x08002c73   Thumb Code    24  os_time.o(.text)
    Task_LED2                                0x08002ca9   Thumb Code    48  appenter_main.o(.text)
    main                                     0x08002cd9   Thumb Code    40  appenter_main.o(.text)
    NMI_Handler                              0x08002d09   Thumb Code     2  stm32f10x_it.o(.text)
    HardFault_Handler                        0x08002d0b   Thumb Code     4  stm32f10x_it.o(.text)
    MemManage_Handler                        0x08002d0f   Thumb Code     4  stm32f10x_it.o(.text)
    BusFault_Handler                         0x08002d13   Thumb Code     4  stm32f10x_it.o(.text)
    UsageFault_Handler                       0x08002d17   Thumb Code     4  stm32f10x_it.o(.text)
    SVC_Handler                              0x08002d1b   Thumb Code     2  stm32f10x_it.o(.text)
    DebugMon_Handler                         0x08002d1d   Thumb Code     2  stm32f10x_it.o(.text)
    PendSV_Handler                           0x08002d1f   Thumb Code     2  stm32f10x_it.o(.text)
    SysTick_Handler                          0x08002d21   Thumb Code    24  stm32f10x_it.o(.text)
    exit                                     0x08002d39   Thumb Code    12  exit.o(.text)
    __use_two_region_memory                  0x08002d45   Thumb Code     2  heapauxi.o(.text)
    __rt_heap_escrow                         0x08002d47   Thumb Code     2  heapauxi.o(.text)
    __rt_heap_expand                         0x08002d49   Thumb Code     2  heapauxi.o(.text)
    __user_libspace                          0x08002d4d   Thumb Code     8  libspace.o(.text)
    __user_perproc_libspace                  0x08002d4d   Thumb Code     0  libspace.o(.text)
    __user_perthread_libspace                0x08002d4d   Thumb Code     0  libspace.o(.text)
    _sys_exit                                0x08002d55   Thumb Code     8  sys_exit.o(.text)
    __I$use$semihosting                      0x08002d61   Thumb Code     0  use_no_semi.o(.text)
    __use_no_semihosting_swi                 0x08002d61   Thumb Code     2  use_no_semi.o(.text)
    __user_setup_stackheap                   0x08002d63   Thumb Code    74  sys_stackheap_outer.o(.text)
    __rt_fp_status_addr                      0x08002dad   Thumb Code    12  rt_fp_status_addr_intlibspace.o(.text)
    _fp_init                                 0x08002db9   Thumb Code    14  fpinit.o(x$fpl$fpinit)
    __fplib_config_pureend_doubles           0x08002dc5   Thumb Code     0  fpinit.o(x$fpl$fpinit)
    SystemFrequency                          0x08002dc8   Data           4  system_stm32f10x.o(.constdata)
    SystemFrequency_SysClk                   0x08002dcc   Data           4  system_stm32f10x.o(.constdata)
    SystemFrequency_AHBClk                   0x08002dd0   Data           4  system_stm32f10x.o(.constdata)
    SystemFrequency_APB1Clk                  0x08002dd4   Data           4  system_stm32f10x.o(.constdata)
    SystemFrequency_APB2Clk                  0x08002dd8   Data           4  system_stm32f10x.o(.constdata)
    OSUnMapTbl                               0x08002ddc   Data         256  os_core.o(.constdata)
    Region$$Table$$Base                      0x08002edc   Number         0  anon$$obj.o(Region$$Table)
    Region$$Table$$Limit                     0x08002efc   Number         0  anon$$obj.o(Region$$Table)
    OSCtxSwCtr                               0x20000014   Data           4  os_core.o(.data)
    OSEventFreeList                          0x20000018   Data           4  os_core.o(.data)
    OSFlagFreeList                           0x2000001c   Data           4  os_core.o(.data)
    OSCPUUsage                               0x20000020   Data           1  os_core.o(.data)
    OSIdleCtrMax                             0x20000024   Data           4  os_core.o(.data)
    OSIdleCtrRun                             0x20000028   Data           4  os_core.o(.data)
    OSStatRdy                                0x2000002c   Data           1  os_core.o(.data)
    OSIntNesting                             0x2000002d   Data           1  os_core.o(.data)
    OSLockNesting                            0x2000002e   Data           1  os_core.o(.data)
    OSPrioCur                                0x2000002f   Data           1  os_core.o(.data)
    OSPrioHighRdy                            0x20000030   Data           1  os_core.o(.data)
    OSRdyGrp                                 0x20000031   Data           1  os_core.o(.data)
    OSRdyTbl                                 0x20000032   Data           8  os_core.o(.data)
    OSRunning                                0x2000003a   Data           1  os_core.o(.data)
    OSTaskCtr                                0x2000003b   Data           1  os_core.o(.data)
    OSIdleCtr                                0x2000003c   Data           4  os_core.o(.data)
    OSTCBCur                                 0x20000040   Data           4  os_core.o(.data)
    OSTCBFreeList                            0x20000044   Data           4  os_core.o(.data)
    OSTCBHighRdy                             0x20000048   Data           4  os_core.o(.data)
    OSTCBList                                0x2000004c   Data           4  os_core.o(.data)
    OSTickStepState                          0x20000050   Data           1  os_core.o(.data)
    OSQFreeList                              0x20000054   Data           4  os_core.o(.data)
    OSTime                                   0x20000058   Data           4  os_core.o(.data)
    OSEventTbl                               0x2000005c   Data         200  os_core.o(.bss)
    OSFlagTbl                                0x20000124   Data          80  os_core.o(.bss)
    OSTaskStatStk                            0x20000174   Data         512  os_core.o(.bss)
    OSTaskIdleStk                            0x20000374   Data         512  os_core.o(.bss)
    OSTCBPrioTbl                             0x20000574   Data         256  os_core.o(.bss)
    OSTCBTbl                                 0x20000674   Data        1848  os_core.o(.bss)
    OSQTbl                                   0x20000dac   Data          96  os_core.o(.bss)
    TASK_START_STK                           0x20000e0c   Data         256  appenter_main.o(.bss)
    task_led2_stk                            0x20000f0c   Data         256  appenter_main.o(.bss)
    __libspace_start                         0x2000100c   Data          96  libspace.o(.bss)
    __temporary_stack_top$libspace           0x2000106c   Data           0  libspace.o(.bss)



==============================================================================

Memory Map of the image

  Image Entry point : 0x08000131

  Load Region LR_IROM1 (Base: 0x08000000, Size: 0x00002f58, Max: 0x00080000, ABSOLUTE)

    Execution Region ER_IROM1 (Base: 0x08000000, Size: 0x00002efc, Max: 0x00080000, ABSOLUTE)

    Base Addr    Size         Type   Attr      Idx    E Section Name        Object

    0x08000000   0x00000130   Data   RO            3    RESET               startup_stm32f10x_hd.o
    0x08000130   0x00000008   Code   RO         9688  * !!!main             c_w.l(__main.o)(c_w.l)
    0x08000138   0x00000034   Code   RO        10076    !!!scatter          c_w.l(__scatter.o)(c_w.l)
    0x0800016c   0x0000001a   Code   RO        10078    !!handler_copy      c_w.l(__scatter_copy.o)(c_w.l)
    0x08000186   0x00000002   PAD
    0x08000188   0x0000001c   Code   RO        10080    !!handler_zi        c_w.l(__scatter_zi.o)(c_w.l)
    0x080001a4   0x00000006   Code   RO        10016    .ARM.Collect$$libinit$$00000000  c_w.l(libinit.o)(c_w.l)
    0x080001aa   0x00000000   Code   RO         9835    .ARM.Collect$$libinit$$00000006  c_w.l(libinit2.o)(c_w.l)
    0x080001aa   0x00000000   Code   RO         9837    .ARM.Collect$$libinit$$00000008  c_w.l(libinit2.o)(c_w.l)
    0x080001aa   0x00000000   Code   RO         9839    .ARM.Collect$$libinit$$0000000A  c_w.l(libinit2.o)(c_w.l)
    0x080001aa   0x00000000   Code   RO         9842    .ARM.Collect$$libinit$$0000000D  c_w.l(libinit2.o)(c_w.l)
    0x080001aa   0x00000000   Code   RO         9844    .ARM.Collect$$libinit$$0000000F  c_w.l(libinit2.o)(c_w.l)
    0x080001aa   0x00000000   Code   RO         9846    .ARM.Collect$$libinit$$00000011  c_w.l(libinit2.o)(c_w.l)
    0x080001aa   0x00000000   Code   RO         9848    .ARM.Collect$$libinit$$00000013  c_w.l(libinit2.o)(c_w.l)
    0x080001aa   0x00000000   Code   RO         9850    .ARM.Collect$$libinit$$00000015  c_w.l(libinit2.o)(c_w.l)
    0x080001aa   0x00000000   Code   RO         9852    .ARM.Collect$$libinit$$00000017  c_w.l(libinit2.o)(c_w.l)
    0x080001aa   0x00000000   Code   RO         9854    .ARM.Collect$$libinit$$00000019  c_w.l(libinit2.o)(c_w.l)
    0x080001aa   0x00000000   Code   RO         9856    .ARM.Collect$$libinit$$0000001B  c_w.l(libinit2.o)(c_w.l)
    0x080001aa   0x00000000   Code   RO         9858    .ARM.Collect$$libinit$$0000001D  c_w.l(libinit2.o)(c_w.l)
    0x080001aa   0x00000000   Code   RO         9860    .ARM.Collect$$libinit$$0000001F  c_w.l(libinit2.o)(c_w.l)
    0x080001aa   0x00000000   Code   RO         9862    .ARM.Collect$$libinit$$00000021  c_w.l(libinit2.o)(c_w.l)
    0x080001aa   0x00000000   Code   RO         9866    .ARM.Collect$$libinit$$00000028  c_w.l(libinit2.o)(c_w.l)
    0x080001aa   0x00000000   Code   RO         9868    .ARM.Collect$$libinit$$0000002A  c_w.l(libinit2.o)(c_w.l)
    0x080001aa   0x00000000   Code   RO         9870    .ARM.Collect$$libinit$$0000002C  c_w.l(libinit2.o)(c_w.l)
    0x080001aa   0x00000000   Code   RO         9872    .ARM.Collect$$libinit$$0000002E  c_w.l(libinit2.o)(c_w.l)
    0x080001aa   0x00000002   Code   RO         9873    .ARM.Collect$$libinit$$0000002F  c_w.l(libinit2.o)(c_w.l)
    0x080001ac   0x00000002   Code   RO        10017    .ARM.Collect$$libshutdown$$00000000  c_w.l(libshutdown.o)(c_w.l)
    0x080001ae   0x00000000   Code   RO        10032    .ARM.Collect$$libshutdown$$00000003  c_w.l(libshutdown2.o)(c_w.l)
    0x080001ae   0x00000000   Code   RO        10035    .ARM.Collect$$libshutdown$$00000006  c_w.l(libshutdown2.o)(c_w.l)
    0x080001ae   0x00000000   Code   RO        10038    .ARM.Collect$$libshutdown$$00000009  c_w.l(libshutdown2.o)(c_w.l)
    0x080001ae   0x00000000   Code   RO        10040    .ARM.Collect$$libshutdown$$0000000B  c_w.l(libshutdown2.o)(c_w.l)
    0x080001ae   0x00000000   Code   RO        10043    .ARM.Collect$$libshutdown$$0000000E  c_w.l(libshutdown2.o)(c_w.l)
    0x080001ae   0x00000002   Code   RO        10044    .ARM.Collect$$libshutdown$$0000000F  c_w.l(libshutdown2.o)(c_w.l)
    0x080001b0   0x00000000   Code   RO         9782    .ARM.Collect$$rtentry$$00000000  c_w.l(rtentry.o)(c_w.l)
    0x080001b0   0x00000000   Code   RO         9919    .ARM.Collect$$rtentry$$00000002  c_w.l(rtentry2.o)(c_w.l)
    0x080001b0   0x00000006   Code   RO         9934    .ARM.Collect$$rtentry$$00000004  c_w.l(rtentry4.o)(c_w.l)
    0x080001b6   0x00000000   Code   RO         9921    .ARM.Collect$$rtentry$$00000009  c_w.l(rtentry2.o)(c_w.l)
    0x080001b6   0x00000004   Code   RO         9922    .ARM.Collect$$rtentry$$0000000A  c_w.l(rtentry2.o)(c_w.l)
    0x080001ba   0x00000000   Code   RO         9924    .ARM.Collect$$rtentry$$0000000C  c_w.l(rtentry2.o)(c_w.l)
    0x080001ba   0x00000008   Code   RO         9925    .ARM.Collect$$rtentry$$0000000D  c_w.l(rtentry2.o)(c_w.l)
    0x080001c2   0x00000002   Code   RO         9784    .ARM.Collect$$rtexit$$00000000  c_w.l(rtexit.o)(c_w.l)
    0x080001c4   0x00000000   Code   RO         9937    .ARM.Collect$$rtexit$$00000002  c_w.l(rtexit2.o)(c_w.l)
    0x080001c4   0x00000004   Code   RO         9938    .ARM.Collect$$rtexit$$00000003  c_w.l(rtexit2.o)(c_w.l)
    0x080001c8   0x00000006   Code   RO         9939    .ARM.Collect$$rtexit$$00000004  c_w.l(rtexit2.o)(c_w.l)
    0x080001ce   0x00000002   PAD
    0x080001d0   0x00000048   Code   RO            4    .text               startup_stm32f10x_hd.o
    0x08000218   0x00000124   Code   RO           24    .text               system_stm32f10x.o
    0x0800033c   0x0000032c   Code   RO          238    .text               stm32f10x_gpio.o
    0x08000668   0x000003a0   Code   RO          295    .text               stm32f10x_rcc.o
    0x08000a08   0x0000006c   Code   RO          569    .text               bsp.o
    0x08000a74   0x00000034   Code   RO          602    .text               led.o
    0x08000aa8   0x000000ae   Code   RO          626    .text               os_cpu_c.o
    0x08000b56   0x00000002   PAD
    0x08000b58   0x000000a4   Code   RO          654    .text               os_cpu_a.o
    0x08000bfc   0x000008c4   Code   RO          657    .text               os_core.o
    0x080014c0   0x00000858   Code   RO          677    .text               os_flag.o
    0x08001d18   0x000005e8   Code   RO          719    .text               os_q.o
    0x08002300   0x000007e8   Code   RO          743    .text               os_task.o
    0x08002ae8   0x000001c0   Code   RO          755    .text               os_time.o
    0x08002ca8   0x00000060   Code   RO          773    .text               appenter_main.o
    0x08002d08   0x00000030   Code   RO          791    .text               stm32f10x_it.o
    0x08002d38   0x0000000c   Code   RO         9664    .text               c_w.l(exit.o)(c_w.l)
    0x08002d44   0x00000006   Code   RO         9686    .text               c_w.l(heapauxi.o)(c_w.l)
    0x08002d4a   0x00000002   PAD
    0x08002d4c   0x00000008   Code   RO         9915    .text               c_w.l(libspace.o)(c_w.l)
    0x08002d54   0x0000000c   Code   RO         9982    .text               c_w.l(sys_exit.o)(c_w.l)
    0x08002d60   0x00000002   Code   RO         9984    .text               c_w.l(use_no_semi.o)(c_w.l)
    0x08002d62   0x0000004a   Code   RO         9986    .text               c_w.l(sys_stackheap_outer.o)(c_w.l)
    0x08002dac   0x0000000c   Code   RO        10054    .text               c_w.l(rt_fp_status_addr_intlibspace.o)(c_w.l)
    0x08002db8   0x0000000e   Code   RO        10045    x$fpl$fpinit        fz_ws.l(fpinit.o)(fz_ws.l)
    0x08002dc6   0x00000002   PAD
    0x08002dc8   0x00000014   Data   RO           25    .constdata          system_stm32f10x.o
    0x08002ddc   0x00000100   Data   RO          659    .constdata          os_core.o
    0x08002edc   0x00000020   Data   RO        10074    Region$$Table       anon$$obj.o


    Execution Region RW_IRAM1 (Base: 0x20000000, Size: 0x00001270, Max: 0x00010000, ABSOLUTE)

    Base Addr    Size         Type   Attr      Idx    E Section Name        Object

    0x20000000   0x00000014   Data   RW          296    .data               stm32f10x_rcc.o
    0x20000014   0x00000048   Data   RW          660    .data               os_core.o
    0x2000005c   0x00000db0   Zero   RW          658    .bss                os_core.o
    0x20000e0c   0x00000200   Zero   RW          774    .bss                appenter_main.o
    0x2000100c   0x00000060   Zero   RW         9916    .bss                c_w.l(libspace.o)(c_w.l)
    0x2000106c   0x00000004   PAD
    0x20001070   0x00000000   Zero   RW            2    HEAP                startup_stm32f10x_hd.o
    0x20001070   0x00000200   Zero   RW            1    STACK               startup_stm32f10x_hd.o


==============================================================================

Image component sizes


      Code (inc. data)   RO Data    RW Data    ZI Data      Debug   Object Name

         0          0          0          0          0          0   app.o
        96          8          0          0        512          0   appenter_main.o
       108         12          0          0          0          0   bsp.o
         0          0          0          0          0          0   core_cm3.o
        52          6          0          0          0          0   led.o
      2244        212        256         72       3504          0   os_core.o
       164         32          0          0          0          0   os_cpu_a.o
       174          0          0          0          0          0   os_cpu_c.o
      2136         42          0          0          0          0   os_flag.o
      1512         28          0          0          0          0   os_q.o
      2024         70          0          0          0          0   os_task.o
       448         30          0          0          0          0   os_time.o
        72         26        304          0        512          0   startup_stm32f10x_hd.o
       812         18          0          0          0          0   stm32f10x_gpio.o
        48          0          0          0          0          0   stm32f10x_it.o
       928         52          0         20          0          0   stm32f10x_rcc.o
       292         18         20          0          0          0   system_stm32f10x.o

    ----------------------------------------------------------------------
     11112        554        612         92       4528          0   Object Totals
         0          0         32          0          0          0   (incl. Generated)
         2          0          0          0          0          3   (incl. Padding)

    ----------------------------------------------------------------------

      Code (inc. data)   RO Data    RW Data    ZI Data      Debug   Library Member Name

         8          0          0          0          0          0   __main.o
        52          8          0          0          0          0   __scatter.o
        26          0          0          0          0          0   __scatter_copy.o
        28          0          0          0          0          0   __scatter_zi.o
        12          0          0          0          0          0   exit.o
         6          0          0          0          0          0   heapauxi.o
         6          0          0          0          0          0   libinit.o
         2          0          0          0          0          0   libinit2.o
         2          0          0          0          0          0   libshutdown.o
         2          0          0          0          0          0   libshutdown2.o
         8          4          0          0         96          0   libspace.o
        12          4          0          0          0          0   rt_fp_status_addr_intlibspace.o
         0          0          0          0          0          0   rtentry.o
        12          0          0          0          0          0   rtentry2.o
         6          0          0          0          0          0   rtentry4.o
         2          0          0          0          0          0   rtexit.o
        10          0          0          0          0          0   rtexit2.o
        12          4          0          0          0          0   sys_exit.o
        74          0          0          0          0          0   sys_stackheap_outer.o
         2          0          0          0          0          0   use_no_semi.o
        14          0          0          0          0          0   fpinit.o

    ----------------------------------------------------------------------
       304         20          0          0        100          0   Library Totals
         8          0          0          0          4          0   (incl. Padding)

    ----------------------------------------------------------------------

      Code (inc. data)   RO Data    RW Data    ZI Data      Debug   Library Name

       282         20          0          0         96        640   c_w.l
        14          0          0          0          0         76   fz_ws.l

    ----------------------------------------------------------------------
       304         20          0          0        100          0   Library Totals

    ----------------------------------------------------------------------

==============================================================================


      Code (inc. data)   RO Data    RW Data    ZI Data      Debug   

     11416        574        612         92       4628     295484   Grand Totals
     11416        574        612         92       4628     295484   ELF Image Totals
     11416        574        612         92          0          0   ROM Totals

==============================================================================

    Total RO  Size (Code + RO Data)                12028 (  11.75kB)
    Total RW  Size (RW Data + ZI Data)              4720 (   4.61kB)
    Total ROM Size (Code + RO Data + RW Data)      12120 (  11.84kB)

==============================================================================

