ARM Linker, 4.1 [Build 481] [Standard]

==============================================================================

Section Cross References

    startup_stm32f10x_hd.o(RESET) refers to startup_stm32f10x_hd.o(.text) for Reset_Handler
    startup_stm32f10x_hd.o(RESET) refers to stm32f10x_it.o(.text) for NMI_Handler
    startup_stm32f10x_hd.o(RESET) refers to os_cpu_a.o(.text) for OS_CPU_PendSVHandler
    startup_stm32f10x_hd.o(.text) refers to startup_stm32f10x_hd.o(STACK) for __initial_sp
    startup_stm32f10x_hd.o(.text) refers to entry.o(.ARM.Collect$$$$00000000) for __main
    stm32f10x_adc.o(.text) refers to stm32f10x_rcc.o(.text) for RCC_APB2PeriphResetCmd
    stm32f10x_bkp.o(.text) refers to stm32f10x_rcc.o(.text) for RCC_BackupResetCmd
    stm32f10x_can.o(.text) refers to stm32f10x_rcc.o(.text) for RCC_APB1PeriphResetCmd
    stm32f10x_dac.o(.text) refers to stm32f10x_rcc.o(.text) for RCC_APB1PeriphResetCmd
    stm32f10x_gpio.o(.text) refers to stm32f10x_rcc.o(.text) for RCC_APB2PeriphResetCmd
    stm32f10x_i2c.o(.text) refers to stm32f10x_rcc.o(.text) for RCC_APB1PeriphResetCmd
    stm32f10x_pwr.o(.text) refers to stm32f10x_rcc.o(.text) for RCC_APB1PeriphResetCmd
    stm32f10x_rcc.o(.text) refers to stm32f10x_rcc.o(.data) for APBAHBPrescTable
    stm32f10x_spi.o(.text) refers to stm32f10x_rcc.o(.text) for RCC_APB2PeriphResetCmd
    stm32f10x_tim.o(.text) refers to stm32f10x_rcc.o(.text) for RCC_APB2PeriphResetCmd
    stm32f10x_usart.o(.text) refers to stm32f10x_rcc.o(.text) for RCC_APB2PeriphResetCmd
    stm32f10x_wwdg.o(.text) refers to stm32f10x_rcc.o(.text) for RCC_APB1PeriphResetCmd
    main.o(.text) refers to bsp.o(.text) for BSP_Init
    main.o(.text) refers to os_core.o(.text) for OSInit
    main.o(.text) refers to os_task.o(.text) for OSTaskCreate
    main.o(.text) refers to main.o(.bss) for startup_task_stk
    main.o(.text) refers to app.o(.text) for Task_LED
    stm32f10x_it.o(.text) refers to os_core.o(.text) for OSIntEnter
    stm32f10x_it.o(.text) refers to os_cpu_a.o(.text) for OS_CPU_SR_Save
    stm32f10x_it.o(.text) refers to stm32f10x_exti.o(.text) for EXTI_GetITStatus
    stm32f10x_it.o(.text) refers to ov7725.o(.data) for Ov7725_vsync
    bsp.o(.text) refers to system_stm32f10x.o(.text) for SystemInit
    bsp.o(.text) refers to led.o(.text) for LED_GPIO_Config
    bsp.o(.text) refers to system_stm32f10x.o(.constdata) for SystemFrequency
    led.o(.text) refers to stm32f10x_rcc.o(.text) for RCC_APB2PeriphClockCmd
    led.o(.text) refers to stm32f10x_gpio.o(.text) for GPIO_Init
    app.o(.text) refers to stm32f10x_gpio.o(.text) for GPIO_ResetBits
    app.o(.text) refers to os_time.o(.text) for OSTimeDlyHMSM
    app.o(.text) refers to sccb.o(.text) for SCCB_GPIO_Configuration
    app.o(.text) refers to ov7725.o(.text) for FIFO_GPIO_Configuration
    app.o(.text) refers to udp_config_app.o(.text) for UDP_task
    app.o(.text) refers to ethernetif.o(.text) for ethernetif_input
    app.o(.text) refers to imag_app.o(.text) for Get_imag_and_discor
    app.o(.text) refers to os_task.o(.text) for OSTaskCreate
    app.o(.text) refers to ov7725.o(.data) for Ov7725_vsync
    app.o(.text) refers to udp_config_app.o(.bss) for enc28j60
    app.o(.text) refers to app.o(.bss) for task_led3_stk
    udp_config_app.o(.text) refers to init.o(.text) for lwip_init
    udp_config_app.o(.text) refers to netif.o(.text) for netif_add
    udp_config_app.o(.text) refers to os_cpu_a.o(.text) for OS_CPU_SR_Save
    udp_config_app.o(.text) refers to usart1.o(.text) for USART1_printf
    udp_config_app.o(.text) refers to pbuf.o(.text) for pbuf_free
    udp_config_app.o(.text) refers to spi.o(.text) for SPI1_Init
    udp_config_app.o(.text) refers to udp.o(.text) for udp_new
    udp_config_app.o(.text) refers to etharp.o(.text) for ethernet_input
    udp_config_app.o(.text) refers to ethernetif.o(.text) for ethernetif_init
    udp_config_app.o(.text) refers to udp_config_app.o(.bss) for enc28j60
    udp_config_app.o(.text) refers to udp_config_app.o(.data) for p
    udp_config_app.o(.text) refers to udp_config_app.o(.constdata) for UDPData
    udp_config_app.o(.text) refers to ip_addr.o(.constdata) for ip_addr_any
    httpd.o(.text) refers to strncmp.o(.text) for strncmp
    httpd.o(.text) refers to tcp_out.o(.text) for tcp_write
    httpd.o(.text) refers to strstr.o(.text) for strstr
    httpd.o(.text) refers to strchr.o(.text) for strchr
    httpd.o(.text) refers to strcmp.o(.text) for strcmp
    httpd.o(.text) refers to stm32f10x_gpio.o(.text) for GPIO_ResetBits
    httpd.o(.text) refers to pbuf.o(.text) for pbuf_free
    httpd.o(.text) refers to tcp.o(.text) for tcp_close
    httpd.o(.text) refers to httpd.o(.constdata) for http_html_hdr
    httpd.o(.text) refers to ip_addr.o(.constdata) for ip_addr_any
    os_core.o(.text) refers to os_task.o(.text) for OSTaskStkChk
    os_core.o(.text) refers to os_time.o(.text) for OSTimeDly
    os_core.o(.text) refers to os_cpu_a.o(.text) for OS_CPU_SR_Save
[...]
    .ARM.Collect$$$$00002712                 0x08000140   Section        4  entry2.o(.ARM.Collect$$$$00002712)
    __lit__00000000                          0x08000140   Data           4  entry2.o(.ARM.Collect$$$$00002712)
    .text                                    0x08000144   Section       48  startup_stm32f10x_hd.o(.text)
    .text                                    0x08000174   Section        0  misc.o(.text)
    .text                                    0x0800026c   Section        0  stm32f10x_exti.o(.text)
    .text                                    0x080003cc   Section        0  stm32f10x_gpio.o(.text)
    .text                                    0x080006f8   Section        0  stm32f10x_rcc.o(.text)
    .text                                    0x08000a98   Section        0  stm32f10x_spi.o(.text)
    .text                                    0x08000d9c   Section        0  stm32f10x_usart.o(.text)
    .text                                    0x08001114   Section        0  system_stm32f10x.o(.text)
    SetSysClockTo72                          0x08001115   Thumb Code   198  system_stm32f10x.o(.text)
    SetSysClock                              0x080011db   Thumb Code     8  system_stm32f10x.o(.text)
    .text                                    0x08001238   Section        0  main.o(.text)
    .text                                    0x08001260   Section        0  stm32f10x_it.o(.text)
    .text                                    0x08001314   Section        0  bsp.o(.text)
    .text                                    0x08001380   Section        0  led.o(.text)
    .text                                    0x080013b4   Section        0  app.o(.text)
    .text                                    0x080014f0   Section        0  udp_config_app.o(.text)
    .text                                    0x08001600   Section        0  os_core.o(.text)
    OS_InitTaskStat                          0x080016ab   Thumb Code    56  os_core.o(.text)
    OS_InitTaskIdle                          0x08001705   Thumb Code    56  os_core.o(.text)
    OS_InitEventList                         0x0800174f   Thumb Code    74  os_core.o(.text)
    OS_InitTCBList                           0x08001799   Thumb Code   106  os_core.o(.text)
    OS_InitRdyList                           0x08001803   Thumb Code    44  os_core.o(.text)
    OS_InitMisc                              0x0800182f   Thumb Code    44  os_core.o(.text)
    OS_SchedNew                              0x080018a7   Thumb Code    26  os_core.o(.text)
    .text                                    0x08001ec8   Section        0  os_flag.o(.text)
    OS_FlagTaskRdy                           0x0800204f   Thumb Code    96  os_flag.o(.text)
    OS_FlagBlock                             0x08002217   Thumb Code   168  os_flag.o(.text)
    .text                                    0x08002720   Section        0  os_mem.o(.text)
    .text                                    0x08002904   Section        0  os_q.o(.text)
    .text                                    0x08002eec   Section        0  os_task.o(.text)
    .text                                    0x080036d4   Section        0  os_time.o(.text)
    .text                                    0x08003894   Section        0  os_cpu_c.o(.text)
    .text                                    0x08003944   Section      164  os_cpu_a.o(.text)
    .text                                    0x080039e8   Section        0  enc28j60.o(.text)
    .text                                    0x08003e28   Section        0  spi.o(.text)
    .text                                    0x08003ef4   Section        0  def.o(.text)
    .text                                    0x08003f32   Section        0  init.o(.text)
    .text                                    0x08003f50   Section        0  mem.o(.text)
    plug_holes                               0x08003f51   Thumb Code   218  mem.o(.text)
    .text                                    0x080046dc   Section        0  memp.o(.text)
    .text                                    0x08004910   Section        0  netif.o(.text)
    .text                                    0x08004c38   Section        0  pbuf.o(.text)
    .text                                    0x08005cac   Section        0  raw.o(.text)
    .text                                    0x08005eec   Section        0  stats.o(.text)
    .text                                    0x08005f2c   Section        0  tcp.o(.text)
    tcp_close_shutdown                       0x08006633   Thumb Code   460  tcp.o(.text)
    tcp_new_port                             0x08006c71   Thumb Code    96  tcp.o(.text)
    tcp_accept_null                          0x08006d79   Thumb Code     8  tcp.o(.text)
    tcp_kill_prio                            0x080070e7   Thumb Code    80  tcp.o(.text)
    tcp_kill_timewait                        0x08007137   Thumb Code    54  tcp.o(.text)
    .text                                    0x080073e8   Section        0  tcp_in.o(.text)
    tcp_receive                              0x080073e9   Thumb Code  2162  tcp_in.o(.text)
    tcp_parseopt                             0x08007c5b   Thumb Code   388  tcp_in.o(.text)
    tcp_process                              0x08007ddf   Thumb Code  1580  tcp_in.o(.text)
    tcp_listen_input                         0x0800840b   Thumb Code   294  tcp_in.o(.text)
    tcp_timewait_input                       0x08008531   Thumb Code   140  tcp_in.o(.text)
    .text                                    0x08008d1c   Section        0  tcp_out.o(.text)
    tcp_output_alloc_header                  0x08008d1d   Thumb Code   146  tcp_out.o(.text)
    tcp_create_segment                       0x08008daf   Thumb Code   202  tcp_out.o(.text)
    tcp_pbuf_prealloc                        0x080090a7   Thumb Code   450  tcp_out.o(.text)
    tcp_write_checks                         0x08009269   Thumb Code   208  tcp_out.o(.text)
    tcp_output_segment                       0x08009a8b   Thumb Code   244  tcp_out.o(.text)
    .text                                    0x0800a178   Section        0  timers.o(.text)
    .text                                    0x0800a17c   Section        0  udp.o(.text)
    udp_new_port                             0x0800a17f   Thumb Code    80  udp.o(.text)
    .text                                    0x0800a824   Section        0  icmp.o(.text)
    icmp_send_response                       0x0800aaa7   Thumb Code   176  icmp.o(.text)
    .text                                    0x0800acec   Section        0  inet_chksum.o(.text)
    lwip_standard_chksum                     0x0800aced   Thumb Code    94  inet_chksum.o(.text)
    .text                                    0x0800af9c   Section        0  ip.o(.text)
    .text                                    0x0800b4d8   Section        0  ip_addr.o(.text)
    .text                                    0x0800b7f8   Section        0  ip_frag.o(.text)
    ip_reass_dequeue_datagram                0x0800b7f9   Thumb Code    60  ip_frag.o(.text)
    ip_reass_free_complete_datagram          0x0800b835   Thumb Code   272  ip_frag.o(.text)
    ip_reass_remove_oldest_datagram          0x0800b97d   Thumb Code   118  ip_frag.o(.text)
    ip_reass_enqueue_new_datagram            0x0800b9f3   Thumb Code    96  ip_frag.o(.text)
    ip_reass_chain_frag_into_datagram_and_validate 0x0800ba53   Thumb Code   828  ip_frag.o(.text)
    ip_frag_alloc_pbuf_custom_ref            0x0800bf67   Thumb Code    10  ip_frag.o(.text)
    ip_frag_free_pbuf_custom_ref             0x0800bf71   Thumb Code    42  ip_frag.o(.text)
    ipfrag_free_pbuf_custom                  0x0800bf9b   Thumb Code    82  ip_frag.o(.text)
    .text                                    0x0800c270   Section        0  etharp.o(.text)
    etharp_free_entry                        0x0800c271   Thumb Code   112  etharp.o(.text)
    etharp_find_entry                        0x0800c371   Thumb Code   508  etharp.o(.text)
    etharp_send_ip                           0x0800c56d   Thumb Code    86  etharp.o(.text)
    etharp_update_arp_entry                  0x0800c5c3   Thumb Code   502  etharp.o(.text)
    etharp_arp_input                         0x0800c859   Thumb Code   420  etharp.o(.text)
    etharp_raw                               0x0800c9fd   Thumb Code   294  etharp.o(.text)
    etharp_output_to_arp_index               0x0800cb4b   Thumb Code   316  etharp.o(.text)
    .text                                    0x0800d1a8   Section        0  ethernetif.o(.text)
    low_level_init                           0x0800d1a9   Thumb Code    86  ethernetif.o(.text)
    low_level_output                         0x0800d1ff   Thumb Code    52  ethernetif.o(.text)
    low_level_input                          0x0800d233   Thumb Code    86  ethernetif.o(.text)
    .text                                    0x0800d30c   Section        0  imag_app.o(.text)
    .text                                    0x0800d46c   Section        0  ov7725.o(.text)
    VSYNC_GPIO_Configuration                 0x0800d4db   Thumb Code    38  ov7725.o(.text)
    VSYNC_NVIC_Configuration                 0x0800d501   Thumb Code    40  ov7725.o(.text)
    VSYNC_EXTI_Configuration                 0x0800d529   Thumb Code    46  ov7725.o(.text)
    .text                                    0x0800d670   Section        0  sccb.o(.text)
    SCCB_delay                               0x0800d6c5   Thumb Code    14  sccb.o(.text)
    SCCB_Start                               0x0800d6d3   Thumb Code    78  sccb.o(.text)
    SCCB_Stop                                0x0800d721   Thumb Code    52  sccb.o(.text)
    SCCB_Ack                                 0x0800d755   Thumb Code    52  sccb.o(.text)
    SCCB_NoAck                               0x0800d789   Thumb Code    52  sccb.o(.text)
    SCCB_WaitAck                             0x0800d7bd   Thumb Code    72  sccb.o(.text)
    SCCB_SendByte                            0x0800d805   Thumb Code    84  sccb.o(.text)
    SCCB_ReceiveByte                         0x0800d859   Thumb Code    80  sccb.o(.text)
    .text                                    0x0800d96c   Section        0  usart1.o(.text)
    itoa                                     0x0800d9fd   Thumb Code    98  usart1.o(.text)
    .text                                    0x0800db6c   Section        0  memcpya.o(.text)
    .text                                    0x0800db90   Section        0  memseta.o(.text)
    .text                                    0x0800dbb6   Section        0  strlen.o(.text)
    .text                                    0x0800dbc6   Section        0  memcmp.o(.text)
    .text                                    0x0800dbe0   Section        0  uldiv.o(.text)
    .text                                    0x0800dc48   Section       36  init.o(.text)
    .text                                    0x0800dc6c   Section        0  llshl.o(.text)
    .text                                    0x0800dc8a   Section        0  llushr.o(.text)
    .text                                    0x0800dcaa   Section        0  __dczerorl.o(.text)
    i.__0printf$5                            0x0800dce4   Section        0  printf5.o(i.__0printf$5)
    i.__scatterload_copy                     0x0800dd04   Section       14  handlers.o(i.__scatterload_copy)
    i.__scatterload_null                     0x0800dd12   Section        2  handlers.o(i.__scatterload_null)
    i.__scatterload_zeroinit                 0x0800dd14   Section       14  handlers.o(i.__scatterload_zeroinit)
    i._printf_core                           0x0800dd24   Section        0  printf5.o(i._printf_core)
    _printf_core                             0x0800dd25   Thumb Code   664  printf5.o(i._printf_core)
    .constdata                               0x0800dfe8   Section       20  system_stm32f10x.o(.constdata)
    .constdata                               0x0800dffc   Section       40  udp_config_app.o(.constdata)
    UDPData                                  0x0800dffc   Data          40  udp_config_app.o(.constdata)
    .constdata                               0x0800e024   Section      256  os_core.o(.constdata)
    .constdata                               0x0800e124   Section       36  memp.o(.constdata)
    memp_sizes                               0x0800e124   Data          18  memp.o(.constdata)
    memp_num                                 0x0800e136   Data          18  memp.o(.constdata)
    .constdata                               0x0800e148   Section       36  stats.o(.constdata)
    .constdata                               0x0800e16c   Section       80  tcp.o(.constdata)
    .constdata                               0x0800e1bc   Section       85  tcp_out.o(.constdata)
    .constdata                               0x0800e214   Section        8  ip_addr.o(.constdata)
    .constdata                               0x0800e21c   Section       80  etharp.o(.constdata)
    .conststring                             0x0800e26c   Section       90  stats.o(.conststring)
    .conststring                             0x0800e2c6   Section       97  tcp.o(.conststring)
    .data                                    0x20000000   Section       20  stm32f10x_rcc.o(.data)
    APBAHBPrescTable                         0x20000000   Data          16  stm32f10x_rcc.o(.data)
    ADCPrescTable                            0x20000010   Data           4  stm32f10x_rcc.o(.data)
    .data                                    0x20000014   Section        8  udp_config_app.o(.data)
    .data                                    0x2000001c   Section       76  os_core.o(.data)
    .data                                    0x20000068   Section        4  enc28j60.o(.data)
    Enc28j60Bank                             0x20000068   Data           1  enc28j60.o(.data)
    NextPacketPtr                            0x2000006a   Data           2  enc28j60.o(.data)
    .data                                    0x2000006c   Section       12  mem.o(.data)
    ram                                      0x2000006c   Data           4  mem.o(.data)
    ram_end                                  0x20000070   Data           4  mem.o(.data)
    lfree                                    0x20000074   Data           4  mem.o(.data)
    .data                                    0x20000078   Section        9  netif.o(.data)
    netif_num                                0x20000080   Data           1  netif.o(.data)
    .data                                    0x20000084   Section        4  raw.o(.data)
    raw_pcbs                                 0x20000084   Data           4  raw.o(.data)
    .data                                    0x20000088   Section       35  tcp.o(.data)
    tcp_port                                 0x20000088   Data           2  tcp.o(.data)
    iss                                      0x2000008c   Data           4  tcp.o(.data)
    tcp_timer                                0x200000a9   Data           1  tcp.o(.data)
    tcp_timer_ctr                            0x200000aa   Data           1  tcp.o(.data)
    .data                                    0x200000ac   Section       32  tcp_in.o(.data)
    tcphdr                                   0x200000ac   Data           4  tcp_in.o(.data)
    iphdr                                    0x200000b0   Data           4  tcp_in.o(.data)
    seqno                                    0x200000b4   Data           4  tcp_in.o(.data)
    ackno                                    0x200000b8   Data           4  tcp_in.o(.data)
    flags                                    0x200000bc   Data           1  tcp_in.o(.data)
    tcplen                                   0x200000be   Data           2  tcp_in.o(.data)
    recv_flags                               0x200000c0   Data           1  tcp_in.o(.data)
    recv_data                                0x200000c4   Data           4  tcp_in.o(.data)
    .data                                    0x200000cc   Section        8  udp.o(.data)
    udp_port                                 0x200000cc   Data           2  udp.o(.data)
    .data                                    0x200000d4   Section       18  ip.o(.data)
    ip_id                                    0x200000e4   Data           2  ip.o(.data)
    .data                                    0x200000e8   Section        6  ip_frag.o(.data)
    reassdatagrams                           0x200000e8   Data           4  ip_frag.o(.data)
    ip_reass_pbufcount                       0x200000ec   Data           2  ip_frag.o(.data)
    .data                                    0x200000ee   Section        1  etharp.o(.data)
    etharp_cached_entry                      0x200000ee   Data           1  etharp.o(.data)
    .data                                    0x200000ef   Section        6  ethernetif.o(.data)
    .data                                    0x200000f5   Section        2  ov7725.o(.data)
    .data                                    0x200000f7   Section      155  sensorconfig.o(.data)
    .data                                    0x20000194   Section        4  stdout.o(.data)
    .bss                                     0x20000198   Section      320  main.o(.bss)
    startup_task_stk                         0x20000198   Data         320  main.o(.bss)
    .bss                                     0x200002d8   Section      800  app.o(.bss)
    .bss                                     0x200005f8   Section       48  udp_config_app.o(.bss)
    .bss                                     0x20000628   Section     3624  os_core.o(.bss)
    .bss                                     0x20001450   Section     2068  mem.o(.bss)
    .bss                                     0x20001c64   Section    23903  memp.o(.bss)
    memp_tab                                 0x20001c64   Data          36  memp.o(.bss)
    memp_memory                              0x20001c88   Data       23867  memp.o(.bss)
    .bss                                     0x200079c4   Section      328  stats.o(.bss)
    .bss                                     0x20007b0c   Section       20  tcp_in.o(.bss)
    inseg                                    0x20007b0c   Data          20  tcp_in.o(.bss)
    .bss                                     0x20007b20   Section       16  ip_addr.o(.bss)
    str                                      0x20007b20   Data          16  ip_addr.o(.bss)
    .bss                                     0x20007b30   Section      200  etharp.o(.bss)
    arp_table                                0x20007b30   Data         200  etharp.o(.bss)
    .bss                                     0x20007bf8   Section     7581  ethernetif.o(.bss)
    .bss                                     0x20009996   Section      656  imag_app.o(.bss)
    STACK                                    0x20009c28   Section     4096  startup_stm32f10x_hd.o(STACK)

    Global Symbols

    Symbol Name                              Value     Ov Type        Size  Object(Section)

    BuildAttributes$$THM_ISAv4$P$D$K$B$S$PE$A:L22UL41UL21$X:L11$S22US41US21$IEEE1$IW$USESV6$~STKCKD$USESV7$~SHL$OSPACE$ROPI$EBA8$MICROLIB$REQ8$PRES8$EABIv2 0x00000000   Number         0  anon$$obj.o ABSOLUTE
    __ARM_use_no_argv                        0x00000000   Number         0  main.o ABSOLUTE
    _printf_a                                0x00000000   Number         0  stubs.o ABSOLUTE
    _printf_c                                0x00000000   Number         0  stubs.o ABSOLUTE
    _printf_charcount                        0x00000000   Number         0  stubs.o ABSOLUTE
    _printf_d                                0x00000000   Number         0  stubs.o ABSOLUTE
    _printf_e                                0x00000000   Number         0  stubs.o ABSOLUTE
    _printf_f                                0x00000000   Number         0  stubs.o ABSOLUTE
    _printf_flags                            0x00000000   Number         0  stubs.o ABSOLUTE
    _printf_fp_dec                           0x00000000   Number         0  stubs.o ABSOLUTE
    _printf_fp_hex                           0x00000000   Number         0  stubs.o ABSOLUTE
    _printf_g                                0x00000000   Number         0  stubs.o ABSOLUTE
    _printf_i                                0x00000000   Number         0  stubs.o ABSOLUTE
    _printf_int_dec                          0x00000000   Number         0  stubs.o ABSOLUTE
    _printf_l                                0x00000000   Number         0  stubs.o ABSOLUTE
    _printf_lc                               0x00000000   Number         0  stubs.o ABSOLUTE
    _printf_ll                               0x00000000   Number         0  stubs.o ABSOLUTE
    _printf_lld                              0x00000000   Number         0  stubs.o ABSOLUTE
    _printf_lli                              0x00000000   Number         0  stubs.o ABSOLUTE
    _printf_llo                              0x00000000   Number         0  stubs.o ABSOLUTE
    _printf_llu                              0x00000000   Number         0  stubs.o ABSOLUTE
    _printf_llx                              0x00000000   Number         0  stubs.o ABSOLUTE
    _printf_longlong_dec                     0x00000000   Number         0  stubs.o ABSOLUTE
    _printf_longlong_hex                     0x00000000   Number         0  stubs.o ABSOLUTE
    _printf_longlong_oct                     0x00000000   Number         0  stubs.o ABSOLUTE
    _printf_ls                               0x00000000   Number         0  stubs.o ABSOLUTE
    _printf_mbtowc                           0x00000000   Number         0  stubs.o ABSOLUTE
    _printf_n                                0x00000000   Number         0  stubs.o ABSOLUTE
    _printf_o                                0x00000000   Number         0  stubs.o ABSOLUTE
    _printf_p                                0x00000000   Number         0  stubs.o ABSOLUTE
    _printf_percent                          0x00000000   Number         0  stubs.o ABSOLUTE
    _printf_pre_padding                      0x00000000   Number         0  stubs.o ABSOLUTE
    _printf_return_value                     0x00000000   Number         0  stubs.o ABSOLUTE
    _printf_s                                0x00000000   Number         0  stubs.o ABSOLUTE
    _printf_sizespec                         0x00000000   Number         0  stubs.o ABSOLUTE
    _printf_str                              0x00000000   Number         0  stubs.o ABSOLUTE
    _printf_truncate_signed                  0x00000000   Number         0  stubs.o ABSOLUTE
    _printf_truncate_unsigned                0x00000000   Number         0  stubs.o ABSOLUTE
    _printf_u                                0x00000000   Number         0  stubs.o ABSOLUTE
    _printf_wc                               0x00000000   Number         0  stubs.o ABSOLUTE
    _printf_wctomb                           0x00000000   Number         0  stubs.o ABSOLUTE
    _printf_widthprec                        0x00000000   Number         0  stubs.o ABSOLUTE
    _printf_x                                0x00000000   Number         0  stubs.o ABSOLUTE
    __Vectors_Size                           0x00000130   Number         0  startup_stm32f10x_hd.o ABSOLUTE
    __Vectors                                0x08000000   Data           4  startup_stm32f10x_hd.o(RESET)
    __Vectors_End                            0x08000130   Data           0  startup_stm32f10x_hd.o(RESET)
    __main                                   0x08000131   Thumb Code     0  entry.o(.ARM.Collect$$$$00000000)
    _main_stk                                0x08000131   Thumb Code     0  entry2.o(.ARM.Collect$$$$00000001)
    _main_scatterload                        0x08000135   Thumb Code     0  entry5.o(.ARM.Collect$$$$00000004)
    __main_after_scatterload                 0x08000139   Thumb Code     0  entry5.o(.ARM.Collect$$$$00000004)
    _main_init                               0x08000139   Thumb Code     0  entry7.o(.ARM.Collect$$$$00000007)
    SystemInit_ExtMemCtl                     0x08000145   Thumb Code     2  startup_stm32f10x_hd.o(.text)
    Reset_Handler                            0x08000147   Thumb Code    14  startup_stm32f10x_hd.o(.text)
    ADC1_2_IRQHandler                        0x08000167   Thumb Code     0  startup_stm32f10x_hd.o(.text)
    ADC3_IRQHandler                          0x08000167   Thumb Code     0  startup_stm32f10x_hd.o(.text)
    CAN1_RX1_IRQHandler                      0x08000167   Thumb Code     0  startup_stm32f10x_hd.o(.text)
    CAN1_SCE_IRQHandler                      0x08000167   Thumb Code     0  startup_stm32f10x_hd.o(.text)
    DMA1_Channel1_IRQHandler                 0x08000167   Thumb Code     0  startup_stm32f10x_hd.o(.text)
    DMA1_Channel2_IRQHandler                 0x08000167   Thumb Code     0  startup_stm32f10x_hd.o(.text)
    DMA1_Channel3_IRQHandler                 0x08000167   Thumb Code     0  startup_stm32f10x_hd.o(.text)
    DMA1_Channel4_IRQHandler                 0x08000167   Thumb Code     0  startup_stm32f10x_hd.o(.text)
    DMA1_Channel5_IRQHandler                 0x08000167   Thumb Code     0  startup_stm32f10x_hd.o(.text)
    DMA1_Channel6_IRQHandler                 0x08000167   Thumb Code     0  startup_stm32f10x_hd.o(.text)
    DMA1_Channel7_IRQHandler                 0x08000167   Thumb Code     0  startup_stm32f10x_hd.o(.text)
    DMA2_Channel1_IRQHandler                 0x08000167   Thumb Code     0  startup_stm32f10x_hd.o(.text)
    DMA2_Channel2_IRQHandler                 0x08000167   Thumb Code     0  startup_stm32f10x_hd.o(.text)
    DMA2_Channel3_IRQHandler                 0x08000167   Thumb Code     0  startup_stm32f10x_hd.o(.text)
    DMA2_Channel4_5_IRQHandler               0x08000167   Thumb Code     0  startup_stm32f10x_hd.o(.text)
    EXTI15_10_IRQHandler                     0x08000167   Thumb Code     0  startup_stm32f10x_hd.o(.text)
    EXTI1_IRQHandler                         0x08000167   Thumb Code     0  startup_stm32f10x_hd.o(.text)
    EXTI2_IRQHandler                         0x08000167   Thumb Code     0  startup_stm32f10x_hd.o(.text)
    EXTI3_IRQHandler                         0x08000167   Thumb Code     0  startup_stm32f10x_hd.o(.text)
    EXTI4_IRQHandler                         0x08000167   Thumb Code     0  startup_stm32f10x_hd.o(.text)
    EXTI9_5_IRQHandler                       0x08000167   Thumb Code     0  startup_stm32f10x_hd.o(.text)
    FLASH_IRQHandler                         0x08000167   Thumb Code     0  startup_stm32f10x_hd.o(.text)
    FSMC_IRQHandler                          0x08000167   Thumb Code     0  startup_stm32f10x_hd.o(.text)
    I2C1_ER_IRQHandler                       0x08000167   Thumb Code     0  startup_stm32f10x_hd.o(.text)
    I2C1_EV_IRQHandler                       0x08000167   Thumb Code     0  startup_stm32f10x_hd.o(.text)
    I2C2_ER_IRQHandler                       0x08000167   Thumb Code     0  startup_stm32f10x_hd.o(.text)
    I2C2_EV_IRQHandler                       0x08000167   Thumb Code     0  startup_stm32f10x_hd.o(.text)
    PVD_IRQHandler                           0x08000167   Thumb Code     0  startup_stm32f10x_hd.o(.text)
    RCC_IRQHandler                           0x08000167   Thumb Code     0  startup_stm32f10x_hd.o(.text)
    RTCAlarm_IRQHandler                      0x08000167   Thumb Code     0  startup_stm32f10x_hd.o(.text)
    RTC_IRQHandler                           0x08000167   Thumb Code     0  startup_stm32f10x_hd.o(.text)
    SDIO_IRQHandler                          0x08000167   Thumb Code     0  startup_stm32f10x_hd.o(.text)
    SPI1_IRQHandler                          0x08000167   Thumb Code     0  startup_stm32f10x_hd.o(.text)
    SPI2_IRQHandler                          0x08000167   Thumb Code     0  startup_stm32f10x_hd.o(.text)
    SPI3_IRQHandler                          0x08000167   Thumb Code     0  startup_stm32f10x_hd.o(.text)
    TAMPER_IRQHandler                        0x08000167   Thumb Code     0  startup_stm32f10x_hd.o(.text)
    TIM1_BRK_IRQHandler                      0x08000167   Thumb Code     0  startup_stm32f10x_hd.o(.text)
    TIM1_CC_IRQHandler                       0x08000167   Thumb Code     0  startup_stm32f10x_hd.o(.text)
    TIM1_TRG_COM_IRQHandler                  0x08000167   Thumb Code     0  startup_stm32f10x_hd.o(.text)
    TIM1_UP_IRQHandler                       0x08000167   Thumb Code     0  startup_stm32f10x_hd.o(.text)
    TIM2_IRQHandler                          0x08000167   Thumb Code     0  startup_stm32f10x_hd.o(.text)
    TIM3_IRQHandler                          0x08000167   Thumb Code     0  startup_stm32f10x_hd.o(.text)
    TIM4_IRQHandler                          0x08000167   Thumb Code     0  startup_stm32f10x_hd.o(.text)
    TIM5_IRQHandler                          0x08000167   Thumb Code     0  startup_stm32f10x_hd.o(.text)
    TIM6_IRQHandler                          0x08000167   Thumb Code     0  startup_stm32f10x_hd.o(.text)
    TIM7_IRQHandler                          0x08000167   Thumb Code     0  startup_stm32f10x_hd.o(.text)
    TIM8_BRK_IRQHandler                      0x08000167   Thumb Code     0  startup_stm32f10x_hd.o(.text)
    TIM8_CC_IRQHandler                       0x08000167   Thumb Code     0  startup_stm32f10x_hd.o(.text)
    TIM8_TRG_COM_IRQHandler                  0x08000167   Thumb Code     0  startup_stm32f10x_hd.o(.text)
    TIM8_UP_IRQHandler                       0x08000167   Thumb Code     0  startup_stm32f10x_hd.o(.text)
    UART4_IRQHandler                         0x08000167   Thumb Code     0  startup_stm32f10x_hd.o(.text)
    UART5_IRQHandler                         0x08000167   Thumb Code     0  startup_stm32f10x_hd.o(.text)
    USART1_IRQHandler                        0x08000167   Thumb Code     0  startup_stm32f10x_hd.o(.text)
    USART2_IRQHandler                        0x08000167   Thumb Code     0  startup_stm32f10x_hd.o(.text)
    USART3_IRQHandler                        0x08000167   Thumb Code     0  startup_stm32f10x_hd.o(.text)
    USBWakeUp_IRQHandler                     0x08000167   Thumb Code     0  startup_stm32f10x_hd.o(.text)
    USB_HP_CAN1_TX_IRQHandler                0x08000167   Thumb Code     0  startup_stm32f10x_hd.o(.text)
    USB_LP_CAN1_RX0_IRQHandler               0x08000167   Thumb Code     0  startup_stm32f10x_hd.o(.text)
    WWDG_IRQHandler                          0x08000167   Thumb Code     0  startup_stm32f10x_hd.o(.text)
    NVIC_PriorityGroupConfig                 0x08000175   Thumb Code    10  misc.o(.text)
    NVIC_Init                                0x0800017f   Thumb Code   118  misc.o(.text)
    NVIC_SetVectorTable                      0x080001f5   Thumb Code    12  misc.o(.text)
    NVIC_SystemLPConfig                      0x08000201   Thumb Code    38  misc.o(.text)
    SysTick_CLKSourceConfig                  0x08000227   Thumb Code    40  misc.o(.text)
    EXTI_DeInit                              0x0800026d   Thumb Code    30  stm32f10x_exti.o(.text)
    EXTI_Init                                0x0800028b   Thumb Code   190  stm32f10x_exti.o(.text)
    EXTI_StructInit                          0x08000349   Thumb Code    16  stm32f10x_exti.o(.text)
    EXTI_GenerateSWInterrupt                 0x08000359   Thumb Code    16  stm32f10x_exti.o(.text)
    EXTI_GetFlagStatus                       0x08000369   Thumb Code    20  stm32f10x_exti.o(.text)
    EXTI_ClearFlag                           0x0800037d   Thumb Code     6  stm32f10x_exti.o(.text)
    EXTI_GetITStatus                         0x08000383   Thumb Code    34  stm32f10x_exti.o(.text)
    EXTI_ClearITPendingBit                   0x080003a5   Thumb Code     6  stm32f10x_exti.o(.text)
    GPIO_DeInit                              0x080003cd   Thumb Code   188  stm32f10x_gpio.o(.text)
    GPIO_AFIODeInit                          0x08000489   Thumb Code    20  stm32f10x_gpio.o(.text)
    GPIO_Init                                0x0800049d   Thumb Code   274  stm32f10x_gpio.o(.text)
    GPIO_StructInit                          0x080005af   Thumb Code    16  stm32f10x_gpio.o(.text)
    GPIO_ReadInputDataBit                    0x080005bf   Thumb Code    18  stm32f10x_gpio.o(.text)
    GPIO_ReadInputData                       0x080005d1   Thumb Code     8  stm32f10x_gpio.o(.text)
    GPIO_ReadOutputDataBit                   0x080005d9   Thumb Code    18  stm32f10x_gpio.o(.text)
    GPIO_ReadOutputData                      0x080005eb   Thumb Code     8  stm32f10x_gpio.o(.text)
    GPIO_SetBits                             0x080005f3   Thumb Code     4  stm32f10x_gpio.o(.text)
    GPIO_ResetBits                           0x080005f7   Thumb Code     4  stm32f10x_gpio.o(.text)
    GPIO_WriteBit                            0x080005fb   Thumb Code    10  stm32f10x_gpio.o(.text)
    GPIO_Write                               0x08000605   Thumb Code     4  stm32f10x_gpio.o(.text)
    GPIO_PinLockConfig                       0x08000609   Thumb Code    18  stm32f10x_gpio.o(.text)
    GPIO_EventOutputConfig                   0x0800061b   Thumb Code    26  stm32f10x_gpio.o(.text)
    GPIO_EventOutputCmd                      0x08000635   Thumb Code     6  stm32f10x_gpio.o(.text)
    GPIO_PinRemapConfig                      0x0800063b   Thumb Code   106  stm32f10x_gpio.o(.text)
    GPIO_EXTILineConfig                      0x080006a5   Thumb Code    66  stm32f10x_gpio.o(.text)
    RCC_DeInit                               0x080006f9   Thumb Code    62  stm32f10x_rcc.o(.text)
    RCC_HSEConfig                            0x08000737   Thumb Code    70  stm32f10x_rcc.o(.text)
    RCC_GetFlagStatus                        0x0800077d   Thumb Code    56  stm32f10x_rcc.o(.text)
    RCC_WaitForHSEStartUp                    0x080007b5   Thumb Code    46  stm32f10x_rcc.o(.text)
    RCC_AdjustHSICalibrationValue            0x080007e3   Thumb Code    20  stm32f10x_rcc.o(.text)
    RCC_HSICmd                               0x080007f7   Thumb Code     6  stm32f10x_rcc.o(.text)
    RCC_PLLConfig                            0x080007fd   Thumb Code    24  stm32f10x_rcc.o(.text)
    RCC_PLLCmd                               0x08000815   Thumb Code     6  stm32f10x_rcc.o(.text)
    RCC_SYSCLKConfig                         0x0800081b   Thumb Code    18  stm32f10x_rcc.o(.text)
    RCC_GetSYSCLKSource                      0x0800082d   Thumb Code    10  stm32f10x_rcc.o(.text)
    RCC_HCLKConfig                           0x08000837   Thumb Code    18  stm32f10x_rcc.o(.text)
    RCC_PCLK1Config                          0x08000849   Thumb Code    18  stm32f10x_rcc.o(.text)
    RCC_PCLK2Config                          0x0800085b   Thumb Code    20  stm32f10x_rcc.o(.text)
    RCC_ITConfig                             0x0800086f   Thumb Code    30  stm32f10x_rcc.o(.text)
    RCC_USBCLKConfig                         0x0800088d   Thumb Code     6  stm32f10x_rcc.o(.text)
    RCC_ADCCLKConfig                         0x08000893   Thumb Code    18  stm32f10x_rcc.o(.text)
    RCC_LSEConfig                            0x080008a5   Thumb Code    44  stm32f10x_rcc.o(.text)
    RCC_LSICmd                               0x080008d1   Thumb Code     6  stm32f10x_rcc.o(.text)
    RCC_RTCCLKConfig                         0x080008d7   Thumb Code    12  stm32f10x_rcc.o(.text)
    RCC_RTCCLKCmd                            0x080008e3   Thumb Code     6  stm32f10x_rcc.o(.text)
    RCC_GetClocksFreq                        0x080008e9   Thumb Code   192  stm32f10x_rcc.o(.text)
    RCC_AHBPeriphClockCmd                    0x080009a9   Thumb Code    26  stm32f10x_rcc.o(.text)
    RCC_APB2PeriphClockCmd                   0x080009c3   Thumb Code    26  stm32f10x_rcc.o(.text)
    RCC_APB1PeriphClockCmd                   0x080009dd   Thumb Code    26  stm32f10x_rcc.o(.text)
    RCC_APB2PeriphResetCmd                   0x080009f7   Thumb Code    26  stm32f10x_rcc.o(.text)
    RCC_APB1PeriphResetCmd                   0x08000a11   Thumb Code    26  stm32f10x_rcc.o(.text)
    RCC_BackupResetCmd                       0x08000a2b   Thumb Code     6  stm32f10x_rcc.o(.text)
    RCC_ClockSecuritySystemCmd               0x08000a31   Thumb Code     6  stm32f10x_rcc.o(.text)
    RCC_MCOConfig                            0x08000a37   Thumb Code     6  stm32f10x_rcc.o(.text)
    RCC_ClearFlag                            0x08000a3d   Thumb Code    14  stm32f10x_rcc.o(.text)
    RCC_GetITStatus                          0x08000a4b   Thumb Code    20  stm32f10x_rcc.o(.text)
    RCC_ClearITPendingBit                    0x08000a5f   Thumb Code     6  stm32f10x_rcc.o(.text)
    SPI_I2S_DeInit                           0x08000a99   Thumb Code    88  stm32f10x_spi.o(.text)
    SPI_Init                                 0x08000af1   Thumb Code    60  stm32f10x_spi.o(.text)
    I2S_Init                                 0x08000b2d   Thumb Code   206  stm32f10x_spi.o(.text)
    SPI_StructInit                           0x08000bfb   Thumb Code    24  stm32f10x_spi.o(.text)
    I2S_StructInit                           0x08000c13   Thumb Code    20  stm32f10x_spi.o(.text)
    SPI_Cmd                                  0x08000c27   Thumb Code    24  stm32f10x_spi.o(.text)
    I2S_Cmd                                  0x08000c3f   Thumb Code    24  stm32f10x_spi.o(.text)
    SPI_I2S_ITConfig                         0x08000c57   Thumb Code    36  stm32f10x_spi.o(.text)
    SPI_I2S_DMACmd                           0x08000c7b   Thumb Code    24  stm32f10x_spi.o(.text)
    SPI_I2S_SendData                         0x08000c93   Thumb Code     4  stm32f10x_spi.o(.text)
    SPI_I2S_ReceiveData                      0x08000c97   Thumb Code     6  stm32f10x_spi.o(.text)
    SPI_NSSInternalSoftwareConfig            0x08000c9d   Thumb Code    30  stm32f10x_spi.o(.text)
    SPI_SSOutputCmd                          0x08000cbb   Thumb Code    24  stm32f10x_spi.o(.text)
    SPI_DataSizeConfig                       0x08000cd3   Thumb Code    18  stm32f10x_spi.o(.text)
    SPI_TransmitCRC                          0x08000ce5   Thumb Code    10  stm32f10x_spi.o(.text)
    SPI_CalculateCRC                         0x08000cef   Thumb Code    24  stm32f10x_spi.o(.text)
    SPI_GetCRC                               0x08000d07   Thumb Code    16  stm32f10x_spi.o(.text)
    SPI_GetCRCPolynomial                     0x08000d17   Thumb Code     6  stm32f10x_spi.o(.text)
    SPI_BiDirectionalLineConfig              0x08000d1d   Thumb Code    28  stm32f10x_spi.o(.text)
    SPI_I2S_GetFlagStatus                    0x08000d39   Thumb Code    18  stm32f10x_spi.o(.text)
    SPI_I2S_ClearFlag                        0x08000d4b   Thumb Code     6  stm32f10x_spi.o(.text)
    SPI_I2S_GetITStatus                      0x08000d51   Thumb Code    52  stm32f10x_spi.o(.text)
    SPI_I2S_ClearITPendingBit                0x08000d85   Thumb Code    20  stm32f10x_spi.o(.text)
    USART_DeInit                             0x08000d9d   Thumb Code   146  stm32f10x_usart.o(.text)
    USART_Init                               0x08000e2f   Thumb Code   150  stm32f10x_usart.o(.text)
    USART_StructInit                         0x08000ec5   Thumb Code    24  stm32f10x_usart.o(.text)
    USART_ClockInit                          0x08000edd   Thumb Code    34  stm32f10x_usart.o(.text)
    USART_ClockStructInit                    0x08000eff   Thumb Code    12  stm32f10x_usart.o(.text)
    USART_Cmd                                0x08000f0b   Thumb Code    24  stm32f10x_usart.o(.text)
    USART_ITConfig                           0x08000f23   Thumb Code    64  stm32f10x_usart.o(.text)
    USART_DMACmd                             0x08000f63   Thumb Code    24  stm32f10x_usart.o(.text)
    USART_SetAddress                         0x08000f7b   Thumb Code    18  stm32f10x_usart.o(.text)
    USART_WakeUpConfig                       0x08000f8d   Thumb Code    18  stm32f10x_usart.o(.text)
    USART_ReceiverWakeUpCmd                  0x08000f9f   Thumb Code    24  stm32f10x_usart.o(.text)
    USART_LINBreakDetectLengthConfig         0x08000fb7   Thumb Code    18  stm32f10x_usart.o(.text)
    USART_LINCmd                             0x08000fc9   Thumb Code    24  stm32f10x_usart.o(.text)
    USART_SendData                           0x08000fe1   Thumb Code     8  stm32f10x_usart.o(.text)
    USART_ReceiveData                        0x08000fe9   Thumb Code    10  stm32f10x_usart.o(.text)
    USART_SendBreak                          0x08000ff3   Thumb Code    10  stm32f10x_usart.o(.text)
    USART_SetGuardTime                       0x08000ffd   Thumb Code    16  stm32f10x_usart.o(.text)
    USART_SetPrescaler                       0x0800100d   Thumb Code    16  stm32f10x_usart.o(.text)
    USART_SmartCardCmd                       0x0800101d   Thumb Code    24  stm32f10x_usart.o(.text)
    USART_SmartCardNACKCmd                   0x08001035   Thumb Code    24  stm32f10x_usart.o(.text)
    USART_HalfDuplexCmd                      0x0800104d   Thumb Code    24  stm32f10x_usart.o(.text)
    USART_IrDAConfig                         0x08001065   Thumb Code    18  stm32f10x_usart.o(.text)
    USART_IrDACmd                            0x08001077   Thumb Code    24  stm32f10x_usart.o(.text)
    USART_GetFlagStatus                      0x0800108f   Thumb Code    18  stm32f10x_usart.o(.text)
    USART_ClearFlag                          0x080010a1   Thumb Code     6  stm32f10x_usart.o(.text)
    USART_GetITStatus                        0x080010a7   Thumb Code    76  stm32f10x_usart.o(.text)
    USART_ClearITPendingBit                  0x080010f3   Thumb Code    20  stm32f10x_usart.o(.text)
    SystemInit                               0x080011e3   Thumb Code    68  system_stm32f10x.o(.text)
    main                                     0x08001239   Thumb Code    30  main.o(.text)
    NMI_Handler                              0x08001261   Thumb Code     2  stm32f10x_it.o(.text)
    HardFault_Handler                        0x08001263   Thumb Code     4  stm32f10x_it.o(.text)
    MemManage_Handler                        0x08001267   Thumb Code     4  stm32f10x_it.o(.text)
    BusFault_Handler                         0x0800126b   Thumb Code     4  stm32f10x_it.o(.text)
    UsageFault_Handler                       0x0800126f   Thumb Code     4  stm32f10x_it.o(.text)
    SVC_Handler                              0x08001273   Thumb Code     2  stm32f10x_it.o(.text)
    DebugMon_Handler                         0x08001275   Thumb Code     2  stm32f10x_it.o(.text)
    PendSV_Handler                           0x08001277   Thumb Code     2  stm32f10x_it.o(.text)
    SysTick_Handler                          0x08001279   Thumb Code    16  stm32f10x_it.o(.text)
    EXTI0_IRQHandler                         0x08001289   Thumb Code   116  stm32f10x_it.o(.text)
    SysTick_init                             0x08001315   Thumb Code    80  bsp.o(.text)
    BSP_Init                                 0x08001365   Thumb Code    16  bsp.o(.text)
    LED_GPIO_Config                          0x08001381   Thumb Code    46  led.o(.text)
    Task_LED2                                0x080013b5   Thumb Code    44  app.o(.text)
    Task_LED3                                0x080013e1   Thumb Code   156  app.o(.text)
    Task_LED                                 0x0800147d   Thumb Code    84  app.o(.text)
    LwIP_Init                                0x080014f1   Thumb Code    60  udp_config_app.o(.text)
    UDP_receive                              0x0800152d   Thumb Code    48  udp_config_app.o(.text)
    UDP_task                                 0x0800155d   Thumb Code   108  udp_config_app.o(.text)
    OS_TaskStatStkChk                        0x08001601   Thumb Code    54  os_core.o(.text)
    OS_TaskStat                              0x08001637   Thumb Code   116  os_core.o(.text)
    OS_TaskIdle                              0x080016e3   Thumb Code    34  os_core.o(.text)
    OS_MemClr                                0x0800173d   Thumb Code    18  os_core.o(.text)
    OSInit                                   0x0800185b   Thumb Code    48  os_core.o(.text)
    OSIntEnter                               0x0800188b   Thumb Code    28  os_core.o(.text)
    OSIntExit                                0x080018c1   Thumb Code   112  os_core.o(.text)
    OSSchedLock                              0x08001931   Thumb Code    50  os_core.o(.text)
    OS_Sched                                 0x08001963   Thumb Code    88  os_core.o(.text)
    OSSchedUnlock                            0x080019bb   Thumb Code   230  os_core.o(.text)
    OSStart                                  0x08001aa1   Thumb Code    48  os_core.o(.text)
    OSStatInit                               0x08001ad1   Thumb Code    62  os_core.o(.text)
    OSTimeTick                               0x08001b0f   Thumb Code   218  os_core.o(.text)
    OSVersion                                0x08001be9   Thumb Code     6  os_core.o(.text)
    OS_Dummy                                 0x08001bef   Thumb Code     2  os_core.o(.text)
    OS_EventTaskRemove                       0x08001bf1   Thumb Code    50  os_core.o(.text)
    OS_EventTaskRdy                          0x08001c23   Thumb Code   124  os_core.o(.text)
    OS_EventTaskWait                         0x08001c9f   Thumb Code   120  os_core.o(.text)
    OS_EventWaitListInit                     0x08001d17   Thumb Code    28  os_core.o(.text)
    OS_MemCopy                               0x08001d33   Thumb Code    20  os_core.o(.text)
    OS_StrLen                                0x08001d47   Thumb Code    20  os_core.o(.text)
    OS_TCBInit                               0x08001d5b   Thumb Code   366  os_core.o(.text)
    OSFlagAccept                             0x08001ec9   Thumb Code   268  os_flag.o(.text)
    OSFlagCreate                             0x08001fd5   Thumb Code    86  os_flag.o(.text)
    OS_FlagUnlink                            0x0800202b   Thumb Code    36  os_flag.o(.text)
    OSFlagDel                                0x080020af   Thumb Code   214  os_flag.o(.text)
    OSFlagNameGet                            0x08002185   Thumb Code    80  os_flag.o(.text)
    OSFlagNameSet                            0x080021d5   Thumb Code    66  os_flag.o(.text)
    OSFlagPend                               0x080022bf   Thumb Code   632  os_flag.o(.text)
    OSFlagPendGetFlagsRdy                    0x08002537   Thumb Code    26  os_flag.o(.text)
    OSFlagPost                               0x08002551   Thumb Code   324  os_flag.o(.text)
    OSFlagQuery                              0x08002695   Thumb Code    48  os_flag.o(.text)
    OS_FlagInit                              0x080026c5   Thumb Code    78  os_flag.o(.text)
    OSMemCreate                              0x08002721   Thumb Code   118  os_mem.o(.text)
    OSMemGet                                 0x08002797   Thumb Code    62  os_mem.o(.text)
    OSMemNameGet                             0x080027d5   Thumb Code    60  os_mem.o(.text)
    OSMemNameSet                             0x08002811   Thumb Code    48  os_mem.o(.text)
    OSMemPut                                 0x08002841   Thumb Code    54  os_mem.o(.text)
    OSMemQuery                               0x08002877   Thumb Code    52  os_mem.o(.text)
    OS_MemInit                               0x080028ab   Thumb Code    74  os_mem.o(.text)
    OSQAccept                                0x08002905   Thumb Code    88  os_q.o(.text)
    OSQCreate                                0x0800295d   Thumb Code   140  os_q.o(.text)
    OSQDel                                   0x080029e9   Thumb Code   236  os_q.o(.text)
    OSQFlush                                 0x08002ad5   Thumb Code    36  os_q.o(.text)
    OSQPend                                  0x08002af9   Thumb Code   272  os_q.o(.text)
    OSQPendAbort                             0x08002c09   Thumb Code   128  os_q.o(.text)
    OSQPost                                  0x08002c89   Thumb Code   114  os_q.o(.text)
    OSQPostFront                             0x08002cfb   Thumb Code   138  os_q.o(.text)
    OSQPostOpt                               0x08002d85   Thumb Code   182  os_q.o(.text)
    OSQQuery                                 0x08002e3b   Thumb Code    98  os_q.o(.text)
    OS_QInit                                 0x08002e9d   Thumb Code    72  os_q.o(.text)
    OSTaskChangePrio                         0x08002eed   Thumb Code   324  os_task.o(.text)
    OSTaskCreate                             0x08003031   Thumb Code   146  os_task.o(.text)
    OS_TaskStkClr                            0x080030c3   Thumb Code    26  os_task.o(.text)
    OSTaskCreateExt                          0x080030dd   Thumb Code   170  os_task.o(.text)
    OSTaskDel                                0x08003187   Thumb Code   302  os_task.o(.text)
    OSTaskDelReq                             0x080032b5   Thumb Code   146  os_task.o(.text)
    OSTaskNameGet                            0x08003347   Thumb Code   114  os_task.o(.text)
    OSTaskNameSet                            0x080033b9   Thumb Code    98  os_task.o(.text)
    OSTaskResume                             0x0800341b   Thumb Code   160  os_task.o(.text)
    OSTaskStkChk                             0x080034bb   Thumb Code   132  os_task.o(.text)
    OSTaskSuspend                            0x0800353f   Thumb Code   160  os_task.o(.text)
    OSTaskQuery                              0x080035df   Thumb Code    82  os_task.o(.text)
    OSTaskRegGet                             0x08003631   Thumb Code    60  os_task.o(.text)
    OSTaskRegSet                             0x0800366d   Thumb Code    62  os_task.o(.text)
    OS_TaskReturn                            0x080036ab   Thumb Code    18  os_task.o(.text)
    OSTimeDly                                0x080036d5   Thumb Code   108  os_time.o(.text)
    OSTimeDlyHMSM                            0x08003741   Thumb Code    86  os_time.o(.text)
    OSTimeDlyResume                          0x08003797   Thumb Code   176  os_time.o(.text)
    OSTimeGet                                0x08003847   Thumb Code    24  os_time.o(.text)
    OSTimeSet                                0x0800385f   Thumb Code    24  os_time.o(.text)
    OSInitHookBegin                          0x08003895   Thumb Code     2  os_cpu_c.o(.text)
    OSTaskReturnHook                         0x08003897   Thumb Code     2  os_cpu_c.o(.text)
    OSInitHookEnd                            0x08003899   Thumb Code     2  os_cpu_c.o(.text)
    OSTaskCreateHook                         0x0800389b   Thumb Code     2  os_cpu_c.o(.text)
    OSTaskDelHook                            0x0800389d   Thumb Code     2  os_cpu_c.o(.text)
    OSTaskIdleHook                           0x0800389f   Thumb Code     2  os_cpu_c.o(.text)
    OSTaskStatHook                           0x080038a1   Thumb Code     2  os_cpu_c.o(.text)
    OSTaskStkInit                            0x080038a3   Thumb Code   154  os_cpu_c.o(.text)
    OSTaskSwHook                             0x0800393d   Thumb Code     2  os_cpu_c.o(.text)
    OSTCBInitHook                            0x0800393f   Thumb Code     2  os_cpu_c.o(.text)
    OSTimeTickHook                           0x08003941   Thumb Code     2  os_cpu_c.o(.text)
    OS_CPU_SR_Save                           0x08003945   Thumb Code     0  os_cpu_a.o(.text)
    OS_CPU_SR_Restore                        0x0800394d   Thumb Code     0  os_cpu_a.o(.text)
    OSStartHighRdy                           0x08003953   Thumb Code     0  os_cpu_a.o(.text)
    OSCtxSw                                  0x08003973   Thumb Code     0  os_cpu_a.o(.text)
    OSIntCtxSw                               0x0800397d   Thumb Code     0  os_cpu_a.o(.text)
    OS_CPU_PendSVHandler                     0x08003987   Thumb Code     0  os_cpu_a.o(.text)
    enc28j60ReadOp                           0x080039e9   Thumb Code    76  enc28j60.o(.text)
    enc28j60WriteOp                          0x08003a35   Thumb Code    68  enc28j60.o(.text)
    enc28j60ReadBuffer                       0x08003a79   Thumb Code    68  enc28j60.o(.text)
    enc28j60WriteBuffer                      0x08003abd   Thumb Code    64  enc28j60.o(.text)
    enc28j60SetBank                          0x08003afd   Thumb Code    48  enc28j60.o(.text)
    enc28j60Read                             0x08003b2d   Thumb Code    20  enc28j60.o(.text)
    enc28j60Write                            0x08003b41   Thumb Code    24  enc28j60.o(.text)
    enc28j60PhyWrite                         0x08003b59   Thumb Code    46  enc28j60.o(.text)
    enc28j60clkout                           0x08003b87   Thumb Code    16  enc28j60.o(.text)
    enc28j60_soft_RST                        0x08003b97   Thumb Code    14  enc28j60.o(.text)
    enc28j60Init                             0x08003ba5   Thumb Code   320  enc28j60.o(.text)
    enc28j60getrev                           0x08003ce5   Thumb Code    10  enc28j60.o(.text)
    enc28j60PacketSend                       0x08003cef   Thumb Code   102  enc28j60.o(.text)
    enc28j60PacketReceive                    0x08003d55   Thumb Code   206  enc28j60.o(.text)
    SPI1_Init                                0x08003e29   Thumb Code   146  spi.o(.text)
    SPI1_ReadWrite                           0x08003ebb   Thumb Code    50  spi.o(.text)
    lwip_htons                               0x08003ef5   Thumb Code    12  def.o(.text)
    lwip_ntohs                               0x08003f01   Thumb Code    12  def.o(.text)
    lwip_htonl                               0x08003f0d   Thumb Code    26  def.o(.text)
    lwip_ntohl                               0x08003f27   Thumb Code    12  def.o(.text)
    lwip_init                                0x08003f33   Thumb Code    28  init.o(.text)
    mem_init                                 0x0800402b   Thumb Code    82  mem.o(.text)
    mem_free                                 0x0800407d   Thumb Code   198  mem.o(.text)
    mem_trim                                 0x08004143   Thumb Code   374  mem.o(.text)
    mem_malloc                               0x080042b9   Thumb Code   848  mem.o(.text)
    mem_calloc                               0x08004609   Thumb Code    34  mem.o(.text)
    memp_init                                0x080046dd   Thumb Code   122  memp.o(.text)
    memp_malloc                              0x08004757   Thumb Code   170  memp.o(.text)
    memp_free                                0x08004801   Thumb Code    78  memp.o(.text)
    netif_init                               0x08004911   Thumb Code     2  netif.o(.text)
    netif_set_gw                             0x08004913   Thumb Code    16  netif.o(.text)
    netif_set_netmask                        0x08004923   Thumb Code    16  netif.o(.text)
    netif_set_ipaddr                         0x08004933   Thumb Code   122  netif.o(.text)
    netif_set_addr                           0x080049ad   Thumb Code    40  netif.o(.text)
    netif_add                                0x080049d5   Thumb Code   146  netif.o(.text)
    netif_set_default                        0x08004a67   Thumb Code    10  netif.o(.text)
    netif_set_down                           0x08004a71   Thumb Code    42  netif.o(.text)
    netif_remove                             0x08004a9b   Thumb Code    94  netif.o(.text)
    netif_find                               0x08004af9   Thumb Code    72  netif.o(.text)
    netif_set_up                             0x08004b41   Thumb Code    54  netif.o(.text)
    netif_set_link_up                        0x08004b77   Thumb Code    54  netif.o(.text)
    netif_set_link_down                      0x08004bad   Thumb Code    24  netif.o(.text)
    pbuf_free                                0x08004c39   Thumb Code   258  pbuf.o(.text)
    pbuf_alloc                               0x08004d3b   Thumb Code   660  pbuf.o(.text)
    pbuf_alloced_custom                      0x08004fcf   Thumb Code   642  pbuf.o(.text)
    pbuf_realloc                             0x08005251   Thumb Code   266  pbuf.o(.text)
    pbuf_header                              0x0800535b   Thumb Code   214  pbuf.o(.text)
    pbuf_clen                                0x08005431   Thumb Code    18  pbuf.o(.text)
    pbuf_ref                                 0x08005443   Thumb Code    10  pbuf.o(.text)
    pbuf_cat                                 0x0800544d   Thumb Code   136  pbuf.o(.text)
    pbuf_chain                               0x080054d5   Thumb Code    26  pbuf.o(.text)
    pbuf_dechain                             0x080054ef   Thumb Code   130  pbuf.o(.text)
    pbuf_copy                                0x08005571   Thumb Code   788  pbuf.o(.text)
    pbuf_copy_partial                        0x08005885   Thumb Code   190  pbuf.o(.text)
    pbuf_take                                0x08005943   Thumb Code   210  pbuf.o(.text)
    pbuf_coalesce                            0x08005a15   Thumb Code    84  pbuf.o(.text)
    pbuf_get_at                              0x08005a69   Thumb Code    46  pbuf.o(.text)
    pbuf_memcmp                              0x08005a97   Thumb Code    96  pbuf.o(.text)
    pbuf_memfind                             0x08005af7   Thumb Code    76  pbuf.o(.text)
    pbuf_strstr                              0x08005b43   Thumb Code    60  pbuf.o(.text)
    raw_input                                0x08005cad   Thumb Code   102  raw.o(.text)
    raw_bind                                 0x08005d13   Thumb Code    16  raw.o(.text)
    raw_connect                              0x08005d23   Thumb Code    16  raw.o(.text)
    raw_recv                                 0x08005d33   Thumb Code     6  raw.o(.text)
    raw_sendto                               0x08005d39   Thumb Code   186  raw.o(.text)
    raw_send                                 0x08005df3   Thumb Code    18  raw.o(.text)
    raw_remove                               0x08005e05   Thumb Code    60  raw.o(.text)
    raw_new                                  0x08005e41   Thumb Code    46  raw.o(.text)
    stats_init                               0x08005eed   Thumb Code    52  stats.o(.text)
    tcp_init                                 0x08005f2d   Thumb Code     2  tcp.o(.text)
    tcp_seg_free                             0x08005f2f   Thumb Code    26  tcp.o(.text)
    tcp_segs_free                            0x08005f49   Thumb Code    24  tcp.o(.text)
    tcp_pcb_purge                            0x08005f61   Thumb Code    88  tcp.o(.text)
    tcp_slowtmr                              0x08005fb9   Thumb Code  1466  tcp.o(.text)
    tcp_pcb_remove                           0x08006573   Thumb Code   192  tcp.o(.text)
    tcp_close                                0x080067ff   Thumb Code    28  tcp.o(.text)
    tcp_update_rcv_ann_wnd                   0x0800681b   Thumb Code   106  tcp.o(.text)
    tcp_recved                               0x08006885   Thumb Code   136  tcp.o(.text)
    tcp_recv_null                            0x0800690d   Thumb Code   296  tcp.o(.text)
    tcp_process_refused_data                 0x08006a35   Thumb Code   148  tcp.o(.text)
    tcp_fasttmr                              0x08006ac9   Thumb Code   114  tcp.o(.text)
    tcp_tmr                                  0x08006b3b   Thumb Code    30  tcp.o(.text)
    tcp_shutdown                             0x08006b59   Thumb Code    98  tcp.o(.text)
    tcp_abandon                              0x08006bbb   Thumb Code   168  tcp.o(.text)
    tcp_abort                                0x08006c63   Thumb Code    14  tcp.o(.text)
    tcp_bind                                 0x08006cd1   Thumb Code   168  tcp.o(.text)
    tcp_listen_with_backlog                  0x08006d81   Thumb Code   220  tcp.o(.text)
    tcp_eff_send_mss                         0x08006e5d   Thumb Code    46  tcp.o(.text)
    tcp_next_iss                             0x08006e8b   Thumb Code    20  tcp.o(.text)
    tcp_connect                              0x08006e9f   Thumb Code   580  tcp.o(.text)
    tcp_setprio                              0x080070e3   Thumb Code     4  tcp.o(.text)
    tcp_alloc                                0x0800716d   Thumb Code   236  tcp.o(.text)
    tcp_new                                  0x08007259   Thumb Code    10  tcp.o(.text)
    tcp_arg                                  0x08007263   Thumb Code     4  tcp.o(.text)
    tcp_recv                                 0x08007267   Thumb Code    42  tcp.o(.text)
    tcp_sent                                 0x08007291   Thumb Code    42  tcp.o(.text)
    tcp_err                                  0x080072bb   Thumb Code    44  tcp.o(.text)
    tcp_accept                               0x080072e7   Thumb Code     4  tcp.o(.text)
    tcp_poll                                 0x080072eb   Thumb Code    50  tcp.o(.text)
    tcp_debug_state_str                      0x0800731d   Thumb Code    10  tcp.o(.text)
    tcp_input                                0x080085bd   Thumb Code  1842  tcp_in.o(.text)
    tcp_enqueue_flags                        0x08008e79   Thumb Code   484  tcp_out.o(.text)
    tcp_send_fin                             0x0800905d   Thumb Code    74  tcp_out.o(.text)
    tcp_write                                0x08009339   Thumb Code  1770  tcp_out.o(.text)
    tcp_send_empty_ack                       0x08009a23   Thumb Code   104  tcp_out.o(.text)
    tcp_output                               0x08009b7f   Thumb Code   730  tcp_out.o(.text)
    tcp_rst                                  0x08009e59   Thumb Code   194  tcp_out.o(.text)
    tcp_rexmit_rto                           0x08009f1b   Thumb Code    58  tcp_out.o(.text)
    tcp_rexmit                               0x08009f55   Thumb Code    90  tcp_out.o(.text)
    tcp_rexmit_fast                          0x08009faf   Thumb Code   120  tcp_out.o(.text)
    tcp_keepalive                            0x0800a027   Thumb Code   116  tcp_out.o(.text)
    tcp_zero_window_probe                    0x0800a09b   Thumb Code   216  tcp_out.o(.text)
    tcp_timer_needed                         0x0800a179   Thumb Code     2  timers.o(.text)
    udp_init                                 0x0800a17d   Thumb Code     2  udp.o(.text)
    udp_input                                0x0800a1cf   Thumb Code   634  udp.o(.text)
    udp_bind                                 0x0800a449   Thumb Code   170  udp.o(.text)
    udp_sendto_if                            0x0800a4f3   Thumb Code   512  udp.o(.text)
    udp_sendto                               0x0800a6f3   Thumb Code    70  udp.o(.text)
    udp_send                                 0x0800a739   Thumb Code    20  udp.o(.text)
    udp_connect                              0x0800a74d   Thumb Code    98  udp.o(.text)
    udp_disconnect                           0x0800a7af   Thumb Code    16  udp.o(.text)
    udp_recv                                 0x0800a7bf   Thumb Code     6  udp.o(.text)
    udp_remove                               0x0800a7c5   Thumb Code    60  udp.o(.text)
    udp_new                                  0x0800a801   Thumb Code    28  udp.o(.text)
    icmp_input                               0x0800a825   Thumb Code   642  icmp.o(.text)
    icmp_dest_unreach                        0x0800ab57   Thumb Code    18  icmp.o(.text)
    icmp_time_exceeded                       0x0800ab69   Thumb Code    18  icmp.o(.text)
    inet_chksum_pseudo                       0x0800ad4b   Thumb Code   172  inet_chksum.o(.text)
    inet_chksum_pseudo_partial               0x0800adf7   Thumb Code   218  inet_chksum.o(.text)
    inet_chksum                              0x0800aed1   Thumb Code    20  inet_chksum.o(.text)
    inet_chksum_pbuf                         0x0800aee5   Thumb Code    86  inet_chksum.o(.text)
    ip_route                                 0x0800af9d   Thumb Code    96  ip.o(.text)
    ip_input                                 0x0800affd   Thumb Code   606  ip.o(.text)
    ip_output_if                             0x0800b25b   Thumb Code   524  ip.o(.text)
    ip_output                                0x0800b467   Thumb Code   108  ip.o(.text)
    ip4_addr_isbroadcast                     0x0800b4d9   Thumb Code    78  ip_addr.o(.text)
    ip4_addr_netmask_valid                   0x0800b527   Thumb Code    52  ip_addr.o(.text)
    ipaddr_aton                              0x0800b55b   Thumb Code   364  ip_addr.o(.text)
    ipaddr_addr                              0x0800b6c7   Thumb Code    24  ip_addr.o(.text)
    ipaddr_ntoa_r                            0x0800b6df   Thumb Code   168  ip_addr.o(.text)
    ipaddr_ntoa                              0x0800b787   Thumb Code    16  ip_addr.o(.text)
    ip_reass_tmr                             0x0800b945   Thumb Code    56  ip_frag.o(.text)
    ip_reass                                 0x0800bd8f   Thumb Code   472  ip_frag.o(.text)
    ip_frag                                  0x0800bfed   Thumb Code   636  ip_frag.o(.text)
    etharp_tmr                               0x0800c2e1   Thumb Code   144  etharp.o(.text)
    etharp_cleanup_netif                     0x0800c7b9   Thumb Code    52  etharp.o(.text)
    etharp_find_addr                         0x0800c7ed   Thumb Code   108  etharp.o(.text)
    etharp_request                           0x0800cb23   Thumb Code    40  etharp.o(.text)
    etharp_query                             0x0800cc87   Thumb Code   496  etharp.o(.text)
    etharp_output                            0x0800ce77   Thumb Code   414  etharp.o(.text)
    ethernet_input                           0x0800d015   Thumb Code   400  etharp.o(.text)
    ethernetif_input                         0x0800d289   Thumb Code    50  ethernetif.o(.text)
    ethernetif_init                          0x0800d2bb   Thumb Code    62  ethernetif.o(.text)
    Get_imag_and_discor                      0x0800d30d   Thumb Code   314  imag_app.o(.text)
    FIFO_GPIO_Configuration                  0x0800d46d   Thumb Code   110  ov7725.o(.text)
    VSYNC_Init                               0x0800d557   Thumb Code    16  ov7725.o(.text)
    Ov7725_Init                              0x0800d567   Thumb Code   168  ov7725.o(.text)
    SCCB_GPIO_Configuration                  0x0800d671   Thumb Code    84  sccb.o(.text)
    SCCB_WriteByte                           0x0800d8a9   Thumb Code    64  sccb.o(.text)
    SCCB_ReadByte                            0x0800d8e9   Thumb Code   122  sccb.o(.text)
    USART1_Config                            0x0800d96d   Thumb Code   114  usart1.o(.text)
    fputc                                    0x0800d9df   Thumb Code    30  usart1.o(.text)
    USART1_printf                            0x0800da5f   Thumb Code   262  usart1.o(.text)
    __aeabi_memcpy                           0x0800db6d   Thumb Code    36  memcpya.o(.text)
    __aeabi_memcpy4                          0x0800db6d   Thumb Code     0  memcpya.o(.text)
    __aeabi_memcpy8                          0x0800db6d   Thumb Code     0  memcpya.o(.text)
    __aeabi_memset                           0x0800db91   Thumb Code    14  memseta.o(.text)
    __aeabi_memset4                          0x0800db91   Thumb Code     0  memseta.o(.text)
    __aeabi_memset8                          0x0800db91   Thumb Code     0  memseta.o(.text)
    __aeabi_memclr                           0x0800db9f   Thumb Code     4  memseta.o(.text)
    __aeabi_memclr4                          0x0800db9f   Thumb Code     0  memseta.o(.text)
    __aeabi_memclr8                          0x0800db9f   Thumb Code     0  memseta.o(.text)
    _memset$wrapper                          0x0800dba3   Thumb Code    20  memseta.o(.text)
    strlen                                   0x0800dbb7   Thumb Code    16  strlen.o(.text)
    memcmp                                   0x0800dbc7   Thumb Code    26  memcmp.o(.text)
    __aeabi_uldivmod                         0x0800dbe1   Thumb Code   102  uldiv.o(.text)
    __scatterload                            0x0800dc49   Thumb Code    28  init.o(.text)
    __scatterload_rt2                        0x0800dc49   Thumb Code     0  init.o(.text)
    __aeabi_llsl                             0x0800dc6d   Thumb Code    30  llshl.o(.text)
    _ll_shift_l                              0x0800dc6d   Thumb Code     0  llshl.o(.text)
    __aeabi_llsr                             0x0800dc8b   Thumb Code    32  llushr.o(.text)
    _ll_ushift_r                             0x0800dc8b   Thumb Code     0  llushr.o(.text)
    __decompress                             0x0800dcab   Thumb Code     0  __dczerorl.o(.text)
    __decompress0                            0x0800dcab   Thumb Code    58  __dczerorl.o(.text)
    __0printf$5                              0x0800dce5   Thumb Code    22  printf5.o(i.__0printf$5)
    __1printf$5                              0x0800dce5   Thumb Code     0  printf5.o(i.__0printf$5)
    __2printf                                0x0800dce5   Thumb Code     0  printf5.o(i.__0printf$5)
    __scatterload_copy                       0x0800dd05   Thumb Code    14  handlers.o(i.__scatterload_copy)
    __scatterload_null                       0x0800dd13   Thumb Code     2  handlers.o(i.__scatterload_null)
    __scatterload_zeroinit                   0x0800dd15   Thumb Code    14  handlers.o(i.__scatterload_zeroinit)
    SystemFrequency                          0x0800dfe8   Data           4  system_stm32f10x.o(.constdata)
    SystemFrequency_SysClk                   0x0800dfec   Data           4  system_stm32f10x.o(.constdata)
    SystemFrequency_AHBClk                   0x0800dff0   Data           4  system_stm32f10x.o(.constdata)
    SystemFrequency_APB1Clk                  0x0800dff4   Data           4  system_stm32f10x.o(.constdata)
    SystemFrequency_APB2Clk                  0x0800dff8   Data           4  system_stm32f10x.o(.constdata)
    OSUnMapTbl                               0x0800e024   Data         256  os_core.o(.constdata)
    tcp_state_str                            0x0800e16c   Data          44  tcp.o(.constdata)
    tcp_backoff                              0x0800e198   Data          13  tcp.o(.constdata)
    tcp_persist_backoff                      0x0800e1a5   Data           7  tcp.o(.constdata)
    tcp_pcb_lists                            0x0800e1ac   Data          16  tcp.o(.constdata)
    ip_addr_any                              0x0800e214   Data           4  ip_addr.o(.constdata)
    ip_addr_broadcast                        0x0800e218   Data           4  ip_addr.o(.constdata)
    ethbroadcast                             0x0800e21c   Data           6  etharp.o(.constdata)
    ethzero                                  0x0800e222   Data           6  etharp.o(.constdata)
    Region$$Table$$Base                      0x0800e328   Number         0  anon$$obj.o(Region$$Table)
    Region$$Table$$Limit                     0x0800e348   Number         0  anon$$obj.o(Region$$Table)
    UdpPcb                                   0x20000014   Data           4  udp_config_app.o(.data)
    p                                        0x20000018   Data           4  udp_config_app.o(.data)
    OSCtxSwCtr                               0x2000001c   Data           4  os_core.o(.data)
    OSEventFreeList                          0x20000020   Data           4  os_core.o(.data)
    OSFlagFreeList                           0x20000024   Data           4  os_core.o(.data)
    OSCPUUsage                               0x20000028   Data           1  os_core.o(.data)
    OSIdleCtrMax                             0x2000002c   Data           4  os_core.o(.data)
    OSIdleCtrRun                             0x20000030   Data           4  os_core.o(.data)
    OSStatRdy                                0x20000034   Data           1  os_core.o(.data)
    OSIntNesting                             0x20000035   Data           1  os_core.o(.data)
    OSLockNesting                            0x20000036   Data           1  os_core.o(.data)
    OSPrioCur                                0x20000037   Data           1  os_core.o(.data)
    OSPrioHighRdy                            0x20000038   Data           1  os_core.o(.data)
    OSRdyGrp                                 0x20000039   Data           1  os_core.o(.data)
    OSRdyTbl                                 0x2000003a   Data           8  os_core.o(.data)
    OSRunning                                0x20000042   Data           1  os_core.o(.data)
    OSTaskCtr                                0x20000043   Data           1  os_core.o(.data)
    OSIdleCtr                                0x20000044   Data           4  os_core.o(.data)
    OSTCBCur                                 0x20000048   Data           4  os_core.o(.data)
    OSTCBFreeList                            0x2000004c   Data           4  os_core.o(.data)
    OSTCBHighRdy                             0x20000050   Data           4  os_core.o(.data)
    OSTCBList                                0x20000054   Data           4  os_core.o(.data)
    OSTickStepState                          0x20000058   Data           1  os_core.o(.data)
    OSMemFreeList                            0x2000005c   Data           4  os_core.o(.data)
    OSQFreeList                              0x20000060   Data           4  os_core.o(.data)
    OSTime                                   0x20000064   Data           4  os_core.o(.data)
    netif_list                               0x20000078   Data           4  netif.o(.data)
    netif_default                            0x2000007c   Data           4  netif.o(.data)
    tcp_ticks                                0x20000090   Data           4  tcp.o(.data)
    tcp_bound_pcbs                           0x20000094   Data           4  tcp.o(.data)
    tcp_listen_pcbs                          0x20000098   Data           4  tcp.o(.data)
    tcp_active_pcbs                          0x2000009c   Data           4  tcp.o(.data)
    tcp_tw_pcbs                              0x200000a0   Data           4  tcp.o(.data)
    tcp_tmp_pcb                              0x200000a4   Data           4  tcp.o(.data)
    tcp_active_pcbs_changed                  0x200000a8   Data           1  tcp.o(.data)
    tcp_input_pcb                            0x200000c8   Data           4  tcp_in.o(.data)
    udp_pcbs                                 0x200000d0   Data           4  udp.o(.data)
    current_netif                            0x200000d4   Data           4  ip.o(.data)
    current_header                           0x200000d8   Data           4  ip.o(.data)
    current_iphdr_src                        0x200000dc   Data           4  ip.o(.data)
    current_iphdr_dest                       0x200000e0   Data           4  ip.o(.data)
    macaddress                               0x200000ef   Data           6  ethernetif.o(.data)
    Frame_Count                              0x200000f5   Data           1  ov7725.o(.data)
    Ov7725_vsync                             0x200000f6   Data           1  ov7725.o(.data)
    Sensor_Config                            0x200000f7   Data         154  sensorconfig.o(.data)
    OV7725_REG_NUM                           0x20000191   Data           1  sensorconfig.o(.data)
    __stdout                                 0x20000194   Data           4  stdout.o(.data)
    task_led2_stk                            0x200002d8   Data         320  app.o(.bss)
    task_led3_stk                            0x20000418   Data         480  app.o(.bss)
    enc28j60                                 0x200005f8   Data          48  udp_config_app.o(.bss)
    OSEventTbl                               0x20000628   Data         200  os_core.o(.bss)
    OSFlagTbl                                0x200006f0   Data          80  os_core.o(.bss)
    OSTaskStatStk                            0x20000740   Data         512  os_core.o(.bss)
    OSTaskIdleStk                            0x20000940   Data         512  os_core.o(.bss)
    OSTCBPrioTbl                             0x20000b40   Data         256  os_core.o(.bss)
    OSTCBTbl                                 0x20000c40   Data        1848  os_core.o(.bss)
    OSMemTbl                                 0x20001378   Data         120  os_core.o(.bss)
    OSQTbl                                   0x200013f0   Data          96  os_core.o(.bss)
    ram_heap                                 0x20001450   Data        2068  mem.o(.bss)
    lwip_stats                               0x200079c4   Data         328  stats.o(.bss)
    Data_Buf                                 0x20007bf8   Data        6081  ethernetif.o(.bss)
    Tx_Data_Buf                              0x200093b9   Data        1500  ethernetif.o(.bss)
    OVdata                                   0x20009996   Data         328  imag_app.o(.bss)
    OVdata2                                  0x20009ade   Data         328  imag_app.o(.bss)
    __initial_sp                             0x2000ac28   Data           0  startup_stm32f10x_hd.o(STACK)



==============================================================================

Memory Map of the image

  Image Entry point : 0x08000131

  Load Region LR_IROM1 (Base: 0x08000000, Size: 0x0000e4e0, Max: 0x00080000, ABSOLUTE, COMPRESSED[0x0000e40c])

    Execution Region ER_IROM1 (Base: 0x08000000, Size: 0x0000e348, Max: 0x00080000, ABSOLUTE)

    Base Addr    Size         Type   Attr      Idx    E Section Name        Object

    0x08000000   0x00000130   Data   RO            3    RESET               startup_stm32f10x_hd.o
    0x08000130   0x00000000   Code   RO         1493  * .ARM.Collect$$$$00000000  mc_w.l(entry.o)(mc_w.l)
    0x08000130   0x00000004   Code   RO         1775    .ARM.Collect$$$$00000001  mc_w.l(entry2.o)(mc_w.l)
    0x08000134   0x00000004   Code   RO         1778    .ARM.Collect$$$$00000004  mc_w.l(entry5.o)(mc_w.l)
    0x08000138   0x00000008   Code   RO         1779    .ARM.Collect$$$$00000007  mc_w.l(entry7.o)(mc_w.l)
    0x08000140   0x00000004   Code   RO         1776    .ARM.Collect$$$$00002712  mc_w.l(entry2.o)(mc_w.l)
    0x08000144   0x00000030   Code   RO            4    .text               startup_stm32f10x_hd.o
    0x08000174   0x000000f8   Code   RO           10    .text               misc.o
    0x0800026c   0x00000160   Code   RO          159    .text               stm32f10x_exti.o
    0x080003cc   0x0000032c   Code   RO          204    .text               stm32f10x_gpio.o
    0x080006f8   0x000003a0   Code   RO          261    .text               stm32f10x_rcc.o
    0x08000a98   0x00000304   Code   RO          305    .text               stm32f10x_spi.o
    0x08000d9c   0x00000378   Code   RO          332    .text               stm32f10x_usart.o
    0x08001114   0x00000124   Code   RO          369    .text               system_stm32f10x.o
    0x08001238   0x00000028   Code   RO          387    .text               main.o
    0x08001260   0x000000b4   Code   RO          426    .text               stm32f10x_it.o
    0x08001314   0x0000006c   Code   RO          452    .text               bsp.o
    0x08001380   0x00000034   Code   RO          470    .text               led.o
    0x080013b4   0x0000013c   Code   RO          482    .text               app.o
    0x080014f0   0x00000110   Code   RO          573    .text               udp_config_app.o
    0x08001600   0x000008c8   Code   RO          621    .text               os_core.o
    0x08001ec8   0x00000858   Code   RO          641    .text               os_flag.o
    0x08002720   0x000001e4   Code   RO          665    .text               os_mem.o
    0x08002904   0x000005e8   Code   RO          689    .text               os_q.o
    0x08002eec   0x000007e8   Code   RO          713    .text               os_task.o
    0x080036d4   0x000001c0   Code   RO          725    .text               os_time.o
    0x08003894   0x000000ae   Code   RO          743    .text               os_cpu_c.o
    0x08003942   0x00000002   PAD
    0x08003944   0x000000a4   Code   RO          771    .text               os_cpu_a.o
    0x080039e8   0x00000440   Code   RO          774    .text               enc28j60.o
    0x08003e28   0x000000cc   Code   RO          794    .text               spi.o
    0x08003ef4   0x0000003e   Code   RO          872    .text               def.o
    0x08003f32   0x0000001c   Code   RO          896    .text               init.o
    0x08003f4e   0x00000002   PAD
    0x08003f50   0x0000078c   Code   RO          966    .text               mem.o
    0x080046dc   0x00000234   Code   RO          982    .text               memp.o
    0x08004910   0x00000328   Code   RO         1014    .text               netif.o
    0x08004c38   0x00001074   Code   RO         1039    .text               pbuf.o
    0x08005cac   0x00000240   Code   RO         1054    .text               raw.o
    0x08005eec   0x00000040   Code   RO         1068    .text               stats.o
    0x08005f2c   0x000014bc   Code   RO         1097    .text               tcp.o
    0x080073e8   0x00001934   Code   RO         1121    .text               tcp_in.o
    0x08008d1c   0x0000145c   Code   RO         1147    .text               tcp_out.o
    0x0800a178   0x00000002   Code   RO         1160    .text               timers.o
    0x0800a17a   0x00000002   PAD
    0x0800a17c   0x000006a8   Code   RO         1172    .text               udp.o
    0x0800a824   0x000004c8   Code   RO         1199    .text               icmp.o
    0x0800acec   0x000002b0   Code   RO         1230    .text               inet_chksum.o
    0x0800af9c   0x0000053c   Code   RO         1245    .text               ip.o
    0x0800b4d8   0x00000320   Code   RO         1266    .text               ip_addr.o
    0x0800b7f8   0x00000a78   Code   RO         1289    .text               ip_frag.o
    0x0800c270   0x00000f38   Code   RO         1339    .text               etharp.o
    0x0800d1a8   0x00000164   Code   RO         1359    .text               ethernetif.o
    0x0800d30c   0x00000160   Code   RO         1408    .text               imag_app.o
    0x0800d46c   0x00000204   Code   RO         1428    .text               ov7725.o
    0x0800d670   0x000002fc   Code   RO         1453    .text               sccb.o
    0x0800d96c   0x00000200   Code   RO         1474    .text               usart1.o
    0x0800db6c   0x00000024   Code   RO         1496    .text               mc_w.l(memcpya.o)(mc_w.l)
    0x0800db90   0x00000026   Code   RO         1498    .text               mc_w.l(memseta.o)(mc_w.l)
    0x0800dbb6   0x00000010   Code   RO         1504    .text               mc_w.l(strlen.o)(mc_w.l)
    0x0800dbc6   0x0000001a   Code   RO         1508    .text               mc_w.l(memcmp.o)(mc_w.l)
    0x0800dbe0   0x00000066   Code   RO         1783    .text               mc_w.l(uldiv.o)(mc_w.l)
    0x0800dc46   0x00000002   PAD
    0x0800dc48   0x00000024   Code   RO         1796    .text               mc_w.l(init.o)(mc_w.l)
    0x0800dc6c   0x0000001e   Code   RO         1798    .text               mc_w.l(llshl.o)(mc_w.l)
    0x0800dc8a   0x00000020   Code   RO         1800    .text               mc_w.l(llushr.o)(mc_w.l)
    0x0800dcaa   0x0000003a   Code   RO         1814    .text               mc_w.l(__dczerorl.o)(mc_w.l)
    0x0800dce4   0x00000020   Code   RO         1647    i.__0printf$5       mc_w.l(printf5.o)(mc_w.l)
    0x0800dd04   0x0000000e   Code   RO         1808    i.__scatterload_copy  mc_w.l(handlers.o)(mc_w.l)
    0x0800dd12   0x00000002   Code   RO         1809    i.__scatterload_null  mc_w.l(handlers.o)(mc_w.l)
    0x0800dd14   0x0000000e   Code   RO         1810    i.__scatterload_zeroinit  mc_w.l(handlers.o)(mc_w.l)
    0x0800dd22   0x00000002   PAD
    0x0800dd24   0x000002c4   Code   RO         1654    i._printf_core      mc_w.l(printf5.o)(mc_w.l)
    0x0800dfe8   0x00000014   Data   RO          370    .constdata          system_stm32f10x.o
    0x0800dffc   0x00000028   Data   RO          575    .constdata          udp_config_app.o
    0x0800e024   0x00000100   Data   RO          623    .constdata          os_core.o
    0x0800e124   0x00000024   Data   RO          984    .constdata          memp.o
    0x0800e148   0x00000024   Data   RO         1070    .constdata          stats.o
    0x0800e16c   0x00000050   Data   RO         1098    .constdata          tcp.o
    0x0800e1bc   0x00000055   Data   RO         1148    .constdata          tcp_out.o
    0x0800e211   0x00000003   PAD
    0x0800e214   0x00000008   Data   RO         1268    .constdata          ip_addr.o
    0x0800e21c   0x00000050   Data   RO         1341    .constdata          etharp.o
    0x0800e26c   0x0000005a   Data   RO         1071    .conststring        stats.o
    0x0800e2c6   0x00000061   Data   RO         1099    .conststring        tcp.o
    0x0800e327   0x00000001   PAD
    0x0800e328   0x00000020   Data   RO         1806    Region$$Table       anon$$obj.o


    Execution Region RW_IRAM1 (Base: 0x20000000, Size: 0x0000ac28, Max: 0x00010000, ABSOLUTE, COMPRESSED[0x000000c4])

    Base Addr    Size         Type   Attr      Idx    E Section Name        Object

    0x20000000   0x00000014   Data   RW          262    .data               stm32f10x_rcc.o
    0x20000014   0x00000008   Data   RW          576    .data               udp_config_app.o
    0x2000001c   0x0000004c   Data   RW          624    .data               os_core.o
    0x20000068   0x00000004   Data   RW          775    .data               enc28j60.o
    0x2000006c   0x0000000c   Data   RW          968    .data               mem.o
    0x20000078   0x00000009   Data   RW         1015    .data               netif.o
    0x20000081   0x00000003   PAD
    0x20000084   0x00000004   Data   RW         1055    .data               raw.o
    0x20000088   0x00000023   Data   RW         1100    .data               tcp.o
    0x200000ab   0x00000001   PAD
    0x200000ac   0x00000020   Data   RW         1123    .data               tcp_in.o
    0x200000cc   0x00000008   Data   RW         1173    .data               udp.o
    0x200000d4   0x00000012   Data   RW         1246    .data               ip.o
    0x200000e6   0x00000002   PAD
    0x200000e8   0x00000006   Data   RW         1290    .data               ip_frag.o
    0x200000ee   0x00000001   Data   RW         1342    .data               etharp.o
    0x200000ef   0x00000006   Data   RW         1361    .data               ethernetif.o
    0x200000f5   0x00000002   Data   RW         1429    .data               ov7725.o
    0x200000f7   0x0000009b   Data   RW         1465    .data               sensorconfig.o
    0x20000192   0x00000002   PAD
    0x20000194   0x00000004   Data   RW         1780    .data               mc_w.l(stdout.o)(mc_w.l)
    0x20000198   0x00000140   Zero   RW          388    .bss                main.o
    0x200002d8   0x00000320   Zero   RW          483    .bss                app.o
    0x200005f8   0x00000030   Zero   RW          574    .bss                udp_config_app.o
    0x20000628   0x00000e28   Zero   RW          622    .bss                os_core.o
    0x20001450   0x00000814   Zero   RW          967    .bss                mem.o
    0x20001c64   0x00005d5f   Zero   RW          983    .bss                memp.o
    0x200079c3   0x00000001   PAD
    0x200079c4   0x00000148   Zero   RW         1069    .bss                stats.o
    0x20007b0c   0x00000014   Zero   RW         1122    .bss                tcp_in.o
    0x20007b20   0x00000010   Zero   RW         1267    .bss                ip_addr.o
    0x20007b30   0x000000c8   Zero   RW         1340    .bss                etharp.o
    0x20007bf8   0x00001d9d   Zero   RW         1360    .bss                ethernetif.o
    0x20009995   0x00000001   PAD
    0x20009996   0x00000290   Zero   RW         1409    .bss                imag_app.o
    0x20009c26   0x00000002   PAD
    0x20009c28   0x00001000   Zero   RW            1    STACK               startup_stm32f10x_hd.o


==============================================================================

Image component sizes


      Code (inc. data)   RO Data    RW Data    ZI Data      Debug   Object Name

       316         32          0          0        800          0   app.o
       108         12          0          0          0          0   bsp.o
        62          0          0          0          0          0   def.o
      1088         22          0          4          0          0   enc28j60.o
      3896        606         80          1        200          0   etharp.o
       356         20          0          6       7581          0   ethernetif.o
         0          0          0          0          0          0   httpd.o
      1224        370          0          0          0          0   icmp.o
       352         38          0          0        656          0   imag_app.o
         0          0          0          0          0          0   inet.o
       688         98          0          0          0          0   inet_chksum.o
        28          0          0          0          0          0   init.o
      1340        176          0         18          0          0   ip.o
       800        104          8          0         16          0   ip_addr.o
      2680        490          0          6          0          0   ip_frag.o
        52          6          0          0          0          0   led.o
        40         10          0          0        320          0   main.o
      1932        530          0         12       2068          0   mem.o
       564        194         36          0      23903          0   memp.o
       248         30          0          0          0          0   misc.o
       808        116          0          9          0          0   netif.o
      2248        212        256         76       3624          0   os_core.o
       164         32          0          0          0          0   os_cpu_a.o
       174          0          0          0          0          0   os_cpu_c.o
      2136         42          0          0          0          0   os_flag.o
       484         16          0          0          0          0   os_mem.o
      1512         28          0          0          0          0   os_q.o
      2024         70          0          0          0          0   os_task.o
       448         30          0          0          0          0   os_time.o
       516         98          0          2          0          0   ov7725.o
      4212       1228          0          0          0          0   pbuf.o
       576        126          0          4          0          0   raw.o
       764         10          0          0          0          0   sccb.o
         0          0          0        155          0          0   sensorconfig.o
       204          8          0          0          0          0   spi.o
        48         12        304          0       4096          0   startup_stm32f10x_hd.o
        64         12        126          0        328          0   stats.o
       352         34          0          0          0          0   stm32f10x_exti.o
       812         18          0          0          0          0   stm32f10x_gpio.o
       180         24          0          0          0          0   stm32f10x_it.o
       928         52          0         20          0          0   stm32f10x_rcc.o
       772          4          0          0          0          0   stm32f10x_spi.o
       888         14          0          0          0          0   stm32f10x_usart.o
       292         18         20          0          0          0   system_stm32f10x.o
      5308       1096        177         35          0          0   tcp.o
      6452        970          0         32         20          0   tcp_in.o
      5212        962         85          0          0          0   tcp_out.o
         2          0          0          0          0          0   timers.o
      1704        200          0          8          0          0   udp.o
       272         56         40          8         48          0   udp_config_app.o
       512          8          0          0          0          0   usart1.o

    ----------------------------------------------------------------------
     55848       8234       1168        404      43664          0   Object Totals
         0          0         32          0          0          0   (incl. Generated)
         6          0          4          8          4          2   (incl. Padding)

    ----------------------------------------------------------------------

      Code (inc. data)   RO Data    RW Data    ZI Data      Debug   Library Member Name

        58          0          0          0          0          0   __dczerorl.o
         0          0          0          0          0          0   entry.o
         8          4          0          0          0          0   entry2.o
         4          0          0          0          0          0   entry5.o
         8          4          0          0          0          0   entry7.o
        30          0          0          0          0          0   handlers.o
        36          8          0          0          0          0   init.o
        30          0          0          0          0          0   llshl.o
        32          0          0          0          0          0   llushr.o
        26          0          0          0          0          0   memcmp.o
        36          0          0          0          0          0   memcpya.o
        38          0          0          0          0          0   memseta.o
       740         54          0          0          0          0   printf5.o
         0          0          0          4          0          0   stdout.o
        16          0          0          0          0          0   strlen.o
       102          0          0          0          0          0   uldiv.o

    ----------------------------------------------------------------------
      1168         70          0          4          0          0   Library Totals
         4          0          0          0          0          0   (incl. Padding)

    ----------------------------------------------------------------------

      Code (inc. data)   RO Data    RW Data    ZI Data      Debug   Library Name

      1164         70          0          4          0        804   mc_w.l

    ----------------------------------------------------------------------
      1168         70          0          4          0          0   Library Totals

    ----------------------------------------------------------------------

==============================================================================


      Code (inc. data)   RO Data    RW Data    ZI Data      Debug   

     57016       8304       1168        408      43664     508592   Grand Totals
     57016       8304       1168        196      43664     508592   ELF Image Totals (compressed)
     57016       8304       1168        196          0          0   ROM Totals

==============================================================================

    Total RO  Size (Code + RO Data)                58184 (  56.82kB)
    Total RW  Size (RW Data + ZI Data)             44072 (  43.04kB)
    Total ROM Size (Code + RO Data + RW Data)      58380 (  57.01kB)

==============================================================================

