<html>
<body>
<pre>
<h1>µVision Build Log</h1>
<h2>Project:</h2>
G:\experiment\my car\STM32\LWIP\user\lwip.uvproj
Project File Date:  10/07/2014

<h2>Output:</h2>
Build target 'Target 1'
compiling udp_config_APP.c...
..\enc28j60\ENC28J60.H(267): warning:  #1295-D: Deprecated declaration enc28j60_soft_RST - give arg types
..\enc28j60\ENC28J60.H:   void enc28j60_soft_RST();//Èí¼þ¸´Î»
..\enc28j60\ENC28J60.H:        ^
..\enc28j60\ENC28J60.H: ..\APP\udp_config_APP.c: 1 warning, 0 errors
linking...
Program Size: Code=57016 RO-data=1168 RW-data=408 ZI-data=43664  
"..\Output\lwip.axf" - 0 Error(s), 1 Warning(s).
Load "..\\Output\\lwip.AXF" 
Build target 'Target 1'
linking...
Program Size: Code=57016 RO-data=1168 RW-data=408 ZI-data=43664  
"..\Output\lwip.axf" - 0 Error(s), 0 Warning(s).
Build target 'Target 1'
linking...
Program Size: Code=57016 RO-data=1168 RW-data=408 ZI-data=43664  
"..\Output\lwip.axf" - 0 Error(s), 0 Warning(s).
Build target 'Target 1'
linking...
Program Size: Code=57016 RO-data=1168 RW-data=408 ZI-data=43664  
"..\Output\lwip.axf" - 0 Error(s), 0 Warning(s).
Load "..\\Output\\lwip.AXF" 
Set JLink Project File to "G:\experiment\my car\STM32\LWIP\user\JLinkSettings.ini"
 
JLink info:
------------
DLL: V4.58a, compiled Dec  5 2012 18:38:08
Firmware: J-Link ARM V8 compiled Nov 14 2012 22:34:52
Hardware: V8.00
S/N : 17892859 
Feature(s) : RDI,FlashDL,FlashBP,JFlash 
 
* JLink Info: TotalIRLen = 9, IRPrint = 0x0011
* JLink Info: Found Cortex-M3 r1p1, Little endian.
* JLink Info: TPIU fitted.
* JLink Info: ETM fitted.
* JLink Info: FPUnit: 6 code (BP) slots and 2 literal slots
* JLink Info: Found Cortex-M3 r1p1, Little endian.
* JLink Info: TPIU fitted.
* JLink Info: ETM fitted.
* JLink Info: FPUnit: 6 code (BP) slots and 2 literal slots
ROMTableAddr = 0xE00FF003
 
Target info:
------------
Device: STM32F103VE
* JLink Info: Device "STM32F103VE" selected (512 KB flash, 64 KB RAM).
VTarget = 3.300V
State of Pins: 
TCK: 1, TDI: 0, TDO: 0, TMS: 0, TRES: 1, TRST: 1
Hardware-Breakpoints: 6
Software-Breakpoints: 8192
Watchpoints:          4
JTAG speed: 2000 kHz
 
Full Chip Erase Done.
Programming Done.
Verify OK.
* JLink Info: Found Cortex-M3 r1p1, Little endian.
* JLink Info: TPIU fitted.
* JLink Info: ETM fitted.
* JLink Info: FPUnit: 6 code (BP) slots and 2 literal slots
Application running ...
